Component: Arm Compiler for Embedded 6.21 Tool: armlink [5ec1fa00]

==============================================================================

Section Cross References

    main.o(.text.main) refers to ti_msp_dl_config.o(.text.SYSCFG_DL_init) for SYSCFG_DL_init
    main.o(.text.main) refers to uart.o(.text.UART_NVIC_Init) for UART_NVIC_Init
    main.o(.text.main) refers to exti.o(.text.EXTI_Init) for EXTI_Init
    main.o(.text.main) refers to dev_car.o(.text.DEV_CAR_Init) for DEV_CAR_Init
    main.o(.text.main) refers to oled.o(.text.OLED_Init) for OLED_Init
    main.o(.text.main) refers to delay.o(.text.delay_ms) for delay_ms
    main.o(.text.main) refers to oled.o(.text.OLED_CLS) for OLED_CLS
    main.o(.text.main) refers to my_task.o(.text.init_task) for init_task
    main.o(.text.main) refers to ui_.o(.text.test1) for test1
    main.o(.text.main) refers to ui_.o(.text.UI_updata) for UI_updata
    main.o(.text.main) refers to oled_buffer.o(.text.UpdateScreenDisplay) for UpdateScreenDisplay
    main.o(.text.main) refers to led.o(.text.LED_OFF) for LED_OFF
    main.o(.text.main) refers to buffer.o(.text.BUFF_pop_by_Protocol) for BUFF_pop_by_Protocol
    main.o(.text.main) refers to dflti.o(.text) for __aeabi_i2d
    main.o(.text.main) refers to dmul.o(.text) for __aeabi_dmul
    main.o(.text.main) refers to exti.o(.text.bsp_GetKey) for bsp_GetKey
    main.o(.text.main) refers to ui_.o(.text.UI_enter) for UI_enter
    main.o(.text.main) refers to ui_.o(.text.UI_back) for UI_back
    main.o(.text.main) refers to ui_.o(.text.UI_next) for UI_next
    main.o(.text.main) refers to ui_.o(.text.UI_prev) for UI_prev
    main.o(.text.main) refers to uart.o(.bss.U2_buffer) for U2_buffer
    main.o(.text.main) refers to main.o(.bss.Angle) for Angle
    main.o(.text.main) refers to led.o(.bss.led_state) for led_state
    main.o(.ARM.exidx.text.main) refers to main.o(.text.main) for [Anonymous Symbol]
    startup_mspm0g350x_uvision.o(STACK) refers (Special) to heapauxi.o(.text) for __use_two_region_memory
    startup_mspm0g350x_uvision.o(HEAP) refers (Special) to heapauxi.o(.text) for __use_two_region_memory
    startup_mspm0g350x_uvision.o(RESET) refers (Special) to heapauxi.o(.text) for __use_two_region_memory
    startup_mspm0g350x_uvision.o(RESET) refers to startup_mspm0g350x_uvision.o(STACK) for __initial_sp
    startup_mspm0g350x_uvision.o(RESET) refers to startup_mspm0g350x_uvision.o(.text) for Reset_Handler
    startup_mspm0g350x_uvision.o(RESET) refers to delay.o(.text.SysTick_Handler) for SysTick_Handler
    startup_mspm0g350x_uvision.o(RESET) refers to exti.o(.text.GROUP1_IRQHandler) for GROUP1_IRQHandler
    startup_mspm0g350x_uvision.o(RESET) refers to uart.o(.text.UART2_IRQHandler) for UART2_IRQHandler
    startup_mspm0g350x_uvision.o(RESET) refers to time.o(.text.TIMG0_IRQHandler) for TIMG0_IRQHandler
    startup_mspm0g350x_uvision.o(RESET) refers to dev_i2c.o(.text.I2C0_IRQHandler) for I2C0_IRQHandler
    startup_mspm0g350x_uvision.o(.text) refers (Special) to heapauxi.o(.text) for __use_two_region_memory
    startup_mspm0g350x_uvision.o(.text) refers to __main.o(!!!main) for __main
    startup_mspm0g350x_uvision.o(.text) refers to startup_mspm0g350x_uvision.o(HEAP) for Heap_Mem
    startup_mspm0g350x_uvision.o(.text) refers to startup_mspm0g350x_uvision.o(STACK) for Stack_Mem
    my_task.o(.text.follow_angle_FAST) refers to daddsub.o(.text) for __aeabi_dsub
    my_task.o(.text.follow_angle_FAST) refers to dcmp.o(i._dleq) for __aeabi_dcmple
    my_task.o(.text.follow_angle_FAST) refers to dcmp.o(i._dgeq) for __aeabi_dcmpge
    my_task.o(.text.follow_angle_FAST) refers to dmul.o(.text) for __aeabi_dmul
    my_task.o(.text.follow_angle_FAST) refers to dfixi.o(.text) for __aeabi_d2iz
    my_task.o(.text.follow_angle_FAST) refers to dflti.o(.text) for __aeabi_i2d
    my_task.o(.text.follow_angle_FAST) refers to ddiv.o(.text) for __aeabi_ddiv
    my_task.o(.text.follow_angle_FAST) refers to dev_car.o(.text.DEV_CAR_Set_Speed) for DEV_CAR_Set_Speed
    my_task.o(.text.follow_angle_FAST) refers to my_task.o(.bss.Follow_Angle_Count) for Follow_Angle_Count
    my_task.o(.text.follow_angle_FAST) refers to my_task.o(.bss.Aim_Angle) for Aim_Angle
    my_task.o(.text.follow_angle_FAST) refers to main.o(.bss.Angle) for Angle
    my_task.o(.text.follow_angle_FAST) refers to my_task.o(.bss.CCR) for [Anonymous Symbol]
    my_task.o(.ARM.exidx.text.follow_angle_FAST) refers to my_task.o(.text.follow_angle_FAST) for [Anonymous Symbol]
    my_task.o(.text.init_task) refers to pid.o(.text.PID_Initialize) for PID_Initialize
    my_task.o(.text.init_task) refers to my_task.o(.bss.pid_follow_line_fast) for pid_follow_line_fast
    my_task.o(.text.init_task) refers to my_task.o(.bss.pid_follow_line) for pid_follow_line
    my_task.o(.text.init_task) refers to my_task.o(.bss.pid_follow_angle) for pid_follow_angle
    my_task.o(.text.init_task) refers to my_task.o(.bss.pid_turn_angle) for pid_turn_angle
[...]
    __arm_cp.9_21                            0x00004bf8   Number         4  my_task.o(.text.task5)
    __arm_cp.9_22                            0x00004bfc   Number         4  my_task.o(.text.task5)
    __arm_cp.9_23                            0x00004c00   Number         4  my_task.o(.text.task5)
    __arm_cp.9_24                            0x00004c04   Number         4  my_task.o(.text.task5)
    __arm_cp.9_25                            0x00004c08   Number         4  my_task.o(.text.task5)
    [Anonymous Symbol]                       0x00004c0c   Section        0  ui_.o(.text.task_five_init)
    __arm_cp.9_4                             0x00004c2c   Number         4  ui_.o(.text.task_five_init)
    __arm_cp.9_5                             0x00004c30   Number         4  ui_.o(.text.task_five_init)
    [Anonymous Symbol]                       0x00004c34   Section        0  ui_.o(.text.task_four_init)
    __arm_cp.8_4                             0x00004c54   Number         4  ui_.o(.text.task_four_init)
    __arm_cp.8_5                             0x00004c58   Number         4  ui_.o(.text.task_four_init)
    [Anonymous Symbol]                       0x00004c5c   Section        0  ui_.o(.text.task_one_init)
    __arm_cp.5_1                             0x00004c78   Number         4  ui_.o(.text.task_one_init)
    __arm_cp.5_3                             0x00004c7c   Number         4  ui_.o(.text.task_one_init)
    [Anonymous Symbol]                       0x00004c80   Section        0  ui_.o(.text.task_three_init)
    __arm_cp.7_1                             0x00004ca0   Number         4  ui_.o(.text.task_three_init)
    __arm_cp.7_2                             0x00004ca4   Number         4  ui_.o(.text.task_three_init)
    __arm_cp.7_3                             0x00004ca8   Number         4  ui_.o(.text.task_three_init)
    __arm_cp.7_4                             0x00004cac   Number         4  ui_.o(.text.task_three_init)
    __arm_cp.7_5                             0x00004cb0   Number         4  ui_.o(.text.task_three_init)
    [Anonymous Symbol]                       0x00004cb4   Section        0  ui_.o(.text.task_two_init)
    __arm_cp.6_0                             0x00004cd0   Number         4  ui_.o(.text.task_two_init)
    __arm_cp.6_1                             0x00004cd4   Number         4  ui_.o(.text.task_two_init)
    __arm_cp.6_2                             0x00004cd8   Number         4  ui_.o(.text.task_two_init)
    __arm_cp.6_3                             0x00004cdc   Number         4  ui_.o(.text.task_two_init)
    [Anonymous Symbol]                       0x00004ce0   Section        0  ui_.o(.text.test1)
    __arm_cp.13_0                            0x00004e04   Number         4  ui_.o(.text.test1)
    __arm_cp.13_2                            0x00004e10   Number         4  ui_.o(.text.test1)
    __arm_cp.13_4                            0x00004e24   Number         4  ui_.o(.text.test1)
    __arm_cp.13_6                            0x00004e34   Number         4  ui_.o(.text.test1)
    __arm_cp.13_9                            0x00004e4c   Number         4  ui_.o(.text.test1)
    __arm_cp.13_11                           0x00004e5c   Number         4  ui_.o(.text.test1)
    __arm_cp.13_13                           0x00004e6c   Number         4  ui_.o(.text.test1)
    __arm_cp.13_15                           0x00004e7c   Number         4  ui_.o(.text.test1)
    __arm_cp.13_18                           0x00004e94   Number         4  ui_.o(.text.test1)
    __arm_cp.13_20                           0x00004ea4   Number         4  ui_.o(.text.test1)
    __arm_cp.13_23                           0x00004ec0   Number         4  ui_.o(.text.test1)
    __arm_cp.13_25                           0x00004ed0   Number         4  ui_.o(.text.test1)
    __arm_cp.13_27                           0x00004ee0   Number         4  ui_.o(.text.test1)
    __arm_cp.13_28                           0x00004ee4   Number         4  ui_.o(.text.test1)
    [Anonymous Symbol]                       0x00004ee8   Section        0  my_task.o(.text.turn_angle)
    __arm_cp.4_0                             0x00005014   Number         4  my_task.o(.text.turn_angle)
    __arm_cp.4_2                             0x00005018   Number         4  my_task.o(.text.turn_angle)
    __arm_cp.4_3                             0x0000501c   Number         4  my_task.o(.text.turn_angle)
    __arm_cp.4_4                             0x00005020   Number         4  my_task.o(.text.turn_angle)
    __arm_cp.4_5                             0x00005024   Number         4  my_task.o(.text.turn_angle)
    __arm_cp.4_6                             0x00005028   Number         4  my_task.o(.text.turn_angle)
    __arm_cp.4_7                             0x0000502c   Number         4  my_task.o(.text.turn_angle)
    __arm_cp.4_8                             0x00005030   Number         4  my_task.o(.text.turn_angle)
    __arm_cp.4_9                             0x00005034   Number         4  my_task.o(.text.turn_angle)
    __arm_cp.4_10                            0x00005038   Number         4  my_task.o(.text.turn_angle)
    __arm_cp.4_11                            0x0000503c   Number         4  my_task.o(.text.turn_angle)
    __arm_cp.4_12                            0x00005040   Number         4  my_task.o(.text.turn_angle)
    __arm_cp.4_13                            0x00005044   Number         4  my_task.o(.text.turn_angle)
    __arm_cp.4_14                            0x00005048   Number         4  my_task.o(.text.turn_angle)
    [Anonymous Symbol]                       0x0000504c   Section        0  my_task.o(.text.turn_angle_tuning)
    __arm_cp.10_0                            0x000050c4   Number         4  my_task.o(.text.turn_angle_tuning)
    __arm_cp.10_1                            0x000050c8   Number         4  my_task.o(.text.turn_angle_tuning)
    __arm_cp.10_2                            0x000050cc   Number         4  my_task.o(.text.turn_angle_tuning)
    __arm_cp.10_3                            0x000050d0   Number         4  my_task.o(.text.turn_angle_tuning)
    __arm_cp.10_4                            0x000050d4   Number         4  my_task.o(.text.turn_angle_tuning)
    __arm_cp.10_5                            0x000050d8   Number         4  my_task.o(.text.turn_angle_tuning)
    i._dgeq                                  0x000050dc   Section        0  dcmp.o(i._dgeq)
    i._dgr                                   0x000050f2   Section        0  dcmp.o(i._dgr)
    i._dleq                                  0x00005108   Section        0  dcmp.o(i._dleq)
    i._dls                                   0x00005122   Section        0  dcmp.o(i._dls)
    i._fgr                                   0x00005138   Section        0  fcmp.o(i._fgr)
    i._fls                                   0x0000514e   Section        0  fcmp.o(i._fls)
    i._is_digit                              0x00005164   Section        0  __printf_wp.o(i._is_digit)
    x$fpl$dgeqf                              0x00005174   Section      100  dgef.o(x$fpl$dgeqf)
    x$fpl$dleqf                              0x000051d8   Section      100  dlef.o(x$fpl$dleqf)
    x$fpl$fadd                               0x0000523c   Section      140  faddsub.o(x$fpl$fadd)
    _fadd1                                   0x00005249   Thumb Code     0  faddsub.o(x$fpl$fadd)
    x$fpl$fgeqf                              0x000052c8   Section       84  fgef.o(x$fpl$fgeqf)
    x$fpl$fleqf                              0x0000531c   Section       84  flef.o(x$fpl$fleqf)
    x$fpl$fmul                               0x00005370   Section      176  fmul.o(x$fpl$fmul)
    x$fpl$fsub                               0x00005420   Section      208  faddsub.o(x$fpl$fsub)
    _fsub1                                   0x0000542d   Thumb Code     0  faddsub.o(x$fpl$fsub)
    maptable                                 0x000054f0   Data          17  __printf_flags_ss_wp.o(.constdata)
    .constdata                               0x000054f0   Section       17  __printf_flags_ss_wp.o(.constdata)
    x$fpl$usenofp                            0x000054f0   Section        0  usenofp.o(x$fpl$usenofp)
    ddiv_reciptbl                            0x00005501   Data         128  ddiv.o(.constdata)
    .constdata                               0x00005501   Section      128  ddiv.o(.constdata)
    gI2C0ClockConfig                         0x000057a9   Data           2  ti_msp_dl_config.o(.rodata.gI2C0ClockConfig)
    [Anonymous Symbol]                       0x000057a9   Section        0  ti_msp_dl_config.o(.rodata.gI2C0ClockConfig)
    gPWM_Motor_LeftClockConfig               0x000057ab   Data           3  ti_msp_dl_config.o(.rodata.gPWM_Motor_LeftClockConfig)
    [Anonymous Symbol]                       0x000057ab   Section        0  ti_msp_dl_config.o(.rodata.gPWM_Motor_LeftClockConfig)
    gPWM_Motor_LeftConfig                    0x000057b0   Data           8  ti_msp_dl_config.o(.rodata.gPWM_Motor_LeftConfig)
    [Anonymous Symbol]                       0x000057b0   Section        0  ti_msp_dl_config.o(.rodata.gPWM_Motor_LeftConfig)
    gPWM_Motor_RightClockConfig              0x000057b8   Data           3  ti_msp_dl_config.o(.rodata.gPWM_Motor_RightClockConfig)
    [Anonymous Symbol]                       0x000057b8   Section        0  ti_msp_dl_config.o(.rodata.gPWM_Motor_RightClockConfig)
    gPWM_Motor_RightConfig                   0x000057bc   Data           8  ti_msp_dl_config.o(.rodata.gPWM_Motor_RightConfig)
    [Anonymous Symbol]                       0x000057bc   Section        0  ti_msp_dl_config.o(.rodata.gPWM_Motor_RightConfig)
    gTIMER_0ClockConfig                      0x000057c4   Data           3  ti_msp_dl_config.o(.rodata.gTIMER_0ClockConfig)
    [Anonymous Symbol]                       0x000057c4   Section        0  ti_msp_dl_config.o(.rodata.gTIMER_0ClockConfig)
    gTIMER_0TimerConfig                      0x000057c8   Data          20  ti_msp_dl_config.o(.rodata.gTIMER_0TimerConfig)
    [Anonymous Symbol]                       0x000057c8   Section        0  ti_msp_dl_config.o(.rodata.gTIMER_0TimerConfig)
    gUART2ClockConfig                        0x000057dc   Data           2  ti_msp_dl_config.o(.rodata.gUART2ClockConfig)
    [Anonymous Symbol]                       0x000057dc   Section        0  ti_msp_dl_config.o(.rodata.gUART2ClockConfig)
    gUART2Config                             0x000057de   Data          10  ti_msp_dl_config.o(.rodata.gUART2Config)
    [Anonymous Symbol]                       0x000057de   Section        0  ti_msp_dl_config.o(.rodata.gUART2Config)
    [Anonymous Symbol]                       0x000057e8   Section        0  ui_.o(.rodata.str1.1)
    .bss                                     0x20200168   Section       96  libspace.o(.bss)
    CCR                                      0x20200200   Data          16  my_task.o(.bss.CCR)
    [Anonymous Symbol]                       0x20200200   Section        0  my_task.o(.bss.CCR)
    DEV_CAR_Set_Speed.CCR_.0                 0x20200210   Data           4  dev_car.o(.bss.DEV_CAR_Set_Speed.CCR_.0)
    [Anonymous Symbol]                       0x20200210   Section        0  dev_car.o(.bss.DEV_CAR_Set_Speed.CCR_.0)
    DEV_CAR_Set_Speed.CCR_.1                 0x20200214   Data           4  dev_car.o(.bss.DEV_CAR_Set_Speed.CCR_.1)
    [Anonymous Symbol]                       0x20200214   Section        0  dev_car.o(.bss.DEV_CAR_Set_Speed.CCR_.1)
    DEV_CAR_Set_Speed.CCR_.2                 0x20200218   Data           4  dev_car.o(.bss.DEV_CAR_Set_Speed.CCR_.2)
    [Anonymous Symbol]                       0x20200218   Section        0  dev_car.o(.bss.DEV_CAR_Set_Speed.CCR_.2)
    DEV_CAR_Set_Speed.CCR_.3                 0x2020021c   Data           4  dev_car.o(.bss.DEV_CAR_Set_Speed.CCR_.3)
    [Anonymous Symbol]                       0x2020021c   Section        0  dev_car.o(.bss.DEV_CAR_Set_Speed.CCR_.3)
    add_time.str                             0x20200660   Data          20  ui_.o(.bss.add_time.str)
    [Anonymous Symbol]                       0x20200660   Section        0  ui_.o(.bss.add_time.str)
    follow_line.MAX_CCR                      0x20200688   Data           8  my_task.o(.bss.follow_line.MAX_CCR)
    [Anonymous Symbol]                       0x20200688   Section        0  my_task.o(.bss.follow_line.MAX_CCR)
    minus_time.str                           0x202007ca   Data          20  ui_.o(.bss.minus_time.str)
    [Anonymous Symbol]                       0x202007ca   Section        0  ui_.o(.bss.minus_time.str)
    task2.count_time                         0x202008c5   Data           1  my_task.o(.bss.task2.count_time)
    [Anonymous Symbol]                       0x202008c5   Section        0  my_task.o(.bss.task2.count_time)
    task2.last_count_time                    0x202008c8   Data           4  my_task.o(.bss.task2.last_count_time)
    [Anonymous Symbol]                       0x202008c8   Section        0  my_task.o(.bss.task2.last_count_time)
    task3.count_time                         0x202008cd   Data           1  my_task.o(.bss.task3.count_time)
    [Anonymous Symbol]                       0x202008cd   Section        0  my_task.o(.bss.task3.count_time)
    task3.last_count_time                    0x202008ce   Data           1  my_task.o(.bss.task3.last_count_time)
    [Anonymous Symbol]                       0x202008ce   Section        0  my_task.o(.bss.task3.last_count_time)
    task3.turn_count                         0x202008cf   Data           1  my_task.o(.bss.task3.turn_count)
    [Anonymous Symbol]                       0x202008cf   Section        0  my_task.o(.bss.task3.turn_count)
    task4.count_time                         0x202008d1   Data           1  my_task.o(.bss.task4.count_time)
    [Anonymous Symbol]                       0x202008d1   Section        0  my_task.o(.bss.task4.count_time)
    task4.last_count_time                    0x202008d2   Data           1  my_task.o(.bss.task4.last_count_time)
    [Anonymous Symbol]                       0x202008d2   Section        0  my_task.o(.bss.task4.last_count_time)
    task4.turn_count                         0x202008d3   Data           1  my_task.o(.bss.task4.turn_count)
    [Anonymous Symbol]                       0x202008d3   Section        0  my_task.o(.bss.task4.turn_count)
    task5.count_time                         0x202008d5   Data           1  my_task.o(.bss.task5.count_time)
    [Anonymous Symbol]                       0x202008d5   Section        0  my_task.o(.bss.task5.count_time)
    task5.last_count_time                    0x202008d6   Data           1  my_task.o(.bss.task5.last_count_time)
    [Anonymous Symbol]                       0x202008d6   Section        0  my_task.o(.bss.task5.last_count_time)
    task5.turn_count                         0x202008d7   Data           1  my_task.o(.bss.task5.turn_count)
    [Anonymous Symbol]                       0x202008d7   Section        0  my_task.o(.bss.task5.turn_count)
    turn_angle.I_item                        0x202008e8   Data           4  my_task.o(.bss.turn_angle.I_item)
    [Anonymous Symbol]                       0x202008e8   Section        0  my_task.o(.bss.turn_angle.I_item)
    turn_angle_tuning.count                  0x202008ec   Data           4  my_task.o(.bss.turn_angle_tuning.count)
    [Anonymous Symbol]                       0x202008ec   Section        0  my_task.o(.bss.turn_angle_tuning.count)
    Heap_Mem                                 0x202008f0   Data        2048  startup_mspm0g350x_uvision.o(HEAP)
    HEAP                                     0x202008f0   Section     2048  startup_mspm0g350x_uvision.o(HEAP)
    Stack_Mem                                0x202010f0   Data        2048  startup_mspm0g350x_uvision.o(STACK)
    STACK                                    0x202010f0   Section     2048  startup_mspm0g350x_uvision.o(STACK)
    __initial_sp                             0x202018f0   Data           0  startup_mspm0g350x_uvision.o(STACK)

    Global Symbols

    Symbol Name                              Value     Ov Type        Size  Object(Section)

    BuildAttributes$$THM_ISAv3M$S$PE$A:L22$X:L11$S22$IEEE1$IW$~IW$USESV6$~STKCKD$USESV7$~SHL$OTIME$ROPI$IEEEJ$EBA8$UX$STANDARDLIB$REQ8$PRES8$EABIv2 0x00000000   Number         0  anon$$obj.o ABSOLUTE
    __Vectors                                0x00000000   Data           4  startup_mspm0g350x_uvision.o(RESET)
    _printf_flags                            0x00000000   Number         0  printf_stubs.o ABSOLUTE
    _printf_return_value                     0x00000000   Number         0  printf_stubs.o ABSOLUTE
    _printf_sizespec                         0x00000000   Number         0  printf_stubs.o ABSOLUTE
    _printf_widthprec                        0x00000000   Number         0  printf_stubs.o ABSOLUTE
    __ARM_exceptions_init                     - Undefined Weak Reference
    __alloca_initialize                       - Undefined Weak Reference
    __arm_preinit_                            - Undefined Weak Reference
    __arm_relocate_pie_                       - Undefined Weak Reference
    __cpp_initialize__aeabi_                  - Undefined Weak Reference
    __cxa_finalize                            - Undefined Weak Reference
    __sigvec_lookup                           - Undefined Weak Reference
    __user_heap_extent                        - Undefined Weak Reference
    _atexit_init                              - Undefined Weak Reference
    _call_atexit_fns                          - Undefined Weak Reference
    _clock_init                               - Undefined Weak Reference
    _fp_trap_init                             - Undefined Weak Reference
    _fp_trap_shutdown                         - Undefined Weak Reference
    _get_lc_collate                           - Undefined Weak Reference
    _get_lc_monetary                          - Undefined Weak Reference
    _get_lc_time                              - Undefined Weak Reference
    _getenv_init                              - Undefined Weak Reference
    _handle_redirection                       - Undefined Weak Reference
    _initio                                   - Undefined Weak Reference
    _mutex_acquire                            - Undefined Weak Reference
    _mutex_free                               - Undefined Weak Reference
    _mutex_release                            - Undefined Weak Reference
    _printf_mbtowc                            - Undefined Weak Reference
    _printf_wc                                - Undefined Weak Reference
    _rand_init                                - Undefined Weak Reference
    _signal_finish                            - Undefined Weak Reference
    _signal_init                              - Undefined Weak Reference
    _terminateio                              - Undefined Weak Reference
    __Vectors_End                            0x000000c0   Data           0  startup_mspm0g350x_uvision.o(RESET)
    __Vectors_Size                           0x000000c0   Number         0  startup_mspm0g350x_uvision.o ABSOLUTE
    __main                                   0x000000c1   Thumb Code     8  __main.o(!!!main)
    __scatterload                            0x000000c9   Thumb Code     0  __scatter.o(!!!scatter)
    __scatterload_rt2                        0x000000c9   Thumb Code    74  __scatter.o(!!!scatter)
    __scatterload_rt2_thumb_only             0x000000c9   Thumb Code     0  __scatter.o(!!!scatter)
    __scatterload_loop                       0x000000d3   Thumb Code     0  __scatter.o(!!!scatter)
    __scatterload_null                       0x00000121   Thumb Code     2  __scatter.o(!!handler_null)
    __scatterload_zeroinit                   0x00000129   Thumb Code    28  __scatter_zi.o(!!handler_zi)
    _printf_percent                          0x00000145   Thumb Code     0  _printf_percent.o(.ARM.Collect$$_printf_percent$$00000000)
    _printf_d                                0x00000147   Thumb Code     0  _printf_d.o(.ARM.Collect$$_printf_percent$$00000009)
    _printf_percent_end                      0x00000151   Thumb Code     0  _printf_percent_end.o(.ARM.Collect$$_printf_percent$$00000017)
    __rt_lib_init                            0x00000155   Thumb Code     0  libinit.o(.ARM.Collect$$libinit$$00000000)
    __rt_lib_init_fp_1                       0x00000157   Thumb Code     0  libinit2.o(.ARM.Collect$$libinit$$00000002)
    __rt_lib_init_heap_2                     0x00000157   Thumb Code     0  libinit2.o(.ARM.Collect$$libinit$$00000007)
    __rt_lib_init_preinit_1                  0x00000157   Thumb Code     0  libinit2.o(.ARM.Collect$$libinit$$00000006)
    __rt_lib_init_relocate_pie_1             0x00000157   Thumb Code     0  libinit2.o(.ARM.Collect$$libinit$$00000004)
    __rt_lib_init_alloca_1                   0x0000015f   Thumb Code     0  libinit2.o(.ARM.Collect$$libinit$$00000030)
    __rt_lib_init_argv_1                     0x0000015f   Thumb Code     0  libinit2.o(.ARM.Collect$$libinit$$0000002E)
    __rt_lib_init_atexit_1                   0x0000015f   Thumb Code     0  libinit2.o(.ARM.Collect$$libinit$$0000001D)
    __rt_lib_init_clock_1                    0x0000015f   Thumb Code     0  libinit2.o(.ARM.Collect$$libinit$$00000023)
    __rt_lib_init_cpp_1                      0x0000015f   Thumb Code     0  libinit2.o(.ARM.Collect$$libinit$$00000034)
    __rt_lib_init_exceptions_1               0x0000015f   Thumb Code     0  libinit2.o(.ARM.Collect$$libinit$$00000032)
    __rt_lib_init_fp_trap_1                  0x0000015f   Thumb Code     0  libinit2.o(.ARM.Collect$$libinit$$00000021)
    __rt_lib_init_getenv_1                   0x0000015f   Thumb Code     0  libinit2.o(.ARM.Collect$$libinit$$00000025)
    __rt_lib_init_heap_1                     0x0000015f   Thumb Code     0  libinit2.o(.ARM.Collect$$libinit$$0000000C)
    __rt_lib_init_lc_collate_1               0x0000015f   Thumb Code     0  libinit2.o(.ARM.Collect$$libinit$$00000013)
    __rt_lib_init_lc_ctype_1                 0x0000015f   Thumb Code     0  libinit2.o(.ARM.Collect$$libinit$$00000015)
    __rt_lib_init_lc_monetary_1              0x0000015f   Thumb Code     0  libinit2.o(.ARM.Collect$$libinit$$00000017)
    __rt_lib_init_lc_numeric_1               0x0000015f   Thumb Code     0  libinit2.o(.ARM.Collect$$libinit$$00000019)
    __rt_lib_init_lc_time_1                  0x0000015f   Thumb Code     0  libinit2.o(.ARM.Collect$$libinit$$0000001B)
    __rt_lib_init_rand_1                     0x0000015f   Thumb Code     0  libinit2.o(.ARM.Collect$$libinit$$00000010)
    __rt_lib_init_return                     0x0000015f   Thumb Code     0  libinit2.o(.ARM.Collect$$libinit$$00000035)
    __rt_lib_init_signal_1                   0x0000015f   Thumb Code     0  libinit2.o(.ARM.Collect$$libinit$$0000001F)
    __rt_lib_init_stdio_1                    0x0000015f   Thumb Code     0  libinit2.o(.ARM.Collect$$libinit$$00000027)
    __rt_lib_init_user_alloc_1               0x0000015f   Thumb Code     0  libinit2.o(.ARM.Collect$$libinit$$0000000E)
    __rt_lib_shutdown                        0x00000161   Thumb Code     0  libshutdown.o(.ARM.Collect$$libshutdown$$00000000)
    __rt_lib_shutdown_cpp_1                  0x00000163   Thumb Code     0  libshutdown2.o(.ARM.Collect$$libshutdown$$00000002)
    __rt_lib_shutdown_fp_trap_1              0x00000163   Thumb Code     0  libshutdown2.o(.ARM.Collect$$libshutdown$$00000007)
    __rt_lib_shutdown_heap_1                 0x00000163   Thumb Code     0  libshutdown2.o(.ARM.Collect$$libshutdown$$0000000F)
    __rt_lib_shutdown_return                 0x00000163   Thumb Code     0  libshutdown2.o(.ARM.Collect$$libshutdown$$00000010)
    __rt_lib_shutdown_signal_1               0x00000163   Thumb Code     0  libshutdown2.o(.ARM.Collect$$libshutdown$$0000000A)
    __rt_lib_shutdown_stdio_1                0x00000163   Thumb Code     0  libshutdown2.o(.ARM.Collect$$libshutdown$$00000004)
    __rt_lib_shutdown_user_alloc_1           0x00000163   Thumb Code     0  libshutdown2.o(.ARM.Collect$$libshutdown$$0000000C)
    __rt_entry                               0x00000165   Thumb Code     0  __rtentry.o(.ARM.Collect$$rtentry$$00000000)
    __rt_entry_presh_1                       0x00000165   Thumb Code     0  __rtentry2.o(.ARM.Collect$$rtentry$$00000002)
    __rt_entry_sh                            0x00000165   Thumb Code     0  __rtentry4.o(.ARM.Collect$$rtentry$$00000004)
    __rt_entry_li                            0x0000016b   Thumb Code     0  __rtentry2.o(.ARM.Collect$$rtentry$$0000000A)
    __rt_entry_postsh_1                      0x0000016b   Thumb Code     0  __rtentry2.o(.ARM.Collect$$rtentry$$00000009)
    __rt_entry_main                          0x0000016f   Thumb Code     0  __rtentry2.o(.ARM.Collect$$rtentry$$0000000D)
    __rt_entry_postli_1                      0x0000016f   Thumb Code     0  __rtentry2.o(.ARM.Collect$$rtentry$$0000000C)
    __rt_exit                                0x00000177   Thumb Code     0  rtexit.o(.ARM.Collect$$rtexit$$00000000)
    __rt_exit_ls                             0x00000179   Thumb Code     0  rtexit2.o(.ARM.Collect$$rtexit$$00000003)
    __rt_exit_prels_1                        0x00000179   Thumb Code     0  rtexit2.o(.ARM.Collect$$rtexit$$00000002)
    __rt_exit_exit                           0x0000017d   Thumb Code     0  rtexit2.o(.ARM.Collect$$rtexit$$00000004)
    Reset_Handler                            0x00000185   Thumb Code     4  startup_mspm0g350x_uvision.o(.text)
    NMI_Handler                              0x00000189   Thumb Code     2  startup_mspm0g350x_uvision.o(.text)
    HardFault_Handler                        0x0000018b   Thumb Code     2  startup_mspm0g350x_uvision.o(.text)
    SVC_Handler                              0x0000018d   Thumb Code     2  startup_mspm0g350x_uvision.o(.text)
    PendSV_Handler                           0x0000018f   Thumb Code     2  startup_mspm0g350x_uvision.o(.text)
    ADC0_IRQHandler                          0x00000193   Thumb Code     0  startup_mspm0g350x_uvision.o(.text)
    ADC1_IRQHandler                          0x00000193   Thumb Code     0  startup_mspm0g350x_uvision.o(.text)
    AES_IRQHandler                           0x00000193   Thumb Code     0  startup_mspm0g350x_uvision.o(.text)
    CANFD0_IRQHandler                        0x00000193   Thumb Code     0  startup_mspm0g350x_uvision.o(.text)
    DAC0_IRQHandler                          0x00000193   Thumb Code     0  startup_mspm0g350x_uvision.o(.text)
    DMA_IRQHandler                           0x00000193   Thumb Code     0  startup_mspm0g350x_uvision.o(.text)
    Default_Handler                          0x00000193   Thumb Code     2  startup_mspm0g350x_uvision.o(.text)
    GROUP0_IRQHandler                        0x00000193   Thumb Code     0  startup_mspm0g350x_uvision.o(.text)
    I2C1_IRQHandler                          0x00000193   Thumb Code     0  startup_mspm0g350x_uvision.o(.text)
    RTC_IRQHandler                           0x00000193   Thumb Code     0  startup_mspm0g350x_uvision.o(.text)
    SPI0_IRQHandler                          0x00000193   Thumb Code     0  startup_mspm0g350x_uvision.o(.text)
    SPI1_IRQHandler                          0x00000193   Thumb Code     0  startup_mspm0g350x_uvision.o(.text)
    TIMA0_IRQHandler                         0x00000193   Thumb Code     0  startup_mspm0g350x_uvision.o(.text)
    TIMA1_IRQHandler                         0x00000193   Thumb Code     0  startup_mspm0g350x_uvision.o(.text)
    TIMG12_IRQHandler                        0x00000193   Thumb Code     0  startup_mspm0g350x_uvision.o(.text)
    TIMG6_IRQHandler                         0x00000193   Thumb Code     0  startup_mspm0g350x_uvision.o(.text)
    TIMG7_IRQHandler                         0x00000193   Thumb Code     0  startup_mspm0g350x_uvision.o(.text)
    TIMG8_IRQHandler                         0x00000193   Thumb Code     0  startup_mspm0g350x_uvision.o(.text)
    UART0_IRQHandler                         0x00000193   Thumb Code     0  startup_mspm0g350x_uvision.o(.text)
    UART1_IRQHandler                         0x00000193   Thumb Code     0  startup_mspm0g350x_uvision.o(.text)
    UART3_IRQHandler                         0x00000193   Thumb Code     0  startup_mspm0g350x_uvision.o(.text)
    __user_initial_stackheap                 0x00000195   Thumb Code    10  startup_mspm0g350x_uvision.o(.text)
    malloc                                   0x000001b5   Thumb Code    98  h1_alloc.o(.text)
    free                                     0x00000217   Thumb Code    76  h1_free.o(.text)
    __2sprintf                               0x00000265   Thumb Code    40  __2sprintf.o(.text)
    _printf_int_dec                          0x00000291   Thumb Code    90  _printf_dec.o(.text)
    __printf                                 0x000002fd   Thumb Code   386  __printf_flags_ss_wp.o(.text)
    __aeabi_memset4                          0x00000485   Thumb Code    18  aeabi_memset4.o(.text)
    __aeabi_memset8                          0x00000485   Thumb Code     0  aeabi_memset4.o(.text)
    _memset_w                                0x00000497   Thumb Code    26  rt_memclr.o(.text)
    _memset                                  0x000004b1   Thumb Code    30  rt_memclr.o(.text)
    __aeabi_memclr                           0x000004cf   Thumb Code     4  rt_memclr.o(.text)
    __rt_memclr                              0x000004cf   Thumb Code     0  rt_memclr.o(.text)
    __aeabi_memclr4                          0x000004d3   Thumb Code     0  rt_memclr.o(.text)
    __aeabi_memclr8                          0x000004d3   Thumb Code     0  rt_memclr.o(.text)
    __rt_memclr_w                            0x000004d3   Thumb Code     4  rt_memclr.o(.text)
    __use_two_region_memory                  0x000004d7   Thumb Code     2  heapauxi.o(.text)
    __rt_heap_escrow                         0x000004d9   Thumb Code     2  heapauxi.o(.text)
    __rt_heap_expand                         0x000004db   Thumb Code     2  heapauxi.o(.text)
    __aeabi_dadd                             0x000007d5   Thumb Code     0  daddsub.o(.text)
    _dadd                                    0x000007d5   Thumb Code    26  daddsub.o(.text)
    __aeabi_dsub                             0x000007ef   Thumb Code     0  daddsub.o(.text)
    _dsub                                    0x000007ef   Thumb Code    22  daddsub.o(.text)
    __aeabi_drsub                            0x00000805   Thumb Code     0  daddsub.o(.text)
    _drsb                                    0x00000805   Thumb Code    28  daddsub.o(.text)
    __aeabi_ddiv                             0x00000835   Thumb Code     0  ddiv.o(.text)
    _ddiv                                    0x00000835   Thumb Code  1072  ddiv.o(.text)
    _drdiv                                   0x00000c65   Thumb Code    20  ddiv.o(.text)
    __aeabi_d2iz                             0x00000c7d   Thumb Code     0  dfixi.o(.text)
    _dfix                                    0x00000c7d   Thumb Code    98  dfixi.o(.text)
    __aeabi_i2d_normalise                    0x00000ce9   Thumb Code    66  dflti.o(.text)
    __aeabi_i2d                              0x00000d2b   Thumb Code    16  dflti.o(.text)
    _dflt                                    0x00000d2b   Thumb Code     0  dflti.o(.text)
    __aeabi_ui2d                             0x00000d3b   Thumb Code     6  dflti.o(.text)
    _dfltu                                   0x00000d3b   Thumb Code     0  dflti.o(.text)
    __aeabi_dmul                             0x00000d41   Thumb Code     0  dmul.o(.text)
    _dmul                                    0x00000d41   Thumb Code   558  dmul.o(.text)
    __aeabi_f2iz                             0x00000f89   Thumb Code     0  ffixi.o(.text)
    _ffix                                    0x00000f89   Thumb Code    76  ffixi.o(.text)
    __aeabi_i2f_normalise                    0x00000fd5   Thumb Code    72  fflti.o(.text)
    __aeabi_i2f                              0x0000101d   Thumb Code    16  fflti.o(.text)
    _fflt                                    0x0000101d   Thumb Code     0  fflti.o(.text)
    __aeabi_ui2f                             0x0000102d   Thumb Code     6  fflti.o(.text)
    _ffltu                                   0x0000102d   Thumb Code     0  fflti.o(.text)
    __rt_heap_descriptor                     0x00001035   Thumb Code     8  rt_heap_descriptor_intlibspace.o(.text)
    __use_no_heap                            0x0000103d   Thumb Code     2  hguard.o(.text)
    __heap$guard                             0x0000103f   Thumb Code     2  hguard.o(.text)
    _terminate_user_alloc                    0x00001041   Thumb Code     2  init_alloc.o(.text)
    _init_user_alloc                         0x00001043   Thumb Code     2  init_alloc.o(.text)
    __Heap_Full                              0x00001045   Thumb Code    32  init_alloc.o(.text)
    __Heap_Broken                            0x00001065   Thumb Code    10  init_alloc.o(.text)
    _init_alloc                              0x0000106f   Thumb Code    90  init_alloc.o(.text)
    __Heap_Initialize                        0x000010c9   Thumb Code     8  h1_init.o(.text)
    __Heap_DescSize                          0x000010d1   Thumb Code     4  h1_init.o(.text)
    _printf_int_common                       0x000010d5   Thumb Code   176  _printf_intcommon.o(.text)
    _printf_char_common                      0x0000118f   Thumb Code    32  _printf_char_common.o(.text)
    _sputc                                   0x000011b5   Thumb Code    10  _sputc.o(.text)
    __rt_udiv10                              0x000011bf   Thumb Code    40  rtudiv10.o(.text)
    __user_libspace                          0x000011e9   Thumb Code     8  libspace.o(.text)
    __user_perproc_libspace                  0x000011e9   Thumb Code     0  libspace.o(.text)
    __user_perthread_libspace                0x000011e9   Thumb Code     0  libspace.o(.text)
    __Heap_ProvideMemory                     0x000011f1   Thumb Code    52  h1_extend.o(.text)
    _maybe_terminate_alloc                   0x000011f1   Thumb Code     0  maybetermalloc1.o(.text)
    __rt_SIGRTMEM                            0x00001225   Thumb Code    12  defsig_rtmem_outer.o(.text)
    __fpl_dcmp_InfNaN                        0x00001231   Thumb Code   154  dcmpin.o(.text)
    __fpl_fcmp_InfNaN                        0x000012d1   Thumb Code    96  fcmpin.o(.text)
    __I$use$semihosting                      0x00001335   Thumb Code     0  use_no_semi.o(.text)
    __use_no_semihosting_swi                 0x00001335   Thumb Code     2  use_no_semi.o(.text)
    __semihosting_library_function           0x00001337   Thumb Code     0  indicate_semi.o(.text)
    __user_setup_stackheap                   0x00001337   Thumb Code    62  sys_stackheap_outer.o(.text)
    exit                                     0x00001375   Thumb Code    16  exit.o(.text)
    __sig_exit                               0x00001385   Thumb Code    12  defsig_exit.o(.text)
    __rt_SIGRTMEM_inner                      0x00001391   Thumb Code    22  defsig_rtmem_inner.o(.text)
    __fpl_cmpreturn                          0x000013e1   Thumb Code    46  cmpret.o(.text)
    __fpl_dcheck_NaN2                        0x00001411   Thumb Code    14  dnan2.o(.text)
    __fpl_fcheck_NaN2                        0x00001425   Thumb Code    10  fnan2.o(.text)
    _sys_exit                                0x00001435   Thumb Code     8  sys_exit.o(.text)
    __default_signal_display                 0x00001441   Thumb Code    52  defsig_general.o(.text)
    __fpl_return_NaN                         0x00001475   Thumb Code    94  retnan.o(.text)
    _ttywrch                                 0x000014d3   Thumb Code    12  sys_wrch.o(.text)
    __decompress                             0x000014df   Thumb Code     0  __dczerorl.o(.text)
    __decompress0                            0x000014df   Thumb Code    58  __dczerorl.o(.text)
    BUFF_pop_by_Protocol                     0x00001519   Thumb Code   478  buffer.o(.text.BUFF_pop_by_Protocol)
    Car_Set_Direction                        0x000016f9   Thumb Code   340  dev_car.o(.text.Car_Set_Direction)
    ClearScreenBuffer                        0x0000184d   Thumb Code    16  oled_buffer.o(.text.ClearScreenBuffer)
    DEV_CAR_Init                             0x00001861   Thumb Code    40  dev_car.o(.text.DEV_CAR_Init)
    DEV_CAR_Set_Speed                        0x00001889   Thumb Code   280  dev_car.o(.text.DEV_CAR_Set_Speed)
    DL_Common_delayCycles                    0x000019bd   Thumb Code    20  dl_common.o(.text.DL_Common_delayCycles)
    DL_I2C_fillControllerTXFIFO              0x00001a49   Thumb Code    86  dl_i2c.o(.text.DL_I2C_fillControllerTXFIFO)
    DL_I2C_flushControllerTXFIFO             0x00001a9f   Thumb Code    38  dl_i2c.o(.text.DL_I2C_flushControllerTXFIFO)
    DL_I2C_setClockConfig                    0x00001b01   Thumb Code    52  dl_i2c.o(.text.DL_I2C_setClockConfig)
    DL_TimerA_initPWMMode                    0x00001b79   Thumb Code   240  dl_timer.o(.text.DL_TimerA_initPWMMode)
    DL_Timer_initPWMMode                     0x00001c69   Thumb Code   280  dl_timer.o(.text.DL_Timer_initPWMMode)
    DL_Timer_initTimerMode                   0x00001d81   Thumb Code   148  dl_timer.o(.text.DL_Timer_initTimerMode)
    DL_Timer_setCaptCompUpdateMethod         0x00001e15   Thumb Code    52  dl_timer.o(.text.DL_Timer_setCaptCompUpdateMethod)
    DL_Timer_setCaptureCompareAction         0x00001e49   Thumb Code    56  dl_timer.o(.text.DL_Timer_setCaptureCompareAction)
    DL_Timer_setCaptureCompareCtl            0x00001e81   Thumb Code    64  dl_timer.o(.text.DL_Timer_setCaptureCompareCtl)
    DL_Timer_setCaptureCompareInput          0x00001ec1   Thumb Code    56  dl_timer.o(.text.DL_Timer_setCaptureCompareInput)
    DL_Timer_setCaptureCompareOutCtl         0x00001ef9   Thumb Code    60  dl_timer.o(.text.DL_Timer_setCaptureCompareOutCtl)
    DL_Timer_setCaptureCompareValue          0x00001f35   Thumb Code    44  dl_timer.o(.text.DL_Timer_setCaptureCompareValue)
    DL_Timer_setClockConfig                  0x00001f61   Thumb Code    48  dl_timer.o(.text.DL_Timer_setClockConfig)
    DL_UART_init                             0x00001fe1   Thumb Code    88  dl_uart.o(.text.DL_UART_init)
    DL_UART_setClockConfig                   0x00002039   Thumb Code    36  dl_uart.o(.text.DL_UART_setClockConfig)
    DrawChar                                 0x0000205d   Thumb Code    96  oled_draw.o(.text.DrawChar)
    DrawString                               0x000020c1   Thumb Code    60  oled_draw.o(.text.DrawString)
    EXTI_Init                                0x000020fd   Thumb Code    12  exti.o(.text.EXTI_Init)
    GROUP1_IRQHandler                        0x0000210d   Thumb Code   384  exti.o(.text.GROUP1_IRQHandler)
    I2C0_IRQHandler                          0x000022a9   Thumb Code    28  dev_i2c.o(.text.I2C0_IRQHandler)
    I2C_WriteArray2Register_With_Blocking    0x000022c9   Thumb Code   480  dev_i2c.o(.text.I2C_WriteArray2Register_With_Blocking)
    I2C_WriteArray_With_Blocking             0x000024ad   Thumb Code   276  dev_i2c.o(.text.I2C_WriteArray_With_Blocking)
    I2C__init__                              0x000025d9   Thumb Code    44  dev_i2c.o(.text.I2C__init__)
    Iinitial_BUFF                            0x0000260d   Thumb Code    30  buffer.o(.text.Iinitial_BUFF)
    LED_OFF                                  0x0000262d   Thumb Code    16  led.o(.text.LED_OFF)
    LED_ON                                   0x0000263d   Thumb Code    20  led.o(.text.LED_ON)
    OLED_CLS                                 0x00002659   Thumb Code   104  oled.o(.text.OLED_CLS)
    OLED_FILL                                0x000026c1   Thumb Code    96  oled.o(.text.OLED_FILL)
    OLED_Init                                0x00002721   Thumb Code   464  oled.o(.text.OLED_Init)
    PID_Initialize                           0x000028f5   Thumb Code    30  pid.o(.text.PID_Initialize)
    PID_Realize                              0x00002913   Thumb Code   126  pid.o(.text.PID_Realize)
    SYSCFG_DL_GPIO_init                      0x00002991   Thumb Code   252  ti_msp_dl_config.o(.text.SYSCFG_DL_GPIO_init)
    SYSCFG_DL_I2C0_init                      0x00002ab9   Thumb Code   112  ti_msp_dl_config.o(.text.SYSCFG_DL_I2C0_init)
    SYSCFG_DL_PWM_Motor_Left_init            0x00002b3d   Thumb Code   144  ti_msp_dl_config.o(.text.SYSCFG_DL_PWM_Motor_Left_init)
    SYSCFG_DL_PWM_Motor_Right_init           0x00002bdd   Thumb Code   108  ti_msp_dl_config.o(.text.SYSCFG_DL_PWM_Motor_Right_init)
    SYSCFG_DL_SYSCTL_init                    0x00002c5d   Thumb Code    84  ti_msp_dl_config.o(.text.SYSCFG_DL_SYSCTL_init)
    SYSCFG_DL_SYSTICK_init                   0x00002cbd   Thumb Code    36  ti_msp_dl_config.o(.text.SYSCFG_DL_SYSTICK_init)
    SYSCFG_DL_TIMER_0_init                   0x00002ced   Thumb Code    52  ti_msp_dl_config.o(.text.SYSCFG_DL_TIMER_0_init)
    SYSCFG_DL_UART2_init                     0x00002d39   Thumb Code   100  ti_msp_dl_config.o(.text.SYSCFG_DL_UART2_init)
    SYSCFG_DL_init                           0x00002db9   Thumb Code    56  ti_msp_dl_config.o(.text.SYSCFG_DL_init)
    SYSCFG_DL_initPower                      0x00002df9   Thumb Code    60  ti_msp_dl_config.o(.text.SYSCFG_DL_initPower)
    SysTick_Handler                          0x00002e59   Thumb Code    32  delay.o(.text.SysTick_Handler)
    TIMG0_IRQHandler                         0x00002e7d   Thumb Code    36  time.o(.text.TIMG0_IRQHandler)
    UART2_IRQHandler                         0x00002ea9   Thumb Code    36  uart.o(.text.UART2_IRQHandler)
    UART_NVIC_Init                           0x00002ed9   Thumb Code    24  uart.o(.text.UART_NVIC_Init)
    UI_back                                  0x00002efd   Thumb Code    32  ui_.o(.text.UI_back)
    UI_enter                                 0x00002f1d   Thumb Code    44  ui_.o(.text.UI_enter)
    UI_next                                  0x00002f49   Thumb Code    48  ui_.o(.text.UI_next)
    UI_prev                                  0x00002f79   Thumb Code    48  ui_.o(.text.UI_prev)
    UI_updata                                0x00002fad   Thumb Code    96  ui_.o(.text.UI_updata)
    UpdateScreenDisplay                      0x00003015   Thumb Code    12  oled_buffer.o(.text.UpdateScreenDisplay)
    WriteByteBuffer                          0x00003021   Thumb Code    12  oled_buffer.o(.text.WriteByteBuffer)
    Write_BUFF                               0x00003031   Thumb Code    72  buffer.o(.text.Write_BUFF)
    add_time                                 0x00003079   Thumb Code    36  ui_.o(.text.add_time)
    angle_tuning_init                        0x000030a9   Thumb Code    16  ui_.o(.text.angle_tuning_init)
    bsp_GetKey                               0x000030c1   Thumb Code    32  exti.o(.text.bsp_GetKey)
    delay_ms                                 0x000030e5   Thumb Code    32  delay.o(.text.delay_ms)
    follow_angle                             0x00003109   Thumb Code   136  my_task.o(.text.follow_angle)
    follow_angle_FAST                        0x0000319d   Thumb Code   208  my_task.o(.text.follow_angle_FAST)
    follow_line                              0x000032a5   Thumb Code   252  my_task.o(.text.follow_line)
    init_task                                0x000033b9   Thumb Code    88  my_task.o(.text.init_task)
    main                                     0x00003441   Thumb Code   336  main.o(.text.main)
    minus_time                               0x000035b1   Thumb Code    36  ui_.o(.text.minus_time)
    read_grayscale                           0x000035e1   Thumb Code   220  dev_grayscale.o(.text.read_grayscale)
    task1                                    0x000036c9   Thumb Code   216  my_task.o(.text.task1)
    task2                                    0x000037d9   Thumb Code  1188  my_task.o(.text.task2)
    task3                                    0x00003cc9   Thumb Code  1384  my_task.o(.text.task3)
    task4                                    0x00004289   Thumb Code  1060  my_task.o(.text.task4)
    task5                                    0x000046f1   Thumb Code  1216  my_task.o(.text.task5)
    task_five_init                           0x00004c0d   Thumb Code    32  ui_.o(.text.task_five_init)
    task_four_init                           0x00004c35   Thumb Code    32  ui_.o(.text.task_four_init)
    task_one_init                            0x00004c5d   Thumb Code    28  ui_.o(.text.task_one_init)
    task_three_init                          0x00004c81   Thumb Code    32  ui_.o(.text.task_three_init)
    task_two_init                            0x00004cb5   Thumb Code    28  ui_.o(.text.task_two_init)
    test1                                    0x00004ce1   Thumb Code   292  ui_.o(.text.test1)
    turn_angle                               0x00004ee9   Thumb Code   300  my_task.o(.text.turn_angle)
    turn_angle_tuning                        0x0000504d   Thumb Code   120  my_task.o(.text.turn_angle_tuning)
    __aeabi_dcmpge                           0x000050dd   Thumb Code     0  dcmp.o(i._dgeq)
    _dgeq                                    0x000050dd   Thumb Code    22  dcmp.o(i._dgeq)
    __aeabi_dcmpgt                           0x000050f3   Thumb Code     0  dcmp.o(i._dgr)
    _dgr                                     0x000050f3   Thumb Code    22  dcmp.o(i._dgr)
    __aeabi_dcmple                           0x00005109   Thumb Code     0  dcmp.o(i._dleq)
    _dleq                                    0x00005109   Thumb Code    26  dcmp.o(i._dleq)
    __aeabi_dcmplt                           0x00005123   Thumb Code     0  dcmp.o(i._dls)
    _dls                                     0x00005123   Thumb Code    22  dcmp.o(i._dls)
    __aeabi_fcmpgt                           0x00005139   Thumb Code     0  fcmp.o(i._fgr)
    _fgr                                     0x00005139   Thumb Code    22  fcmp.o(i._fgr)
    __aeabi_fcmplt                           0x0000514f   Thumb Code     0  fcmp.o(i._fls)
    _fls                                     0x0000514f   Thumb Code    22  fcmp.o(i._fls)
    _is_digit                                0x00005165   Thumb Code    14  __printf_wp.o(i._is_digit)
    _dcmpge                                  0x00005175   Thumb Code    94  dgef.o(x$fpl$dgeqf)
    __aeabi_cdcmple                          0x000051d9   Thumb Code     0  dlef.o(x$fpl$dleqf)
    _dcmple                                  0x000051d9   Thumb Code    94  dlef.o(x$fpl$dleqf)
    __aeabi_fadd                             0x0000523d   Thumb Code     0  faddsub.o(x$fpl$fadd)
    _fadd                                    0x0000523d   Thumb Code   134  faddsub.o(x$fpl$fadd)
    _fcmpge                                  0x000052c9   Thumb Code    78  fgef.o(x$fpl$fgeqf)
    __aeabi_cfcmple                          0x0000531d   Thumb Code     0  flef.o(x$fpl$fleqf)
    _fcmple                                  0x0000531d   Thumb Code    78  flef.o(x$fpl$fleqf)
    __aeabi_fmul                             0x00005371   Thumb Code     0  fmul.o(x$fpl$fmul)
    _fmul                                    0x00005371   Thumb Code   172  fmul.o(x$fpl$fmul)
    __aeabi_fsub                             0x00005421   Thumb Code     0  faddsub.o(x$fpl$fsub)
    _fsub                                    0x00005421   Thumb Code   204  faddsub.o(x$fpl$fsub)
    __I$use$fp                               0x000054f0   Number         0  usenofp.o(x$fpl$usenofp)
    F6x8                                     0x00005581   Data         552  oled_draw.o(.rodata.F6x8)
    Region$$Table$$Base                      0x000057f8   Number         0  anon$$obj.o(Region$$Table)
    Region$$Table$$Limit                     0x00005818   Number         0  anon$$obj.o(Region$$Table)
    Key_0                                    0x20200000   Data          24  exti.o(.data.Key_0)
    Key_1                                    0x20200018   Data          24  exti.o(.data.Key_1)
    Key_2                                    0x20200030   Data          24  exti.o(.data.Key_2)
    Waiting_Out_Black_Line_Time              0x20200048   Data           1  my_task.o(.data.Waiting_Out_Black_Line_Time)
    gI2C0_Device                             0x2020004c   Data         280  dev_i2c.o(.data.gI2C0_Device)
    not_on_drak_line_flag                    0x20200164   Data           1  dev_grayscale.o(.data.not_on_drak_line_flag)
    on_drak_line_flag                        0x20200165   Data           1  dev_grayscale.o(.data.on_drak_line_flag)
    __libspace_start                         0x20200168   Data          96  libspace.o(.bss)
    Aim_Angle                                0x202001c8   Data           8  my_task.o(.bss.Aim_Angle)
    __temporary_stack_top$libspace           0x202001c8   Data           0  libspace.o(.bss)
    Angle                                    0x202001d0   Data          48  main.o(.bss.Angle)
    Data_UART_2                              0x20200220   Data           1  uart.o(.bss.Data_UART_2)
    Follow_Angle_Count                       0x20200224   Data           4  my_task.o(.bss.Follow_Angle_Count)
    I2C0_buffer                              0x20200228   Data          28  dev_i2c.o(.bss.I2C0_buffer)
    ScreenBuffer                             0x20200244   Data        1024  oled_buffer.o(.bss.ScreenBuffer)
    U2_buffer                                0x20200644   Data          28  uart.o(.bss.U2_buffer)
    current_item                             0x20200674   Data           4  ui_.o(.bss.current_item)
    current_item_index                       0x20200678   Data           4  ui_.o(.bss.current_item_index)
    current_page                             0x2020067c   Data           4  ui_.o(.bss.current_page)
    delay_times                              0x20200680   Data           4  delay.o(.bss.delay_times)
    gPWM_Motor_LeftBackup                    0x20200690   Data         188  ti_msp_dl_config.o(.bss.gPWM_Motor_LeftBackup)
    gPWM_Motor_RightBackup                   0x2020074c   Data         120  ti_msp_dl_config.o(.bss.gPWM_Motor_RightBackup)
    gray_value                               0x202007c4   Data           4  dev_grayscale.o(.bss.gray_value)
    in_middle_flag                           0x202007c8   Data           1  dev_grayscale.o(.bss.in_middle_flag)
    led_state                                0x202007c9   Data           1  led.o(.bss.led_state)
    page1                                    0x202007e0   Data          16  ui_.o(.bss.page1)
    page2                                    0x202007f0   Data          16  ui_.o(.bss.page2)
    page3                                    0x20200800   Data          16  ui_.o(.bss.page3)
    page4                                    0x20200810   Data          16  ui_.o(.bss.page4)
    pid_follow_angle                         0x20200820   Data          36  my_task.o(.bss.pid_follow_angle)
    pid_follow_line                          0x20200844   Data          36  my_task.o(.bss.pid_follow_line)
    pid_follow_line_fast                     0x20200868   Data          36  my_task.o(.bss.pid_follow_line_fast)
    pid_turn_angle                           0x2020088c   Data          36  my_task.o(.bss.pid_turn_angle)
    s_tKey                                   0x202008b0   Data          13  exti.o(.bss.s_tKey)
    task                                     0x202008c0   Data           4  time.o(.bss.task)
    task1_index                              0x202008c4   Data           1  my_task.o(.bss.task1_index)
    task2_index                              0x202008cc   Data           1  my_task.o(.bss.task2_index)
    task3_index                              0x202008d0   Data           1  my_task.o(.bss.task3_index)
    task4_index                              0x202008d4   Data           1  my_task.o(.bss.task4_index)
    task5_index                              0x202008d8   Data           1  my_task.o(.bss.task5_index)
    the_std_time                             0x202008e0   Data           8  delay.o(.bss.the_std_time)



==============================================================================

Memory Map of the image

  Image Entry point : 0x000000c1

  Load Region LR_IROM1 (Base: 0x00000000, Size: 0x00005980, Max: 0x00020000, ABSOLUTE, COMPRESSED[0x00005848])

    Execution Region ER_IROM1 (Exec base: 0x00000000, Load base: 0x00000000, Size: 0x00005818, Max: 0x00020000, ABSOLUTE)

    Exec Addr    Load Addr    Size         Type   Attr      Idx    E Section Name        Object

    0x00000000   0x00000000   0x000000c0   Data   RO           14    RESET               startup_mspm0g350x_uvision.o
    0x000000c0   0x000000c0   0x00000008   Code   RO          820  * !!!main             c_p.l(__main.o)
    0x000000c8   0x000000c8   0x00000054   Code   RO         1249    !!!scatter          c_p.l(__scatter.o)
    0x0000011c   0x0000011c   0x00000004   PAD
    0x00000120   0x00000120   0x00000002   Code   RO         1250    !!handler_null      c_p.l(__scatter.o)
    0x00000122   0x00000122   0x00000006   PAD
    0x00000128   0x00000128   0x0000001c   Code   RO         1253    !!handler_zi        c_p.l(__scatter_zi.o)
    0x00000144   0x00000144   0x00000002   Code   RO          799    .ARM.Collect$$_printf_percent$$00000000  c_p.l(_printf_percent.o)
    0x00000146   0x00000146   0x0000000a   Code   RO          798    .ARM.Collect$$_printf_percent$$00000009  c_p.l(_printf_d.o)
    0x00000150   0x00000150   0x00000004   Code   RO          964    .ARM.Collect$$_printf_percent$$00000017  c_p.l(_printf_percent_end.o)
    0x00000154   0x00000154   0x00000002   Code   RO         1160    .ARM.Collect$$libinit$$00000000  c_p.l(libinit.o)
    0x00000156   0x00000156   0x00000000   Code   RO          979    .ARM.Collect$$libinit$$00000002  c_p.l(libinit2.o)
    0x00000156   0x00000156   0x00000000   Code   RO          981    .ARM.Collect$$libinit$$00000004  c_p.l(libinit2.o)
    0x00000156   0x00000156   0x00000000   Code   RO          983    .ARM.Collect$$libinit$$00000006  c_p.l(libinit2.o)
    0x00000156   0x00000156   0x00000008   Code   RO          984    .ARM.Collect$$libinit$$00000007  c_p.l(libinit2.o)
    0x0000015e   0x0000015e   0x00000000   Code   RO          986    .ARM.Collect$$libinit$$0000000C  c_p.l(libinit2.o)
    0x0000015e   0x0000015e   0x00000000   Code   RO          988    .ARM.Collect$$libinit$$0000000E  c_p.l(libinit2.o)
    0x0000015e   0x0000015e   0x00000000   Code   RO          990    .ARM.Collect$$libinit$$00000010  c_p.l(libinit2.o)
    0x0000015e   0x0000015e   0x00000000   Code   RO          993    .ARM.Collect$$libinit$$00000013  c_p.l(libinit2.o)
    0x0000015e   0x0000015e   0x00000000   Code   RO          995    .ARM.Collect$$libinit$$00000015  c_p.l(libinit2.o)
    0x0000015e   0x0000015e   0x00000000   Code   RO          997    .ARM.Collect$$libinit$$00000017  c_p.l(libinit2.o)
    0x0000015e   0x0000015e   0x00000000   Code   RO          999    .ARM.Collect$$libinit$$00000019  c_p.l(libinit2.o)
    0x0000015e   0x0000015e   0x00000000   Code   RO         1001    .ARM.Collect$$libinit$$0000001B  c_p.l(libinit2.o)
    0x0000015e   0x0000015e   0x00000000   Code   RO         1003    .ARM.Collect$$libinit$$0000001D  c_p.l(libinit2.o)
    0x0000015e   0x0000015e   0x00000000   Code   RO         1005    .ARM.Collect$$libinit$$0000001F  c_p.l(libinit2.o)
    0x0000015e   0x0000015e   0x00000000   Code   RO         1007    .ARM.Collect$$libinit$$00000021  c_p.l(libinit2.o)
    0x0000015e   0x0000015e   0x00000000   Code   RO         1009    .ARM.Collect$$libinit$$00000023  c_p.l(libinit2.o)
    0x0000015e   0x0000015e   0x00000000   Code   RO         1011    .ARM.Collect$$libinit$$00000025  c_p.l(libinit2.o)
    0x0000015e   0x0000015e   0x00000000   Code   RO         1013    .ARM.Collect$$libinit$$00000027  c_p.l(libinit2.o)
    0x0000015e   0x0000015e   0x00000000   Code   RO         1017    .ARM.Collect$$libinit$$0000002E  c_p.l(libinit2.o)
    0x0000015e   0x0000015e   0x00000000   Code   RO         1019    .ARM.Collect$$libinit$$00000030  c_p.l(libinit2.o)
    0x0000015e   0x0000015e   0x00000000   Code   RO         1021    .ARM.Collect$$libinit$$00000032  c_p.l(libinit2.o)
    0x0000015e   0x0000015e   0x00000000   Code   RO         1023    .ARM.Collect$$libinit$$00000034  c_p.l(libinit2.o)
    0x0000015e   0x0000015e   0x00000002   Code   RO         1024    .ARM.Collect$$libinit$$00000035  c_p.l(libinit2.o)
    0x00000160   0x00000160   0x00000002   Code   RO         1244    .ARM.Collect$$libshutdown$$00000000  c_p.l(libshutdown.o)
    0x00000162   0x00000162   0x00000000   Code   RO         1196    .ARM.Collect$$libshutdown$$00000002  c_p.l(libshutdown2.o)
    0x00000162   0x00000162   0x00000000   Code   RO         1198    .ARM.Collect$$libshutdown$$00000004  c_p.l(libshutdown2.o)
    0x00000162   0x00000162   0x00000000   Code   RO         1201    .ARM.Collect$$libshutdown$$00000007  c_p.l(libshutdown2.o)
    0x00000162   0x00000162   0x00000000   Code   RO         1204    .ARM.Collect$$libshutdown$$0000000A  c_p.l(libshutdown2.o)
    0x00000162   0x00000162   0x00000000   Code   RO         1206    .ARM.Collect$$libshutdown$$0000000C  c_p.l(libshutdown2.o)
    0x00000162   0x00000162   0x00000000   Code   RO         1209    .ARM.Collect$$libshutdown$$0000000F  c_p.l(libshutdown2.o)
    0x00000162   0x00000162   0x00000002   Code   RO         1210    .ARM.Collect$$libshutdown$$00000010  c_p.l(libshutdown2.o)
    0x00000164   0x00000164   0x00000000   Code   RO          876    .ARM.Collect$$rtentry$$00000000  c_p.l(__rtentry.o)
    0x00000164   0x00000164   0x00000000   Code   RO         1054    .ARM.Collect$$rtentry$$00000002  c_p.l(__rtentry2.o)
    0x00000164   0x00000164   0x00000006   Code   RO         1066    .ARM.Collect$$rtentry$$00000004  c_p.l(__rtentry4.o)
    0x0000016a   0x0000016a   0x00000000   Code   RO         1056    .ARM.Collect$$rtentry$$00000009  c_p.l(__rtentry2.o)
    0x0000016a   0x0000016a   0x00000004   Code   RO         1057    .ARM.Collect$$rtentry$$0000000A  c_p.l(__rtentry2.o)
    0x0000016e   0x0000016e   0x00000000   Code   RO         1059    .ARM.Collect$$rtentry$$0000000C  c_p.l(__rtentry2.o)
    0x0000016e   0x0000016e   0x00000008   Code   RO         1060    .ARM.Collect$$rtentry$$0000000D  c_p.l(__rtentry2.o)
    0x00000176   0x00000176   0x00000002   Code   RO         1176    .ARM.Collect$$rtexit$$00000000  c_p.l(rtexit.o)
    0x00000178   0x00000178   0x00000000   Code   RO         1218    .ARM.Collect$$rtexit$$00000002  c_p.l(rtexit2.o)
    0x00000178   0x00000178   0x00000004   Code   RO         1219    .ARM.Collect$$rtexit$$00000003  c_p.l(rtexit2.o)
    0x0000017c   0x0000017c   0x00000006   Code   RO         1220    .ARM.Collect$$rtexit$$00000004  c_p.l(rtexit2.o)
    0x00000182   0x00000182   0x00000002   PAD
    0x00000184   0x00000184   0x00000030   Code   RO           15    .text               startup_mspm0g350x_uvision.o
    0x000001b4   0x000001b4   0x00000062   Code   RO          710    .text               c_p.l(h1_alloc.o)
    0x00000216   0x00000216   0x0000004c   Code   RO          712    .text               c_p.l(h1_free.o)
    0x00000262   0x00000262   0x00000002   PAD
    0x00000264   0x00000264   0x0000002c   Code   RO          770    .text               c_p.l(__2sprintf.o)
    0x00000290   0x00000290   0x0000006c   Code   RO          776    .text               c_p.l(_printf_dec.o)
    0x000002fc   0x000002fc   0x00000188   Code   RO          795    .text               c_p.l(__printf_flags_ss_wp.o)
    0x00000484   0x00000484   0x00000012   Code   RO          806    .text               c_p.l(aeabi_memset4.o)
    0x00000496   0x00000496   0x00000040   Code   RO          808    .text               c_p.l(rt_memclr.o)
    0x000004d6   0x000004d6   0x00000006   Code   RO          818    .text               c_p.l(heapauxi.o)
    0x000004dc   0x000004dc   0x00000358   Code   RO          822    .text               fz_ps.l(daddsub.o)
    0x00000834   0x00000834   0x00000448   Code   RO          836    .text               fz_ps.l(ddiv.o)
    0x00000c7c   0x00000c7c   0x0000006c   Code   RO          839    .text               fz_ps.l(dfixi.o)
    0x00000ce8   0x00000ce8   0x00000058   Code   RO          841    .text               fz_ps.l(dflti.o)
    0x00000d40   0x00000d40   0x00000248   Code   RO          843    .text               fz_ps.l(dmul.o)
    0x00000f88   0x00000f88   0x0000004c   Code   RO          866    .text               fz_ps.l(ffixi.o)
    0x00000fd4   0x00000fd4   0x0000005e   Code   RO          870    .text               fz_ps.l(fflti.o)
    0x00001032   0x00001032   0x00000002   PAD
    0x00001034   0x00001034   0x00000008   Code   RO          884    .text               c_p.l(rt_heap_descriptor_intlibspace.o)
    0x0000103c   0x0000103c   0x00000004   Code   RO          886    .text               c_p.l(hguard.o)
    0x00001040   0x00001040   0x00000088   Code   RO          888    .text               c_p.l(init_alloc.o)
    0x000010c8   0x000010c8   0x0000000c   Code   RO          892    .text               c_p.l(h1_init.o)
    0x000010d4   0x000010d4   0x000000b0   Code   RO          910    .text               c_p.l(_printf_intcommon.o)
    0x00001184   0x00001184   0x00000030   Code   RO          914    .text               c_p.l(_printf_char_common.o)
    0x000011b4   0x000011b4   0x0000000a   Code   RO          916    .text               c_p.l(_sputc.o)
    0x000011be   0x000011be   0x00000028   Code   RO          974    .text               c_p.l(rtudiv10.o)
    0x000011e6   0x000011e6   0x00000002   PAD
    0x000011e8   0x000011e8   0x00000008   Code   RO         1050    .text               c_p.l(libspace.o)
    0x000011f0   0x000011f0   0x00000000   Code   RO         1072    .text               c_p.l(maybetermalloc1.o)
    0x000011f0   0x000011f0   0x00000034   Code   RO         1074    .text               c_p.l(h1_extend.o)
    0x00001224   0x00001224   0x0000000c   Code   RO         1095    .text               c_p.l(defsig_rtmem_outer.o)
    0x00001230   0x00001230   0x000000a0   Code   RO         1104    .text               fz_ps.l(dcmpin.o)
    0x000012d0   0x000012d0   0x00000064   Code   RO         1106    .text               fz_ps.l(fcmpin.o)
    0x00001334   0x00001334   0x00000002   Code   RO         1110    .text               c_p.l(use_no_semi.o)
    0x00001336   0x00001336   0x00000000   Code   RO         1112    .text               c_p.l(indicate_semi.o)
    0x00001336   0x00001336   0x0000003e   Code   RO         1113    .text               c_p.l(sys_stackheap_outer.o)
    0x00001374   0x00001374   0x00000010   Code   RO         1141    .text               c_p.l(exit.o)
    0x00001384   0x00001384   0x0000000c   Code   RO         1143    .text               c_p.l(defsig_exit.o)
    0x00001390   0x00001390   0x00000050   Code   RO         1149    .text               c_p.l(defsig_rtmem_inner.o)
    0x000013e0   0x000013e0   0x0000002e   Code   RO         1161    .text               fz_ps.l(cmpret.o)
    0x0000140e   0x0000140e   0x00000002   PAD
    0x00001410   0x00001410   0x00000014   Code   RO         1163    .text               fz_ps.l(dnan2.o)
    0x00001424   0x00001424   0x00000010   Code   RO         1165    .text               fz_ps.l(fnan2.o)
    0x00001434   0x00001434   0x0000000c   Code   RO         1171    .text               c_p.l(sys_exit.o)
    0x00001440   0x00001440   0x00000034   Code   RO         1189    .text               c_p.l(defsig_general.o)
    0x00001474   0x00001474   0x0000005e   Code   RO         1211    .text               fz_ps.l(retnan.o)
    0x000014d2   0x000014d2   0x0000000c   Code   RO         1213    .text               c_p.l(sys_wrch.o)
    0x000014de   0x000014de   0x0000003a   Code   RO         1247    .text               c_p.l(__dczerorl.o)
    0x00001518   0x00001518   0x000001de   Code   RO          341    .text.BUFF_pop_by_Protocol  buffer.o
    0x000016f6   0x000016f6   0x00000002   PAD
    0x000016f8   0x000016f8   0x00000154   Code   RO          419    .text.Car_Set_Direction  dev_car.o
    0x0000184c   0x0000184c   0x00000014   Code   RO          270    .text.ClearScreenBuffer  oled_buffer.o
    0x00001860   0x00001860   0x00000028   Code   RO          417    .text.DEV_CAR_Init  dev_car.o
    0x00001888   0x00001888   0x00000134   Code   RO          421    .text.DEV_CAR_Set_Speed  dev_car.o
    0x000019bc   0x000019bc   0x00000014   Code   RO          481    .text.DL_Common_delayCycles  driverlib.a(dl_common.o)
    0x000019d0   0x000019d0   0x00000028   Code   RO          487    .text.DL_Common_updateReg  driverlib.a(dl_i2c.o)
    0x000019f8   0x000019f8   0x00000028   Code   RO          571    .text.DL_Common_updateReg  driverlib.a(dl_timer.o)
    0x00001a20   0x00001a20   0x00000028   Code   RO          657    .text.DL_Common_updateReg  driverlib.a(dl_uart.o)
    0x00001a48   0x00001a48   0x00000056   Code   RO          491    .text.DL_I2C_fillControllerTXFIFO  driverlib.a(dl_i2c.o)
    0x00001a9e   0x00001a9e   0x00000026   Code   RO          497    .text.DL_I2C_flushControllerTXFIFO  driverlib.a(dl_i2c.o)
    0x00001ac4   0x00001ac4   0x00000020   Code   RO          501    .text.DL_I2C_isControllerTXFIFOEmpty  driverlib.a(dl_i2c.o)
    0x00001ae4   0x00001ae4   0x0000001c   Code   RO          493    .text.DL_I2C_isControllerTXFIFOFull  driverlib.a(dl_i2c.o)
    0x00001b00   0x00001b00   0x00000034   Code   RO          485    .text.DL_I2C_setClockConfig  driverlib.a(dl_i2c.o)
    0x00001b34   0x00001b34   0x00000014   Code   RO          499    .text.DL_I2C_startFlushControllerTXFIFO  driverlib.a(dl_i2c.o)
    0x00001b48   0x00001b48   0x00000018   Code   RO          503    .text.DL_I2C_stopFlushControllerTXFIFO  driverlib.a(dl_i2c.o)
    0x00001b60   0x00001b60   0x00000018   Code   RO          495    .text.DL_I2C_transmitControllerData  driverlib.a(dl_i2c.o)
    0x00001b78   0x00001b78   0x000000f0   Code   RO          639    .text.DL_TimerA_initPWMMode  driverlib.a(dl_timer.o)
    0x00001c68   0x00001c68   0x00000118   Code   RO          583    .text.DL_Timer_initPWMMode  driverlib.a(dl_timer.o)
    0x00001d80   0x00001d80   0x00000094   Code   RO          553    .text.DL_Timer_initTimerMode  driverlib.a(dl_timer.o)
    0x00001e14   0x00001e14   0x00000034   Code   RO          613    .text.DL_Timer_setCaptCompUpdateMethod  driverlib.a(dl_timer.o)
    0x00001e48   0x00001e48   0x00000038   Code   RO          585    .text.DL_Timer_setCaptureCompareAction  driverlib.a(dl_timer.o)
    0x00001e80   0x00001e80   0x00000040   Code   RO          561    .text.DL_Timer_setCaptureCompareCtl  driverlib.a(dl_timer.o)
    0x00001ec0   0x00001ec0   0x00000038   Code   RO          567    .text.DL_Timer_setCaptureCompareInput  driverlib.a(dl_timer.o)
    0x00001ef8   0x00001ef8   0x0000003c   Code   RO          587    .text.DL_Timer_setCaptureCompareOutCtl  driverlib.a(dl_timer.o)
    0x00001f34   0x00001f34   0x0000002c   Code   RO          559    .text.DL_Timer_setCaptureCompareValue  driverlib.a(dl_timer.o)
    0x00001f60   0x00001f60   0x00000030   Code   RO          549    .text.DL_Timer_setClockConfig  driverlib.a(dl_timer.o)
    0x00001f90   0x00001f90   0x00000020   Code   RO          557    .text.DL_Timer_setCounterValueAfterEnable  driverlib.a(dl_timer.o)
    0x00001fb0   0x00001fb0   0x00000018   Code   RO          555    .text.DL_Timer_setLoadValue  driverlib.a(dl_timer.o)
    0x00001fc8   0x00001fc8   0x00000016   Code   RO          655    .text.DL_UART_disable  driverlib.a(dl_uart.o)
    0x00001fde   0x00001fde   0x00000002   PAD
    0x00001fe0   0x00001fe0   0x00000058   Code   RO          653    .text.DL_UART_init  driverlib.a(dl_uart.o)
    0x00002038   0x00002038   0x00000024   Code   RO          659    .text.DL_UART_setClockConfig  driverlib.a(dl_uart.o)
    0x0000205c   0x0000205c   0x00000064   Code   RO          289    .text.DrawChar      oled_draw.o
    0x000020c0   0x000020c0   0x0000003c   Code   RO          291    .text.DrawString    oled_draw.o
    0x000020fc   0x000020fc   0x00000010   Code   RO          142    .text.EXTI_Init     exti.o
    0x0000210c   0x0000210c   0x0000019c   Code   RO          154    .text.GROUP1_IRQHandler  exti.o
    0x000022a8   0x000022a8   0x00000020   Code   RO          316    .text.I2C0_IRQHandler  dev_i2c.o
    0x000022c8   0x000022c8   0x000001e4   Code   RO          314    .text.I2C_WriteArray2Register_With_Blocking  dev_i2c.o
    0x000024ac   0x000024ac   0x0000012c   Code   RO          312    .text.I2C_WriteArray_With_Blocking  dev_i2c.o
    0x000025d8   0x000025d8   0x00000034   Code   RO          310    .text.I2C__init__   dev_i2c.o
    0x0000260c   0x0000260c   0x0000001e   Code   RO          329    .text.Iinitial_BUFF  buffer.o
    0x0000262a   0x0000262a   0x00000002   PAD
    0x0000262c   0x0000262c   0x00000010   Code   RO          171    .text.LED_OFF       led.o
    0x0000263c   0x0000263c   0x0000001c   Code   RO          169    .text.LED_ON        led.o
    0x00002658   0x00002658   0x00000068   Code   RO          195    .text.OLED_CLS      oled.o
    0x000026c0   0x000026c0   0x00000060   Code   RO          193    .text.OLED_FILL     oled.o
    0x00002720   0x00002720   0x000001d4   Code   RO          189    .text.OLED_Init     oled.o
    0x000028f4   0x000028f4   0x0000001e   Code   RO          371    .text.PID_Initialize  pid.o
    0x00002912   0x00002912   0x0000007e   Code   RO          373    .text.PID_Realize   pid.o
    0x00002990   0x00002990   0x00000128   Code   RO           87    .text.SYSCFG_DL_GPIO_init  ti_msp_dl_config.o
    0x00002ab8   0x00002ab8   0x00000084   Code   RO           97    .text.SYSCFG_DL_I2C0_init  ti_msp_dl_config.o
    0x00002b3c   0x00002b3c   0x000000a0   Code   RO           91    .text.SYSCFG_DL_PWM_Motor_Left_init  ti_msp_dl_config.o
    0x00002bdc   0x00002bdc   0x00000080   Code   RO           93    .text.SYSCFG_DL_PWM_Motor_Right_init  ti_msp_dl_config.o
    0x00002c5c   0x00002c5c   0x00000060   Code   RO           89    .text.SYSCFG_DL_SYSCTL_init  ti_msp_dl_config.o
    0x00002cbc   0x00002cbc   0x00000030   Code   RO          101    .text.SYSCFG_DL_SYSTICK_init  ti_msp_dl_config.o
    0x00002cec   0x00002cec   0x0000004c   Code   RO           95    .text.SYSCFG_DL_TIMER_0_init  ti_msp_dl_config.o
    0x00002d38   0x00002d38   0x00000080   Code   RO           99    .text.SYSCFG_DL_UART2_init  ti_msp_dl_config.o
    0x00002db8   0x00002db8   0x00000040   Code   RO           83    .text.SYSCFG_DL_init  ti_msp_dl_config.o
    0x00002df8   0x00002df8   0x00000060   Code   RO           85    .text.SYSCFG_DL_initPower  ti_msp_dl_config.o
    0x00002e58   0x00002e58   0x00000024   Code   RO          128    .text.SysTick_Handler  delay.o
    0x00002e7c   0x00002e7c   0x0000002c   Code   RO          227    .text.TIMG0_IRQHandler  time.o
    0x00002ea8   0x00002ea8   0x00000030   Code   RO          242    .text.UART2_IRQHandler  uart.o
    0x00002ed8   0x00002ed8   0x00000024   Code   RO          236    .text.UART_NVIC_Init  uart.o
    0x00002efc   0x00002efc   0x00000020   Code   RO          435    .text.UI_back       ui_.o
    0x00002f1c   0x00002f1c   0x0000002c   Code   RO          443    .text.UI_enter      ui_.o
    0x00002f48   0x00002f48   0x00000030   Code   RO          439    .text.UI_next       ui_.o
    0x00002f78   0x00002f78   0x00000034   Code   RO          441    .text.UI_prev       ui_.o
    0x00002fac   0x00002fac   0x00000068   Code   RO          437    .text.UI_updata     ui_.o
    0x00003014   0x00003014   0x0000000c   Code   RO          278    .text.UpdateScreenDisplay  oled_buffer.o
    0x00003020   0x00003020   0x00000010   Code   RO          274    .text.WriteByteBuffer  oled_buffer.o
    0x00003030   0x00003030   0x00000048   Code   RO          331    .text.Write_BUFF    buffer.o
    0x00003078   0x00003078   0x00000030   Code   RO          457    .text.add_time      ui_.o
    0x000030a8   0x000030a8   0x00000018   Code   RO          455    .text.angle_tuning_init  ui_.o
    0x000030c0   0x000030c0   0x00000024   Code   RO          146    .text.bsp_GetKey    exti.o
    0x000030e4   0x000030e4   0x00000024   Code   RO          126    .text.delay_ms      delay.o
    0x00003108   0x00003108   0x00000094   Code   RO           28    .text.follow_angle  my_task.o
    0x0000319c   0x0000319c   0x00000108   Code   RO           22    .text.follow_angle_FAST  my_task.o
    0x000032a4   0x000032a4   0x00000114   Code   RO           26    .text.follow_line   my_task.o
    0x000033b8   0x000033b8   0x00000088   Code   RO           24    .text.init_task     my_task.o
    0x00003440   0x00003440   0x00000170   Code   RO            2    .text.main          main.o
    0x000035b0   0x000035b0   0x00000030   Code   RO          459    .text.minus_time    ui_.o
    0x000035e0   0x000035e0   0x000000e8   Code   RO          353    .text.read_grayscale  dev_grayscale.o
    0x000036c8   0x000036c8   0x00000110   Code   RO           32    .text.task1         my_task.o
    0x000037d8   0x000037d8   0x000004f0   Code   RO           34    .text.task2         my_task.o
    0x00003cc8   0x00003cc8   0x000005c0   Code   RO           36    .text.task3         my_task.o
    0x00004288   0x00004288   0x00000468   Code   RO           38    .text.task4         my_task.o
    0x000046f0   0x000046f0   0x0000051c   Code   RO           40    .text.task5         my_task.o
    0x00004c0c   0x00004c0c   0x00000028   Code   RO          453    .text.task_five_init  ui_.o
    0x00004c34   0x00004c34   0x00000028   Code   RO          451    .text.task_four_init  ui_.o
    0x00004c5c   0x00004c5c   0x00000024   Code   RO          445    .text.task_one_init  ui_.o
    0x00004c80   0x00004c80   0x00000034   Code   RO          449    .text.task_three_init  ui_.o
    0x00004cb4   0x00004cb4   0x0000002c   Code   RO          447    .text.task_two_init  ui_.o
    0x00004ce0   0x00004ce0   0x00000208   Code   RO          461    .text.test1         ui_.o
    0x00004ee8   0x00004ee8   0x00000164   Code   RO           30    .text.turn_angle    my_task.o
    0x0000504c   0x0000504c   0x00000090   Code   RO           42    .text.turn_angle_tuning  my_task.o
    0x000050dc   0x000050dc   0x00000016   Code   RO          825    i._dgeq             fz_ps.l(dcmp.o)
    0x000050f2   0x000050f2   0x00000016   Code   RO          826    i._dgr              fz_ps.l(dcmp.o)
    0x00005108   0x00005108   0x0000001a   Code   RO          827    i._dleq             fz_ps.l(dcmp.o)
    0x00005122   0x00005122   0x00000016   Code   RO          828    i._dls              fz_ps.l(dcmp.o)
    0x00005138   0x00005138   0x00000016   Code   RO          853    i._fgr              fz_ps.l(fcmp.o)
    0x0000514e   0x0000514e   0x00000016   Code   RO          855    i._fls              fz_ps.l(fcmp.o)
    0x00005164   0x00005164   0x0000000e   Code   RO          788    i._is_digit         c_p.l(__printf_wp.o)
    0x00005172   0x00005172   0x00000002   PAD
    0x00005174   0x00005174   0x00000064   Code   RO         1027    x$fpl$dgeqf         fz_ps.l(dgef.o)
    0x000051d8   0x000051d8   0x00000064   Code   RO         1029    x$fpl$dleqf         fz_ps.l(dlef.o)
    0x0000523c   0x0000523c   0x0000008c   Code   RO          845    x$fpl$fadd          fz_ps.l(faddsub.o)
    0x000052c8   0x000052c8   0x00000054   Code   RO         1033    x$fpl$fgeqf         fz_ps.l(fgef.o)
    0x0000531c   0x0000531c   0x00000054   Code   RO         1035    x$fpl$fleqf         fz_ps.l(flef.o)
    0x00005370   0x00005370   0x000000b0   Code   RO          872    x$fpl$fmul          fz_ps.l(fmul.o)
    0x00005420   0x00005420   0x000000d0   Code   RO          847    x$fpl$fsub          fz_ps.l(faddsub.o)
    0x000054f0   0x000054f0   0x00000000   Code   RO         1045    x$fpl$usenofp       fz_ps.l(usenofp.o)
    0x000054f0   0x000054f0   0x00000011   Data   RO          796    .constdata          c_p.l(__printf_flags_ss_wp.o)
    0x00005501   0x00005501   0x00000080   Data   RO          837    .constdata          fz_ps.l(ddiv.o)
    0x00005581   0x00005581   0x00000228   Data   RO          299    .rodata.F6x8        oled_draw.o
    0x000057a9   0x000057a9   0x00000002   Data   RO          115    .rodata.gI2C0ClockConfig  ti_msp_dl_config.o
    0x000057ab   0x000057ab   0x00000003   Data   RO          109    .rodata.gPWM_Motor_LeftClockConfig  ti_msp_dl_config.o
    0x000057ae   0x000057ae   0x00000002   PAD
    0x000057b0   0x000057b0   0x00000008   Data   RO          110    .rodata.gPWM_Motor_LeftConfig  ti_msp_dl_config.o
    0x000057b8   0x000057b8   0x00000003   Data   RO          111    .rodata.gPWM_Motor_RightClockConfig  ti_msp_dl_config.o
    0x000057bb   0x000057bb   0x00000001   PAD
    0x000057bc   0x000057bc   0x00000008   Data   RO          112    .rodata.gPWM_Motor_RightConfig  ti_msp_dl_config.o
    0x000057c4   0x000057c4   0x00000003   Data   RO          113    .rodata.gTIMER_0ClockConfig  ti_msp_dl_config.o
    0x000057c7   0x000057c7   0x00000001   PAD
    0x000057c8   0x000057c8   0x00000014   Data   RO          114    .rodata.gTIMER_0TimerConfig  ti_msp_dl_config.o
    0x000057dc   0x000057dc   0x00000002   Data   RO          116    .rodata.gUART2ClockConfig  ti_msp_dl_config.o
    0x000057de   0x000057de   0x0000000a   Data   RO          117    .rodata.gUART2Config  ti_msp_dl_config.o
    0x000057e8   0x000057e8   0x0000000a   Data   RO          467    .rodata.str1.1      ui_.o
    0x000057f2   0x000057f2   0x00000006   PAD
    0x000057f8   0x000057f8   0x00000020   Data   RO         1246    Region$$Table       anon$$obj.o


    Execution Region RW_IRAM2 (Exec base: 0x20200000, Load base: 0x00005818, Size: 0x000018f0, Max: 0x00008000, ABSOLUTE, COMPRESSED[0x00000030])

    Exec Addr    Load Addr    Size         Type   Attr      Idx    E Section Name        Object

    0x20200000   COMPRESSED   0x00000018   Data   RW          157    .data.Key_0         exti.o
    0x20200018   COMPRESSED   0x00000018   Data   RW          158    .data.Key_1         exti.o
    0x20200030   COMPRESSED   0x00000018   Data   RW          159    .data.Key_2         exti.o
    0x20200048   COMPRESSED   0x00000001   Data   RW           44    .data.Waiting_Out_Black_Line_Time  my_task.o
    0x20200049   COMPRESSED   0x00000003   PAD
    0x2020004c   COMPRESSED   0x00000118   Data   RW          319    .data.gI2C0_Device  dev_i2c.o
    0x20200164   COMPRESSED   0x00000001   Data   RW          357    .data.not_on_drak_line_flag  dev_grayscale.o
    0x20200165   COMPRESSED   0x00000001   Data   RW          358    .data.on_drak_line_flag  dev_grayscale.o
    0x20200166   COMPRESSED   0x00000002   PAD
    0x20200168        -       0x00000060   Zero   RW         1051    .bss                c_p.l(libspace.o)
    0x202001c8        -       0x00000008   Zero   RW           50    .bss.Aim_Angle      my_task.o
    0x202001d0        -       0x00000030   Zero   RW            4    .bss.Angle          main.o
    0x20200200        -       0x00000010   Zero   RW           56    .bss.CCR            my_task.o
    0x20200210        -       0x00000004   Zero   RW          423    .bss.DEV_CAR_Set_Speed.CCR_.0  dev_car.o
    0x20200214        -       0x00000004   Zero   RW          424    .bss.DEV_CAR_Set_Speed.CCR_.1  dev_car.o
    0x20200218        -       0x00000004   Zero   RW          425    .bss.DEV_CAR_Set_Speed.CCR_.2  dev_car.o
    0x2020021c        -       0x00000004   Zero   RW          426    .bss.DEV_CAR_Set_Speed.CCR_.3  dev_car.o
    0x20200220        -       0x00000001   Zero   RW          249    .bss.Data_UART_2    uart.o
    0x20200221   COMPRESSED   0x00000003   PAD
    0x20200224        -       0x00000004   Zero   RW           51    .bss.Follow_Angle_Count  my_task.o
    0x20200228        -       0x0000001c   Zero   RW          318    .bss.I2C0_buffer    dev_i2c.o
    0x20200244        -       0x00000400   Zero   RW          280    .bss.ScreenBuffer   oled_buffer.o
    0x20200644        -       0x0000001c   Zero   RW          246    .bss.U2_buffer      uart.o
    0x20200660        -       0x00000014   Zero   RW          466    .bss.add_time.str   ui_.o
    0x20200674        -       0x00000004   Zero   RW          465    .bss.current_item   ui_.o
    0x20200678        -       0x00000004   Zero   RW          463    .bss.current_item_index  ui_.o
    0x2020067c        -       0x00000004   Zero   RW          464    .bss.current_page   ui_.o
    0x20200680        -       0x00000004   Zero   RW          130    .bss.delay_times    delay.o
    0x20200684   COMPRESSED   0x00000004   PAD
    0x20200688        -       0x00000008   Zero   RW           61    .bss.follow_line.MAX_CCR  my_task.o
    0x20200690        -       0x000000bc   Zero   RW          107    .bss.gPWM_Motor_LeftBackup  ti_msp_dl_config.o
    0x2020074c        -       0x00000078   Zero   RW          108    .bss.gPWM_Motor_RightBackup  ti_msp_dl_config.o
    0x202007c4        -       0x00000004   Zero   RW          359    .bss.gray_value     dev_grayscale.o
    0x202007c8        -       0x00000001   Zero   RW          362    .bss.in_middle_flag  dev_grayscale.o
    0x202007c9        -       0x00000001   Zero   RW          173    .bss.led_state      led.o
    0x202007ca        -       0x00000014   Zero   RW          468    .bss.minus_time.str  ui_.o
    0x202007de   COMPRESSED   0x00000002   PAD
    0x202007e0        -       0x00000010   Zero   RW          469    .bss.page1          ui_.o
    0x202007f0        -       0x00000010   Zero   RW          470    .bss.page2          ui_.o
    0x20200800        -       0x00000010   Zero   RW          471    .bss.page3          ui_.o
    0x20200810        -       0x00000010   Zero   RW          472    .bss.page4          ui_.o
    0x20200820        -       0x00000024   Zero   RW           59    .bss.pid_follow_angle  my_task.o
    0x20200844        -       0x00000024   Zero   RW           58    .bss.pid_follow_line  my_task.o
    0x20200868        -       0x00000024   Zero   RW           57    .bss.pid_follow_line_fast  my_task.o
    0x2020088c        -       0x00000024   Zero   RW           60    .bss.pid_turn_angle  my_task.o
    0x202008b0        -       0x0000000d   Zero   RW          156    .bss.s_tKey         exti.o
    0x202008bd   COMPRESSED   0x00000003   PAD
    0x202008c0        -       0x00000004   Zero   RW          229    .bss.task           time.o
    0x202008c4        -       0x00000001   Zero   RW           45    .bss.task1_index    my_task.o
    0x202008c5        -       0x00000001   Zero   RW           63    .bss.task2.count_time  my_task.o
    0x202008c6   COMPRESSED   0x00000002   PAD
    0x202008c8        -       0x00000004   Zero   RW           64    .bss.task2.last_count_time  my_task.o
    0x202008cc        -       0x00000001   Zero   RW           46    .bss.task2_index    my_task.o
    0x202008cd        -       0x00000001   Zero   RW           65    .bss.task3.count_time  my_task.o
    0x202008ce        -       0x00000001   Zero   RW           66    .bss.task3.last_count_time  my_task.o
    0x202008cf        -       0x00000001   Zero   RW           67    .bss.task3.turn_count  my_task.o
    0x202008d0        -       0x00000001   Zero   RW           47    .bss.task3_index    my_task.o
    0x202008d1        -       0x00000001   Zero   RW           68    .bss.task4.count_time  my_task.o
    0x202008d2        -       0x00000001   Zero   RW           69    .bss.task4.last_count_time  my_task.o
    0x202008d3        -       0x00000001   Zero   RW           70    .bss.task4.turn_count  my_task.o
    0x202008d4        -       0x00000001   Zero   RW           48    .bss.task4_index    my_task.o
    0x202008d5        -       0x00000001   Zero   RW           71    .bss.task5.count_time  my_task.o
    0x202008d6        -       0x00000001   Zero   RW           72    .bss.task5.last_count_time  my_task.o
    0x202008d7        -       0x00000001   Zero   RW           73    .bss.task5.turn_count  my_task.o
    0x202008d8        -       0x00000001   Zero   RW           49    .bss.task5_index    my_task.o
    0x202008d9   COMPRESSED   0x00000007   PAD
    0x202008e0        -       0x00000008   Zero   RW          131    .bss.the_std_time   delay.o
    0x202008e8        -       0x00000004   Zero   RW           62    .bss.turn_angle.I_item  my_task.o
    0x202008ec        -       0x00000004   Zero   RW           74    .bss.turn_angle_tuning.count  my_task.o
    0x202008f0        -       0x00000800   Zero   RW           13    HEAP                startup_mspm0g350x_uvision.o
    0x202010f0        -       0x00000800   Zero   RW           12    STACK               startup_mspm0g350x_uvision.o



  Load Region LR_BCR (Base: 0x41c00000, Size: 0x00000000, Max: 0x00000100, ABSOLUTE)

    Execution Region BCR_CONFIG (Exec base: 0x41c00000, Load base: 0x41c00000, Size: 0x00000000, Max: 0x00000080, ABSOLUTE)

    **** No section assigned to this execution region ****



  Load Region LR_BSL (Base: 0x41c00100, Size: 0x00000000, Max: 0x00000100, ABSOLUTE)

    Execution Region BSL_CONFIG (Exec base: 0x41c00100, Load base: 0x41c00100, Size: 0x00000000, Max: 0x00000080, ABSOLUTE)

    **** No section assigned to this execution region ****


==============================================================================

Image component sizes


      Code (inc. data)   RO Data    RW Data    ZI Data      Debug   Object Name

       580          0          0          0          0      18381   buffer.o
        72          8          0          0         12        961   delay.o
       688         96          0          0         16       9361   dev_car.o
       232         12          0          2          5       5025   dev_grayscale.o
       868         40          0        280         28      12026   dev_i2c.o
       464         36          0         72         13       7358   exti.o
        44          8          0          0          1       3717   led.o
       368         40          0          0         48       3302   main.o
      6768        816          0          1        207      11067   my_task.o
       668          4          0          0          0      14755   oled.o
        48          8          0          0       1024       1643   oled_buffer.o
       160          4        552          0          0       3391   oled_draw.o
       156          0          0          0          0       2264   pid.o
        48         22        192          0       4096        700   startup_mspm0g350x_uvision.o
      1224        220         59          0        308      36902   ti_msp_dl_config.o
        44          8          0          0          4       3794   time.o
        84         24          0          0         29       6911   uart.o
      1132        332         10          0        116       3180   ui_.o

    ----------------------------------------------------------------------
     13652       1678        855        360       5928     144738   Object Totals
         0          0         32          0          0          0   (incl. Generated)
         4          0         10          5         21          0   (incl. Padding)

    ----------------------------------------------------------------------

      Code (inc. data)   RO Data    RW Data    ZI Data      Debug   Library Member Name

        44          4          0          0          0         84   __2sprintf.o
        58          0          0          0          0          0   __dczerorl.o
         8          0          0          0          0         68   __main.o
       392          6         17          0          0         76   __printf_flags_ss_wp.o
        14          0          0          0          0         60   __printf_wp.o
         0          0          0          0          0          0   __rtentry.o
        12          0          0          0          0          0   __rtentry2.o
         6          0          0          0          0          0   __rtentry4.o
        86         10          0          0          0          0   __scatter.o
        28          0          0          0          0          0   __scatter_zi.o
        48          6          0          0          0         88   _printf_char_common.o
        10          0          0          0          0          0   _printf_d.o
       108         18          0          0          0         76   _printf_dec.o
       176          0          0          0          0         84   _printf_intcommon.o
         2          0          0          0          0          0   _printf_percent.o
         4          0          0          0          0          0   _printf_percent_end.o
        10          0          0          0          0         60   _sputc.o
        18          0          0          0          0         68   aeabi_memset4.o
        12          0          0          0          0         68   defsig_exit.o
        52          0          0          0          0         72   defsig_general.o
        80         58          0          0          0         68   defsig_rtmem_inner.o
        12          0          0          0          0         68   defsig_rtmem_outer.o
        16          0          0          0          0         68   exit.o
        98          0          0          0          0         72   h1_alloc.o
        52          0          0          0          0         68   h1_extend.o
        76          0          0          0          0         72   h1_free.o
        12          0          0          0          0         76   h1_init.o
         6          0          0          0          0        136   heapauxi.o
         4          0          0          0          0        120   hguard.o
         0          0          0          0          0          0   indicate_semi.o
       136          0          0          0          0        160   init_alloc.o
         2          0          0          0          0          0   libinit.o
        10          0          0          0          0          0   libinit2.o
         2          0          0          0          0          0   libshutdown.o
         2          0          0          0          0          0   libshutdown2.o
         8          4          0          0         96         68   libspace.o
         0          0          0          0          0          0   maybetermalloc1.o
         8          4          0          0          0         68   rt_heap_descriptor_intlibspace.o
        64          0          0          0          0        108   rt_memclr.o
         2          0          0          0          0          0   rtexit.o
        10          0          0          0          0          0   rtexit2.o
        40          0          0          0          0         60   rtudiv10.o
        12          4          0          0          0         60   sys_exit.o
        62          0          0          0          0         80   sys_stackheap_outer.o
        12          0          0          0          0         68   sys_wrch.o
         2          0          0          0          0         68   use_no_semi.o
        20          0          0          0          0         40   dl_common.o
       344         16          0          0          0        728   dl_i2c.o
      1144         80          0          0          0       1220   dl_timer.o
       186         12          0          0          0        636   dl_uart.o
        46          0          0          0          0         60   cmpret.o
       856         20          0          0          0        208   daddsub.o
        92          0          0          0          0        272   dcmp.o
       160          6          0          0          0         76   dcmpin.o
      1096         26        128          0          0        112   ddiv.o
       108         10          0          0          0         72   dfixi.o
        88          0          0          0          0         92   dflti.o
       100          4          0          0          0         92   dgef.o
       100          4          0          0          0         92   dlef.o
       584         26          0          0          0         84   dmul.o
        20          6          0          0          0         68   dnan2.o
       348          8          0          0          0        160   faddsub.o
        44          0          0          0          0        136   fcmp.o
       100          4          0          0          0         68   fcmpin.o
        76          0          0          0          0         68   ffixi.o
        94          0          0          0          0         92   fflti.o
        84          4          0          0          0         76   fgef.o
        84          4          0          0          0         76   flef.o
       176          4          0          0          0         80   fmul.o
        16          6          0          0          0         68   fnan2.o
        94          0          0          0          0         68   retnan.o
         0          0          0          0          0          0   usenofp.o

    ----------------------------------------------------------------------
      7900        358        145          0         96       7036   Library Totals
        24          4          0          0          0          0   (incl. Padding)

    ----------------------------------------------------------------------

      Code (inc. data)   RO Data    RW Data    ZI Data      Debug   Library Name

      1816        114         17          0         96       2292   c_p.l
      1694        108          0          0          0       2624   driverlib.a
      4366        132        128          0          0       2120   fz_ps.l

    ----------------------------------------------------------------------
      7900        358        145          0         96       7036   Library Totals

    ----------------------------------------------------------------------

==============================================================================


      Code (inc. data)   RO Data    RW Data    ZI Data      Debug   

     21552       2036       1000        360       6024     149134   Grand Totals
     21552       2036       1000         48       6024     149134   ELF Image Totals (compressed)
     21552       2036       1000         48          0          0   ROM Totals

==============================================================================

    Total RO  Size (Code + RO Data)                22552 (  22.02kB)
    Total RW  Size (RW Data + ZI Data)              6384 (   6.23kB)
    Total ROM Size (Code + RO Data + RW Data)      22600 (  22.07kB)

==============================================================================

