Component: Arm Compiler for Embedded 6.21 Tool: armlink [5ec1fa00]

==============================================================================

Section Cross References

    main.o(.text.main) refers to ti_msp_dl_config.o(.text.SYSCFG_DL_init) for SYSCFG_DL_init
    main.o(.text.main) refers to uart.o(.text.UART_NVIC_Init) for UART_NVIC_Init
    main.o(.text.main) refers to exti.o(.text.EXTI_Init) for EXTI_Init
    main.o(.text.main) refers to dev_car.o(.text.DEV_CAR_Init) for DEV_CAR_Init
    main.o(.text.main) refers to oled.o(.text.OLED_Init) for OLED_Init
    main.o(.text.main) refers to delay.o(.text.delay_ms) for delay_ms
    main.o(.text.main) refers to oled.o(.text.OLED_CLS) for OLED_CLS
    main.o(.text.main) refers to my_task.o(.text.init_task) for init_task
    main.o(.text.main) refers to ui_.o(.text.test1) for test1
    main.o(.text.main) refers to ui_.o(.text.UI_updata) for UI_updata
    main.o(.text.main) refers to oled_buffer.o(.text.UpdateScreenDisplay) for UpdateScreenDisplay
    main.o(.text.main) refers to led.o(.text.LED_OFF) for LED_OFF
    main.o(.text.main) refers to buffer.o(.text.BUFF_pop_by_Protocol) for BUFF_pop_by_Protocol
    main.o(.text.main) refers to dflti.o(.text) for __aeabi_i2d
    main.o(.text.main) refers to dmul.o(.text) for __aeabi_dmul
    main.o(.text.main) refers to exti.o(.text.bsp_GetKey) for bsp_GetKey
    main.o(.text.main) refers to ui_.o(.text.UI_enter) for UI_enter
    main.o(.text.main) refers to ui_.o(.text.UI_back) for UI_back
    main.o(.text.main) refers to ui_.o(.text.UI_next) for UI_next
    main.o(.text.main) refers to ui_.o(.text.UI_prev) for UI_prev
    main.o(.text.main) refers to uart.o(.bss.U2_buffer) for U2_buffer
    main.o(.text.main) refers to main.o(.bss.Angle) for Angle
    main.o(.text.main) refers to led.o(.bss.led_state) for led_state
    main.o(.ARM.exidx.text.main) refers to main.o(.text.main) for [Anonymous Symbol]
    startup_mspm0g350x_uvision.o(STACK) refers (Special) to heapauxi.o(.text) for __use_two_region_memory
    startup_mspm0g350x_uvision.o(HEAP) refers (Special) to heapauxi.o(.text) for __use_two_region_memory
    startup_mspm0g350x_uvision.o(RESET) refers (Special) to heapauxi.o(.text) for __use_two_region_memory
    startup_mspm0g350x_uvision.o(RESET) refers to startup_mspm0g350x_uvision.o(STACK) for __initial_sp
    startup_mspm0g350x_uvision.o(RESET) refers to startup_mspm0g350x_uvision.o(.text) for Reset_Handler
    startup_mspm0g350x_uvision.o(RESET) refers to delay.o(.text.SysTick_Handler) for SysTick_Handler
    startup_mspm0g350x_uvision.o(RESET) refers to exti.o(.text.GROUP1_IRQHandler) for GROUP1_IRQHandler
    startup_mspm0g350x_uvision.o(RESET) refers to uart.o(.text.UART2_IRQHandler) for UART2_IRQHandler
    startup_mspm0g350x_uvision.o(RESET) refers to time.o(.text.TIMG0_IRQHandler) for TIMG0_IRQHandler
    startup_mspm0g350x_uvision.o(RESET) refers to dev_i2c.o(.text.I2C0_IRQHandler) for I2C0_IRQHandler
    startup_mspm0g350x_uvision.o(.text) refers (Special) to heapauxi.o(.text) for __use_two_region_memory
    startup_mspm0g350x_uvision.o(.text) refers to __main.o(!!!main) for __main
    startup_mspm0g350x_uvision.o(.text) refers to startup_mspm0g350x_uvision.o(HEAP) for Heap_Mem
    startup_mspm0g350x_uvision.o(.text) refers to startup_mspm0g350x_uvision.o(STACK) for Stack_Mem
    my_task.o(.text.follow_angle_FAST) refers to daddsub.o(.text) for __aeabi_dsub
    my_task.o(.text.follow_angle_FAST) refers to dcmp.o(i._dleq) for __aeabi_dcmple
    my_task.o(.text.follow_angle_FAST) refers to dcmp.o(i._dgeq) for __aeabi_dcmpge
    my_task.o(.text.follow_angle_FAST) refers to dmul.o(.text) for __aeabi_dmul
    my_task.o(.text.follow_angle_FAST) refers to dfixi.o(.text) for __aeabi_d2iz
    my_task.o(.text.follow_angle_FAST) refers to dflti.o(.text) for __aeabi_i2d
    my_task.o(.text.follow_angle_FAST) refers to ddiv.o(.text) for __aeabi_ddiv
    my_task.o(.text.follow_angle_FAST) refers to dev_car.o(.text.DEV_CAR_Set_Speed) for DEV_CAR_Set_Speed
    my_task.o(.text.follow_angle_FAST) refers to my_task.o(.bss.Follow_Angle_Count) for Follow_Angle_Count
    my_task.o(.text.follow_angle_FAST) refers to my_task.o(.bss.Aim_Angle) for Aim_Angle
    my_task.o(.text.follow_angle_FAST) refers to main.o(.bss.Angle) for Angle
    my_task.o(.text.follow_angle_FAST) refers to my_task.o(.bss.CCR) for [Anonymous Symbol]
    my_task.o(.ARM.exidx.text.follow_angle_FAST) refers to my_task.o(.text.follow_angle_FAST) for [Anonymous Symbol]
    my_task.o(.text.init_task) refers to pid.o(.text.PID_Initialize) for PID_Initialize
    my_task.o(.text.init_task) refers to my_task.o(.bss.pid_follow_line_fast) for pid_follow_line_fast
    my_task.o(.text.init_task) refers to my_task.o(.bss.pid_follow_line) for pid_follow_line
    my_task.o(.text.init_task) refers to my_task.o(.bss.pid_follow_angle) for pid_follow_angle
    my_task.o(.text.init_task) refers to my_task.o(.bss.pid_turn_angle) for pid_turn_angle
[...]
    __arm_cp.7_24                            0x00003950   Number         4  my_task.o(.text.task3)
    __arm_cp.7_1                             0x00003e78   Number         4  my_task.o(.text.task3)
    __arm_cp.7_2                             0x00003e7c   Number         4  my_task.o(.text.task3)
    __arm_cp.7_3                             0x00003e80   Number         4  my_task.o(.text.task3)
    __arm_cp.7_5                             0x00003e84   Number         4  my_task.o(.text.task3)
    __arm_cp.7_6                             0x00003e88   Number         4  my_task.o(.text.task3)
    __arm_cp.7_7                             0x00003e8c   Number         4  my_task.o(.text.task3)
    __arm_cp.7_8                             0x00003e90   Number         4  my_task.o(.text.task3)
    __arm_cp.7_9                             0x00003e94   Number         4  my_task.o(.text.task3)
    __arm_cp.7_10                            0x00003e98   Number         4  my_task.o(.text.task3)
    __arm_cp.7_11                            0x00003e9c   Number         4  my_task.o(.text.task3)
    __arm_cp.7_12                            0x00003ea0   Number         4  my_task.o(.text.task3)
    __arm_cp.7_13                            0x00003ea4   Number         4  my_task.o(.text.task3)
    __arm_cp.7_14                            0x00003ea8   Number         4  my_task.o(.text.task3)
    __arm_cp.7_15                            0x00003eac   Number         4  my_task.o(.text.task3)
    __arm_cp.7_16                            0x00003eb0   Number         4  my_task.o(.text.task3)
    __arm_cp.7_17                            0x00003eb4   Number         4  my_task.o(.text.task3)
    __arm_cp.7_18                            0x00003eb8   Number         4  my_task.o(.text.task3)
    __arm_cp.7_19                            0x00003ebc   Number         4  my_task.o(.text.task3)
    __arm_cp.7_20                            0x00003ec0   Number         4  my_task.o(.text.task3)
    __arm_cp.7_21                            0x00003ec4   Number         4  my_task.o(.text.task3)
    __arm_cp.7_22                            0x00003ec8   Number         4  my_task.o(.text.task3)
    [Anonymous Symbol]                       0x00003ecc   Section        0  my_task.o(.text.task4)
    __arm_cp.8_19                            0x00003f30   Number         4  my_task.o(.text.task4)
    __arm_cp.8_26                            0x00003f40   Number         4  my_task.o(.text.task4)
    __arm_cp.8_1                             0x000042e8   Number         4  my_task.o(.text.task4)
    __arm_cp.8_2                             0x000042ec   Number         4  my_task.o(.text.task4)
    __arm_cp.8_3                             0x000042f0   Number         4  my_task.o(.text.task4)
    __arm_cp.8_4                             0x000042f4   Number         4  my_task.o(.text.task4)
    __arm_cp.8_5                             0x000042f8   Number         4  my_task.o(.text.task4)
    __arm_cp.8_6                             0x000042fc   Number         4  my_task.o(.text.task4)
    __arm_cp.8_7                             0x00004300   Number         4  my_task.o(.text.task4)
    __arm_cp.8_8                             0x00004304   Number         4  my_task.o(.text.task4)
    __arm_cp.8_9                             0x00004308   Number         4  my_task.o(.text.task4)
    __arm_cp.8_10                            0x0000430c   Number         4  my_task.o(.text.task4)
    __arm_cp.8_11                            0x00004310   Number         4  my_task.o(.text.task4)
    __arm_cp.8_12                            0x00004314   Number         4  my_task.o(.text.task4)
    __arm_cp.8_13                            0x00004318   Number         4  my_task.o(.text.task4)
    __arm_cp.8_14                            0x0000431c   Number         4  my_task.o(.text.task4)
    __arm_cp.8_15                            0x00004320   Number         4  my_task.o(.text.task4)
    __arm_cp.8_16                            0x00004324   Number         4  my_task.o(.text.task4)
    [Anonymous Symbol]                       0x00004328   Section        0  my_task.o(.text.task5)
    __arm_cp.9_27                            0x0000438c   Number         4  my_task.o(.text.task5)
    __arm_cp.9_31                            0x0000439c   Number         4  my_task.o(.text.task5)
    __arm_cp.9_1                             0x000047dc   Number         4  my_task.o(.text.task5)
    __arm_cp.9_2                             0x000047e0   Number         4  my_task.o(.text.task5)
    __arm_cp.9_3                             0x000047e4   Number         4  my_task.o(.text.task5)
    __arm_cp.9_6                             0x000047e8   Number         4  my_task.o(.text.task5)
    __arm_cp.9_7                             0x000047ec   Number         4  my_task.o(.text.task5)
    __arm_cp.9_8                             0x000047f0   Number         4  my_task.o(.text.task5)
    __arm_cp.9_9                             0x000047f4   Number         4  my_task.o(.text.task5)
    __arm_cp.9_10                            0x000047f8   Number         4  my_task.o(.text.task5)
    __arm_cp.9_11                            0x000047fc   Number         4  my_task.o(.text.task5)
    __arm_cp.9_12                            0x00004800   Number         4  my_task.o(.text.task5)
    __arm_cp.9_13                            0x00004804   Number         4  my_task.o(.text.task5)
    __arm_cp.9_14                            0x00004808   Number         4  my_task.o(.text.task5)
    __arm_cp.9_15                            0x0000480c   Number         4  my_task.o(.text.task5)
    __arm_cp.9_16                            0x00004810   Number         4  my_task.o(.text.task5)
    __arm_cp.9_17                            0x00004814   Number         4  my_task.o(.text.task5)
    __arm_cp.9_18                            0x00004818   Number         4  my_task.o(.text.task5)
    __arm_cp.9_19                            0x0000481c   Number         4  my_task.o(.text.task5)
    __arm_cp.9_20                            0x00004820   Number         4  my_task.o(.text.task5)
    __arm_cp.9_21                            0x00004824   Number         4  my_task.o(.text.task5)
    __arm_cp.9_22                            0x00004828   Number         4  my_task.o(.text.task5)
    __arm_cp.9_23                            0x0000482c   Number         4  my_task.o(.text.task5)
    __arm_cp.9_24                            0x00004830   Number         4  my_task.o(.text.task5)
    [Anonymous Symbol]                       0x00004834   Section        0  ui_.o(.text.task_five_init)
    __arm_cp.9_4                             0x00004854   Number         4  ui_.o(.text.task_five_init)
    __arm_cp.9_5                             0x00004858   Number         4  ui_.o(.text.task_five_init)
    [Anonymous Symbol]                       0x0000485c   Section        0  ui_.o(.text.task_four_init)
    __arm_cp.8_4                             0x0000487c   Number         4  ui_.o(.text.task_four_init)
    __arm_cp.8_5                             0x00004880   Number         4  ui_.o(.text.task_four_init)
    [Anonymous Symbol]                       0x00004884   Section        0  ui_.o(.text.task_one_init)
    __arm_cp.5_1                             0x000048a0   Number         4  ui_.o(.text.task_one_init)
    __arm_cp.5_3                             0x000048a4   Number         4  ui_.o(.text.task_one_init)
    [Anonymous Symbol]                       0x000048a8   Section        0  ui_.o(.text.task_three_init)
    __arm_cp.7_1                             0x000048c8   Number         4  ui_.o(.text.task_three_init)
    __arm_cp.7_2                             0x000048cc   Number         4  ui_.o(.text.task_three_init)
    __arm_cp.7_3                             0x000048d0   Number         4  ui_.o(.text.task_three_init)
    __arm_cp.7_4                             0x000048d4   Number         4  ui_.o(.text.task_three_init)
    __arm_cp.7_5                             0x000048d8   Number         4  ui_.o(.text.task_three_init)
    [Anonymous Symbol]                       0x000048dc   Section        0  ui_.o(.text.task_two_init)
    __arm_cp.6_0                             0x000048f8   Number         4  ui_.o(.text.task_two_init)
    __arm_cp.6_1                             0x000048fc   Number         4  ui_.o(.text.task_two_init)
    __arm_cp.6_2                             0x00004900   Number         4  ui_.o(.text.task_two_init)
    __arm_cp.6_3                             0x00004904   Number         4  ui_.o(.text.task_two_init)
    [Anonymous Symbol]                       0x00004908   Section        0  ui_.o(.text.test1)
    __arm_cp.11_0                            0x000049e0   Number         4  ui_.o(.text.test1)
    __arm_cp.11_2                            0x000049ec   Number         4  ui_.o(.text.test1)
    __arm_cp.11_4                            0x000049fc   Number         4  ui_.o(.text.test1)
    __arm_cp.11_7                            0x00004a14   Number         4  ui_.o(.text.test1)
    __arm_cp.11_9                            0x00004a24   Number         4  ui_.o(.text.test1)
    __arm_cp.11_11                           0x00004a34   Number         4  ui_.o(.text.test1)
    __arm_cp.11_13                           0x00004a44   Number         4  ui_.o(.text.test1)
    __arm_cp.11_16                           0x00004a5c   Number         4  ui_.o(.text.test1)
    __arm_cp.11_18                           0x00004a6c   Number         4  ui_.o(.text.test1)
    __arm_cp.11_20                           0x00004a80   Number         4  ui_.o(.text.test1)
    __arm_cp.11_21                           0x00004a84   Number         4  ui_.o(.text.test1)
    [Anonymous Symbol]                       0x00004a88   Section        0  my_task.o(.text.turn_angle)
    __arm_cp.4_0                             0x00004bb4   Number         4  my_task.o(.text.turn_angle)
    __arm_cp.4_2                             0x00004bb8   Number         4  my_task.o(.text.turn_angle)
    __arm_cp.4_3                             0x00004bbc   Number         4  my_task.o(.text.turn_angle)
    __arm_cp.4_4                             0x00004bc0   Number         4  my_task.o(.text.turn_angle)
    __arm_cp.4_5                             0x00004bc4   Number         4  my_task.o(.text.turn_angle)
    __arm_cp.4_6                             0x00004bc8   Number         4  my_task.o(.text.turn_angle)
    __arm_cp.4_7                             0x00004bcc   Number         4  my_task.o(.text.turn_angle)
    __arm_cp.4_8                             0x00004bd0   Number         4  my_task.o(.text.turn_angle)
    __arm_cp.4_9                             0x00004bd4   Number         4  my_task.o(.text.turn_angle)
    __arm_cp.4_10                            0x00004bd8   Number         4  my_task.o(.text.turn_angle)
    __arm_cp.4_11                            0x00004bdc   Number         4  my_task.o(.text.turn_angle)
    __arm_cp.4_12                            0x00004be0   Number         4  my_task.o(.text.turn_angle)
    __arm_cp.4_13                            0x00004be4   Number         4  my_task.o(.text.turn_angle)
    __arm_cp.4_14                            0x00004be8   Number         4  my_task.o(.text.turn_angle)
    [Anonymous Symbol]                       0x00004bec   Section        0  my_task.o(.text.turn_angle_tuning)
    __arm_cp.10_0                            0x00004c64   Number         4  my_task.o(.text.turn_angle_tuning)
    __arm_cp.10_1                            0x00004c68   Number         4  my_task.o(.text.turn_angle_tuning)
    __arm_cp.10_2                            0x00004c6c   Number         4  my_task.o(.text.turn_angle_tuning)
    __arm_cp.10_3                            0x00004c70   Number         4  my_task.o(.text.turn_angle_tuning)
    __arm_cp.10_4                            0x00004c74   Number         4  my_task.o(.text.turn_angle_tuning)
    __arm_cp.10_5                            0x00004c78   Number         4  my_task.o(.text.turn_angle_tuning)
    i._dgeq                                  0x00004c7c   Section        0  dcmp.o(i._dgeq)
    i._dgr                                   0x00004c92   Section        0  dcmp.o(i._dgr)
    i._dleq                                  0x00004ca8   Section        0  dcmp.o(i._dleq)
    i._dls                                   0x00004cc2   Section        0  dcmp.o(i._dls)
    i._fgr                                   0x00004cd8   Section        0  fcmp.o(i._fgr)
    i._fls                                   0x00004cee   Section        0  fcmp.o(i._fls)
    x$fpl$dgeqf                              0x00004d04   Section      100  dgef.o(x$fpl$dgeqf)
    x$fpl$dleqf                              0x00004d68   Section      100  dlef.o(x$fpl$dleqf)
    x$fpl$fadd                               0x00004dcc   Section      140  faddsub.o(x$fpl$fadd)
    _fadd1                                   0x00004dd9   Thumb Code     0  faddsub.o(x$fpl$fadd)
    x$fpl$fgeqf                              0x00004e58   Section       84  fgef.o(x$fpl$fgeqf)
    x$fpl$fleqf                              0x00004eac   Section       84  flef.o(x$fpl$fleqf)
    x$fpl$fmul                               0x00004f00   Section      176  fmul.o(x$fpl$fmul)
    x$fpl$fsub                               0x00004fb0   Section      208  faddsub.o(x$fpl$fsub)
    _fsub1                                   0x00004fbd   Thumb Code     0  faddsub.o(x$fpl$fsub)
    ddiv_reciptbl                            0x00005080   Data         128  ddiv.o(.constdata)
    .constdata                               0x00005080   Section      128  ddiv.o(.constdata)
    x$fpl$usenofp                            0x00005080   Section        0  usenofp.o(x$fpl$usenofp)
    gI2C0ClockConfig                         0x00005328   Data           2  ti_msp_dl_config.o(.rodata.gI2C0ClockConfig)
    [Anonymous Symbol]                       0x00005328   Section        0  ti_msp_dl_config.o(.rodata.gI2C0ClockConfig)
    gPWM_Motor_LeftClockConfig               0x0000532a   Data           3  ti_msp_dl_config.o(.rodata.gPWM_Motor_LeftClockConfig)
    [Anonymous Symbol]                       0x0000532a   Section        0  ti_msp_dl_config.o(.rodata.gPWM_Motor_LeftClockConfig)
    gPWM_Motor_LeftConfig                    0x00005330   Data           8  ti_msp_dl_config.o(.rodata.gPWM_Motor_LeftConfig)
    [Anonymous Symbol]                       0x00005330   Section        0  ti_msp_dl_config.o(.rodata.gPWM_Motor_LeftConfig)
    gPWM_Motor_RightClockConfig              0x00005338   Data           3  ti_msp_dl_config.o(.rodata.gPWM_Motor_RightClockConfig)
    [Anonymous Symbol]                       0x00005338   Section        0  ti_msp_dl_config.o(.rodata.gPWM_Motor_RightClockConfig)
    gPWM_Motor_RightConfig                   0x0000533c   Data           8  ti_msp_dl_config.o(.rodata.gPWM_Motor_RightConfig)
    [Anonymous Symbol]                       0x0000533c   Section        0  ti_msp_dl_config.o(.rodata.gPWM_Motor_RightConfig)
    gTIMER_0ClockConfig                      0x00005344   Data           3  ti_msp_dl_config.o(.rodata.gTIMER_0ClockConfig)
    [Anonymous Symbol]                       0x00005344   Section        0  ti_msp_dl_config.o(.rodata.gTIMER_0ClockConfig)
    gTIMER_0TimerConfig                      0x00005348   Data          20  ti_msp_dl_config.o(.rodata.gTIMER_0TimerConfig)
    [Anonymous Symbol]                       0x00005348   Section        0  ti_msp_dl_config.o(.rodata.gTIMER_0TimerConfig)
    gUART2ClockConfig                        0x0000535c   Data           2  ti_msp_dl_config.o(.rodata.gUART2ClockConfig)
    [Anonymous Symbol]                       0x0000535c   Section        0  ti_msp_dl_config.o(.rodata.gUART2ClockConfig)
    gUART2Config                             0x0000535e   Data          10  ti_msp_dl_config.o(.rodata.gUART2Config)
    [Anonymous Symbol]                       0x0000535e   Section        0  ti_msp_dl_config.o(.rodata.gUART2Config)
    .bss                                     0x20200168   Section       96  libspace.o(.bss)
    CCR                                      0x20200200   Data          16  my_task.o(.bss.CCR)
    [Anonymous Symbol]                       0x20200200   Section        0  my_task.o(.bss.CCR)
    DEV_CAR_Set_Speed.CCR_.0                 0x20200210   Data           4  dev_car.o(.bss.DEV_CAR_Set_Speed.CCR_.0)
    [Anonymous Symbol]                       0x20200210   Section        0  dev_car.o(.bss.DEV_CAR_Set_Speed.CCR_.0)
    DEV_CAR_Set_Speed.CCR_.1                 0x20200214   Data           4  dev_car.o(.bss.DEV_CAR_Set_Speed.CCR_.1)
    [Anonymous Symbol]                       0x20200214   Section        0  dev_car.o(.bss.DEV_CAR_Set_Speed.CCR_.1)
    DEV_CAR_Set_Speed.CCR_.2                 0x20200218   Data           4  dev_car.o(.bss.DEV_CAR_Set_Speed.CCR_.2)
    [Anonymous Symbol]                       0x20200218   Section        0  dev_car.o(.bss.DEV_CAR_Set_Speed.CCR_.2)
    DEV_CAR_Set_Speed.CCR_.3                 0x2020021c   Data           4  dev_car.o(.bss.DEV_CAR_Set_Speed.CCR_.3)
    [Anonymous Symbol]                       0x2020021c   Section        0  dev_car.o(.bss.DEV_CAR_Set_Speed.CCR_.3)
    follow_line.MAX_CCR                      0x20200670   Data           8  my_task.o(.bss.follow_line.MAX_CCR)
    [Anonymous Symbol]                       0x20200670   Section        0  my_task.o(.bss.follow_line.MAX_CCR)
    task2.count_time                         0x20200889   Data           1  my_task.o(.bss.task2.count_time)
    [Anonymous Symbol]                       0x20200889   Section        0  my_task.o(.bss.task2.count_time)
    task2.last_count_time                    0x2020088c   Data           4  my_task.o(.bss.task2.last_count_time)
    [Anonymous Symbol]                       0x2020088c   Section        0  my_task.o(.bss.task2.last_count_time)
    task3.count_time                         0x20200891   Data           1  my_task.o(.bss.task3.count_time)
    [Anonymous Symbol]                       0x20200891   Section        0  my_task.o(.bss.task3.count_time)
    task3.last_count_time                    0x20200892   Data           1  my_task.o(.bss.task3.last_count_time)
    [Anonymous Symbol]                       0x20200892   Section        0  my_task.o(.bss.task3.last_count_time)
    task3.turn_count                         0x20200893   Data           1  my_task.o(.bss.task3.turn_count)
    [Anonymous Symbol]                       0x20200893   Section        0  my_task.o(.bss.task3.turn_count)
    task4.count_time                         0x20200895   Data           1  my_task.o(.bss.task4.count_time)
    [Anonymous Symbol]                       0x20200895   Section        0  my_task.o(.bss.task4.count_time)
    task4.last_count_time                    0x20200896   Data           1  my_task.o(.bss.task4.last_count_time)
    [Anonymous Symbol]                       0x20200896   Section        0  my_task.o(.bss.task4.last_count_time)
    task4.turn_count                         0x20200897   Data           1  my_task.o(.bss.task4.turn_count)
    [Anonymous Symbol]                       0x20200897   Section        0  my_task.o(.bss.task4.turn_count)
    task5.count_time                         0x20200899   Data           1  my_task.o(.bss.task5.count_time)
    [Anonymous Symbol]                       0x20200899   Section        0  my_task.o(.bss.task5.count_time)
    task5.last_count_time                    0x2020089a   Data           1  my_task.o(.bss.task5.last_count_time)
    [Anonymous Symbol]                       0x2020089a   Section        0  my_task.o(.bss.task5.last_count_time)
    task5.turn_count                         0x2020089b   Data           1  my_task.o(.bss.task5.turn_count)
    [Anonymous Symbol]                       0x2020089b   Section        0  my_task.o(.bss.task5.turn_count)
    turn_angle.I_item                        0x202008a8   Data           4  my_task.o(.bss.turn_angle.I_item)
    [Anonymous Symbol]                       0x202008a8   Section        0  my_task.o(.bss.turn_angle.I_item)
    turn_angle_tuning.count                  0x202008ac   Data           4  my_task.o(.bss.turn_angle_tuning.count)
    [Anonymous Symbol]                       0x202008ac   Section        0  my_task.o(.bss.turn_angle_tuning.count)
    Heap_Mem                                 0x202008b0   Data        2048  startup_mspm0g350x_uvision.o(HEAP)
    HEAP                                     0x202008b0   Section     2048  startup_mspm0g350x_uvision.o(HEAP)
    Stack_Mem                                0x202010b0   Data        2048  startup_mspm0g350x_uvision.o(STACK)
    STACK                                    0x202010b0   Section     2048  startup_mspm0g350x_uvision.o(STACK)
    __initial_sp                             0x202018b0   Data           0  startup_mspm0g350x_uvision.o(STACK)

    Global Symbols

    Symbol Name                              Value     Ov Type        Size  Object(Section)

    BuildAttributes$$THM_ISAv3M$S$PE$A:L22$X:L11$S22$IEEE1$IW$~IW$USESV6$~STKCKD$USESV7$~SHL$OTIME$ROPI$IEEEJ$EBA8$UX$STANDARDLIB$REQ8$PRES8$EABIv2 0x00000000   Number         0  anon$$obj.o ABSOLUTE
    __Vectors                                0x00000000   Data           4  startup_mspm0g350x_uvision.o(RESET)
    _printf_flags                            0x00000000   Number         0  printf_stubs.o ABSOLUTE
    _printf_return_value                     0x00000000   Number         0  printf_stubs.o ABSOLUTE
    _printf_sizespec                         0x00000000   Number         0  printf_stubs.o ABSOLUTE
    _printf_widthprec                        0x00000000   Number         0  printf_stubs.o ABSOLUTE
    __ARM_exceptions_init                     - Undefined Weak Reference
    __alloca_initialize                       - Undefined Weak Reference
    __arm_preinit_                            - Undefined Weak Reference
    __arm_relocate_pie_                       - Undefined Weak Reference
    __cpp_initialize__aeabi_                  - Undefined Weak Reference
    __cxa_finalize                            - Undefined Weak Reference
    __sigvec_lookup                           - Undefined Weak Reference
    __user_heap_extent                        - Undefined Weak Reference
    _atexit_init                              - Undefined Weak Reference
    _call_atexit_fns                          - Undefined Weak Reference
    _clock_init                               - Undefined Weak Reference
    _fp_trap_init                             - Undefined Weak Reference
    _fp_trap_shutdown                         - Undefined Weak Reference
    _get_lc_collate                           - Undefined Weak Reference
    _get_lc_monetary                          - Undefined Weak Reference
    _get_lc_time                              - Undefined Weak Reference
    _getenv_init                              - Undefined Weak Reference
    _handle_redirection                       - Undefined Weak Reference
    _initio                                   - Undefined Weak Reference
    _mutex_acquire                            - Undefined Weak Reference
    _mutex_free                               - Undefined Weak Reference
    _mutex_release                            - Undefined Weak Reference
    _printf_mbtowc                            - Undefined Weak Reference
    _printf_wc                                - Undefined Weak Reference
    _rand_init                                - Undefined Weak Reference
    _signal_finish                            - Undefined Weak Reference
    _signal_init                              - Undefined Weak Reference
    _terminateio                              - Undefined Weak Reference
    __Vectors_End                            0x000000c0   Data           0  startup_mspm0g350x_uvision.o(RESET)
    __Vectors_Size                           0x000000c0   Number         0  startup_mspm0g350x_uvision.o ABSOLUTE
    __main                                   0x000000c1   Thumb Code     8  __main.o(!!!main)
    __scatterload                            0x000000c9   Thumb Code     0  __scatter.o(!!!scatter)
    __scatterload_rt2                        0x000000c9   Thumb Code    74  __scatter.o(!!!scatter)
    __scatterload_rt2_thumb_only             0x000000c9   Thumb Code     0  __scatter.o(!!!scatter)
    __scatterload_loop                       0x000000d3   Thumb Code     0  __scatter.o(!!!scatter)
    __scatterload_null                       0x00000121   Thumb Code     2  __scatter.o(!!handler_null)
    __scatterload_zeroinit                   0x00000129   Thumb Code    28  __scatter_zi.o(!!handler_zi)
    __rt_lib_init                            0x00000145   Thumb Code     0  libinit.o(.ARM.Collect$$libinit$$00000000)
    __rt_lib_init_fp_1                       0x00000147   Thumb Code     0  libinit2.o(.ARM.Collect$$libinit$$00000002)
    __rt_lib_init_heap_2                     0x00000147   Thumb Code     0  libinit2.o(.ARM.Collect$$libinit$$00000007)
    __rt_lib_init_preinit_1                  0x00000147   Thumb Code     0  libinit2.o(.ARM.Collect$$libinit$$00000006)
    __rt_lib_init_relocate_pie_1             0x00000147   Thumb Code     0  libinit2.o(.ARM.Collect$$libinit$$00000004)
    __rt_lib_init_alloca_1                   0x0000014f   Thumb Code     0  libinit2.o(.ARM.Collect$$libinit$$00000030)
    __rt_lib_init_argv_1                     0x0000014f   Thumb Code     0  libinit2.o(.ARM.Collect$$libinit$$0000002E)
    __rt_lib_init_atexit_1                   0x0000014f   Thumb Code     0  libinit2.o(.ARM.Collect$$libinit$$0000001D)
    __rt_lib_init_clock_1                    0x0000014f   Thumb Code     0  libinit2.o(.ARM.Collect$$libinit$$00000023)
    __rt_lib_init_cpp_1                      0x0000014f   Thumb Code     0  libinit2.o(.ARM.Collect$$libinit$$00000034)
    __rt_lib_init_exceptions_1               0x0000014f   Thumb Code     0  libinit2.o(.ARM.Collect$$libinit$$00000032)
    __rt_lib_init_fp_trap_1                  0x0000014f   Thumb Code     0  libinit2.o(.ARM.Collect$$libinit$$00000021)
    __rt_lib_init_getenv_1                   0x0000014f   Thumb Code     0  libinit2.o(.ARM.Collect$$libinit$$00000025)
    __rt_lib_init_heap_1                     0x0000014f   Thumb Code     0  libinit2.o(.ARM.Collect$$libinit$$0000000C)
    __rt_lib_init_lc_collate_1               0x0000014f   Thumb Code     0  libinit2.o(.ARM.Collect$$libinit$$00000013)
    __rt_lib_init_lc_ctype_1                 0x0000014f   Thumb Code     0  libinit2.o(.ARM.Collect$$libinit$$00000015)
    __rt_lib_init_lc_monetary_1              0x0000014f   Thumb Code     0  libinit2.o(.ARM.Collect$$libinit$$00000017)
    __rt_lib_init_lc_numeric_1               0x0000014f   Thumb Code     0  libinit2.o(.ARM.Collect$$libinit$$00000019)
    __rt_lib_init_lc_time_1                  0x0000014f   Thumb Code     0  libinit2.o(.ARM.Collect$$libinit$$0000001B)
    __rt_lib_init_rand_1                     0x0000014f   Thumb Code     0  libinit2.o(.ARM.Collect$$libinit$$00000010)
    __rt_lib_init_return                     0x0000014f   Thumb Code     0  libinit2.o(.ARM.Collect$$libinit$$00000035)
    __rt_lib_init_signal_1                   0x0000014f   Thumb Code     0  libinit2.o(.ARM.Collect$$libinit$$0000001F)
    __rt_lib_init_stdio_1                    0x0000014f   Thumb Code     0  libinit2.o(.ARM.Collect$$libinit$$00000027)
    __rt_lib_init_user_alloc_1               0x0000014f   Thumb Code     0  libinit2.o(.ARM.Collect$$libinit$$0000000E)
    __rt_lib_shutdown                        0x00000151   Thumb Code     0  libshutdown.o(.ARM.Collect$$libshutdown$$00000000)
    __rt_lib_shutdown_cpp_1                  0x00000153   Thumb Code     0  libshutdown2.o(.ARM.Collect$$libshutdown$$00000002)
    __rt_lib_shutdown_fp_trap_1              0x00000153   Thumb Code     0  libshutdown2.o(.ARM.Collect$$libshutdown$$00000007)
    __rt_lib_shutdown_heap_1                 0x00000153   Thumb Code     0  libshutdown2.o(.ARM.Collect$$libshutdown$$0000000F)
    __rt_lib_shutdown_return                 0x00000153   Thumb Code     0  libshutdown2.o(.ARM.Collect$$libshutdown$$00000010)
    __rt_lib_shutdown_signal_1               0x00000153   Thumb Code     0  libshutdown2.o(.ARM.Collect$$libshutdown$$0000000A)
    __rt_lib_shutdown_stdio_1                0x00000153   Thumb Code     0  libshutdown2.o(.ARM.Collect$$libshutdown$$00000004)
    __rt_lib_shutdown_user_alloc_1           0x00000153   Thumb Code     0  libshutdown2.o(.ARM.Collect$$libshutdown$$0000000C)
    __rt_entry                               0x00000155   Thumb Code     0  __rtentry.o(.ARM.Collect$$rtentry$$00000000)
    __rt_entry_presh_1                       0x00000155   Thumb Code     0  __rtentry2.o(.ARM.Collect$$rtentry$$00000002)
    __rt_entry_sh                            0x00000155   Thumb Code     0  __rtentry4.o(.ARM.Collect$$rtentry$$00000004)
    __rt_entry_li                            0x0000015b   Thumb Code     0  __rtentry2.o(.ARM.Collect$$rtentry$$0000000A)
    __rt_entry_postsh_1                      0x0000015b   Thumb Code     0  __rtentry2.o(.ARM.Collect$$rtentry$$00000009)
    __rt_entry_main                          0x0000015f   Thumb Code     0  __rtentry2.o(.ARM.Collect$$rtentry$$0000000D)
    __rt_entry_postli_1                      0x0000015f   Thumb Code     0  __rtentry2.o(.ARM.Collect$$rtentry$$0000000C)
    __rt_exit                                0x00000167   Thumb Code     0  rtexit.o(.ARM.Collect$$rtexit$$00000000)
    __rt_exit_ls                             0x00000169   Thumb Code     0  rtexit2.o(.ARM.Collect$$rtexit$$00000003)
    __rt_exit_prels_1                        0x00000169   Thumb Code     0  rtexit2.o(.ARM.Collect$$rtexit$$00000002)
    __rt_exit_exit                           0x0000016d   Thumb Code     0  rtexit2.o(.ARM.Collect$$rtexit$$00000004)
    Reset_Handler                            0x00000175   Thumb Code     4  startup_mspm0g350x_uvision.o(.text)
    NMI_Handler                              0x00000179   Thumb Code     2  startup_mspm0g350x_uvision.o(.text)
    HardFault_Handler                        0x0000017b   Thumb Code     2  startup_mspm0g350x_uvision.o(.text)
    SVC_Handler                              0x0000017d   Thumb Code     2  startup_mspm0g350x_uvision.o(.text)
    PendSV_Handler                           0x0000017f   Thumb Code     2  startup_mspm0g350x_uvision.o(.text)
    ADC0_IRQHandler                          0x00000183   Thumb Code     0  startup_mspm0g350x_uvision.o(.text)
    ADC1_IRQHandler                          0x00000183   Thumb Code     0  startup_mspm0g350x_uvision.o(.text)
    AES_IRQHandler                           0x00000183   Thumb Code     0  startup_mspm0g350x_uvision.o(.text)
    CANFD0_IRQHandler                        0x00000183   Thumb Code     0  startup_mspm0g350x_uvision.o(.text)
    DAC0_IRQHandler                          0x00000183   Thumb Code     0  startup_mspm0g350x_uvision.o(.text)
    DMA_IRQHandler                           0x00000183   Thumb Code     0  startup_mspm0g350x_uvision.o(.text)
    Default_Handler                          0x00000183   Thumb Code     2  startup_mspm0g350x_uvision.o(.text)
    GROUP0_IRQHandler                        0x00000183   Thumb Code     0  startup_mspm0g350x_uvision.o(.text)
    I2C1_IRQHandler                          0x00000183   Thumb Code     0  startup_mspm0g350x_uvision.o(.text)
    RTC_IRQHandler                           0x00000183   Thumb Code     0  startup_mspm0g350x_uvision.o(.text)
    SPI0_IRQHandler                          0x00000183   Thumb Code     0  startup_mspm0g350x_uvision.o(.text)
    SPI1_IRQHandler                          0x00000183   Thumb Code     0  startup_mspm0g350x_uvision.o(.text)
    TIMA0_IRQHandler                         0x00000183   Thumb Code     0  startup_mspm0g350x_uvision.o(.text)
    TIMA1_IRQHandler                         0x00000183   Thumb Code     0  startup_mspm0g350x_uvision.o(.text)
    TIMG12_IRQHandler                        0x00000183   Thumb Code     0  startup_mspm0g350x_uvision.o(.text)
    TIMG6_IRQHandler                         0x00000183   Thumb Code     0  startup_mspm0g350x_uvision.o(.text)
    TIMG7_IRQHandler                         0x00000183   Thumb Code     0  startup_mspm0g350x_uvision.o(.text)
    TIMG8_IRQHandler                         0x00000183   Thumb Code     0  startup_mspm0g350x_uvision.o(.text)
    UART0_IRQHandler                         0x00000183   Thumb Code     0  startup_mspm0g350x_uvision.o(.text)
    UART1_IRQHandler                         0x00000183   Thumb Code     0  startup_mspm0g350x_uvision.o(.text)
    UART3_IRQHandler                         0x00000183   Thumb Code     0  startup_mspm0g350x_uvision.o(.text)
    __user_initial_stackheap                 0x00000185   Thumb Code    10  startup_mspm0g350x_uvision.o(.text)
    malloc                                   0x000001a5   Thumb Code    98  h1_alloc.o(.text)
    free                                     0x00000207   Thumb Code    76  h1_free.o(.text)
    __aeabi_memset4                          0x00000253   Thumb Code    18  aeabi_memset4.o(.text)
    __aeabi_memset8                          0x00000253   Thumb Code     0  aeabi_memset4.o(.text)
    _memset_w                                0x00000265   Thumb Code    26  rt_memclr.o(.text)
    _memset                                  0x0000027f   Thumb Code    30  rt_memclr.o(.text)
    __aeabi_memclr                           0x0000029d   Thumb Code     4  rt_memclr.o(.text)
    __rt_memclr                              0x0000029d   Thumb Code     0  rt_memclr.o(.text)
    __aeabi_memclr4                          0x000002a1   Thumb Code     0  rt_memclr.o(.text)
    __aeabi_memclr8                          0x000002a1   Thumb Code     0  rt_memclr.o(.text)
    __rt_memclr_w                            0x000002a1   Thumb Code     4  rt_memclr.o(.text)
    __use_two_region_memory                  0x000002a5   Thumb Code     2  heapauxi.o(.text)
    __rt_heap_escrow                         0x000002a7   Thumb Code     2  heapauxi.o(.text)
    __rt_heap_expand                         0x000002a9   Thumb Code     2  heapauxi.o(.text)
    __aeabi_dadd                             0x000005a5   Thumb Code     0  daddsub.o(.text)
    _dadd                                    0x000005a5   Thumb Code    26  daddsub.o(.text)
    __aeabi_dsub                             0x000005bf   Thumb Code     0  daddsub.o(.text)
    _dsub                                    0x000005bf   Thumb Code    22  daddsub.o(.text)
    __aeabi_drsub                            0x000005d5   Thumb Code     0  daddsub.o(.text)
    _drsb                                    0x000005d5   Thumb Code    28  daddsub.o(.text)
    __aeabi_ddiv                             0x00000605   Thumb Code     0  ddiv.o(.text)
    _ddiv                                    0x00000605   Thumb Code  1072  ddiv.o(.text)
    _drdiv                                   0x00000a35   Thumb Code    20  ddiv.o(.text)
    __aeabi_d2iz                             0x00000a4d   Thumb Code     0  dfixi.o(.text)
    _dfix                                    0x00000a4d   Thumb Code    98  dfixi.o(.text)
    __aeabi_i2d_normalise                    0x00000ab9   Thumb Code    66  dflti.o(.text)
    __aeabi_i2d                              0x00000afb   Thumb Code    16  dflti.o(.text)
    _dflt                                    0x00000afb   Thumb Code     0  dflti.o(.text)
    __aeabi_ui2d                             0x00000b0b   Thumb Code     6  dflti.o(.text)
    _dfltu                                   0x00000b0b   Thumb Code     0  dflti.o(.text)
    __aeabi_dmul                             0x00000b11   Thumb Code     0  dmul.o(.text)
    _dmul                                    0x00000b11   Thumb Code   558  dmul.o(.text)
    __aeabi_f2iz                             0x00000d59   Thumb Code     0  ffixi.o(.text)
    _ffix                                    0x00000d59   Thumb Code    76  ffixi.o(.text)
    __aeabi_i2f_normalise                    0x00000da5   Thumb Code    72  fflti.o(.text)
    __aeabi_i2f                              0x00000ded   Thumb Code    16  fflti.o(.text)
    _fflt                                    0x00000ded   Thumb Code     0  fflti.o(.text)
    __aeabi_ui2f                             0x00000dfd   Thumb Code     6  fflti.o(.text)
    _ffltu                                   0x00000dfd   Thumb Code     0  fflti.o(.text)
    __rt_heap_descriptor                     0x00000e05   Thumb Code     8  rt_heap_descriptor_intlibspace.o(.text)
    __use_no_heap                            0x00000e0d   Thumb Code     2  hguard.o(.text)
    __heap$guard                             0x00000e0f   Thumb Code     2  hguard.o(.text)
    _terminate_user_alloc                    0x00000e11   Thumb Code     2  init_alloc.o(.text)
    _init_user_alloc                         0x00000e13   Thumb Code     2  init_alloc.o(.text)
    __Heap_Full                              0x00000e15   Thumb Code    32  init_alloc.o(.text)
    __Heap_Broken                            0x00000e35   Thumb Code    10  init_alloc.o(.text)
    _init_alloc                              0x00000e3f   Thumb Code    90  init_alloc.o(.text)
    __Heap_Initialize                        0x00000e99   Thumb Code     8  h1_init.o(.text)
    __Heap_DescSize                          0x00000ea1   Thumb Code     4  h1_init.o(.text)
    __user_libspace                          0x00000ea5   Thumb Code     8  libspace.o(.text)
    __user_perproc_libspace                  0x00000ea5   Thumb Code     0  libspace.o(.text)
    __user_perthread_libspace                0x00000ea5   Thumb Code     0  libspace.o(.text)
    __Heap_ProvideMemory                     0x00000ead   Thumb Code    52  h1_extend.o(.text)
    _maybe_terminate_alloc                   0x00000ead   Thumb Code     0  maybetermalloc1.o(.text)
    __rt_SIGRTMEM                            0x00000ee1   Thumb Code    12  defsig_rtmem_outer.o(.text)
    __fpl_dcmp_InfNaN                        0x00000eed   Thumb Code   154  dcmpin.o(.text)
    __fpl_fcmp_InfNaN                        0x00000f8d   Thumb Code    96  fcmpin.o(.text)
    __I$use$semihosting                      0x00000ff1   Thumb Code     0  use_no_semi.o(.text)
    __use_no_semihosting_swi                 0x00000ff1   Thumb Code     2  use_no_semi.o(.text)
    __semihosting_library_function           0x00000ff3   Thumb Code     0  indicate_semi.o(.text)
    __user_setup_stackheap                   0x00000ff3   Thumb Code    62  sys_stackheap_outer.o(.text)
    exit                                     0x00001031   Thumb Code    16  exit.o(.text)
    __sig_exit                               0x00001041   Thumb Code    12  defsig_exit.o(.text)
    __rt_SIGRTMEM_inner                      0x0000104d   Thumb Code    22  defsig_rtmem_inner.o(.text)
    __fpl_cmpreturn                          0x0000109d   Thumb Code    46  cmpret.o(.text)
    __fpl_dcheck_NaN2                        0x000010cd   Thumb Code    14  dnan2.o(.text)
    __fpl_fcheck_NaN2                        0x000010e1   Thumb Code    10  fnan2.o(.text)
    _sys_exit                                0x000010f1   Thumb Code     8  sys_exit.o(.text)
    __default_signal_display                 0x000010fd   Thumb Code    52  defsig_general.o(.text)
    __fpl_return_NaN                         0x00001131   Thumb Code    94  retnan.o(.text)
    _ttywrch                                 0x0000118f   Thumb Code    12  sys_wrch.o(.text)
    __decompress                             0x0000119b   Thumb Code     0  __dczerorl.o(.text)
    __decompress0                            0x0000119b   Thumb Code    58  __dczerorl.o(.text)
    BUFF_pop_by_Protocol                     0x000011d5   Thumb Code   478  buffer.o(.text.BUFF_pop_by_Protocol)
    Car_Set_Direction                        0x000013b5   Thumb Code   340  dev_car.o(.text.Car_Set_Direction)
    ClearScreenBuffer                        0x00001509   Thumb Code    16  oled_buffer.o(.text.ClearScreenBuffer)
    DEV_CAR_Init                             0x0000151d   Thumb Code    40  dev_car.o(.text.DEV_CAR_Init)
    DEV_CAR_Set_Speed                        0x00001545   Thumb Code   280  dev_car.o(.text.DEV_CAR_Set_Speed)
    DL_Common_delayCycles                    0x00001679   Thumb Code    20  dl_common.o(.text.DL_Common_delayCycles)
    DL_I2C_fillControllerTXFIFO              0x00001705   Thumb Code    86  dl_i2c.o(.text.DL_I2C_fillControllerTXFIFO)
    DL_I2C_flushControllerTXFIFO             0x0000175b   Thumb Code    38  dl_i2c.o(.text.DL_I2C_flushControllerTXFIFO)
    DL_I2C_setClockConfig                    0x000017bd   Thumb Code    52  dl_i2c.o(.text.DL_I2C_setClockConfig)
    DL_TimerA_initPWMMode                    0x00001835   Thumb Code   240  dl_timer.o(.text.DL_TimerA_initPWMMode)
    DL_Timer_initPWMMode                     0x00001925   Thumb Code   280  dl_timer.o(.text.DL_Timer_initPWMMode)
    DL_Timer_initTimerMode                   0x00001a3d   Thumb Code   148  dl_timer.o(.text.DL_Timer_initTimerMode)
    DL_Timer_setCaptCompUpdateMethod         0x00001ad1   Thumb Code    52  dl_timer.o(.text.DL_Timer_setCaptCompUpdateMethod)
    DL_Timer_setCaptureCompareAction         0x00001b05   Thumb Code    56  dl_timer.o(.text.DL_Timer_setCaptureCompareAction)
    DL_Timer_setCaptureCompareCtl            0x00001b3d   Thumb Code    64  dl_timer.o(.text.DL_Timer_setCaptureCompareCtl)
    DL_Timer_setCaptureCompareInput          0x00001b7d   Thumb Code    56  dl_timer.o(.text.DL_Timer_setCaptureCompareInput)
    DL_Timer_setCaptureCompareOutCtl         0x00001bb5   Thumb Code    60  dl_timer.o(.text.DL_Timer_setCaptureCompareOutCtl)
    DL_Timer_setCaptureCompareValue          0x00001bf1   Thumb Code    44  dl_timer.o(.text.DL_Timer_setCaptureCompareValue)
    DL_Timer_setClockConfig                  0x00001c1d   Thumb Code    48  dl_timer.o(.text.DL_Timer_setClockConfig)
    DL_UART_init                             0x00001c9d   Thumb Code    88  dl_uart.o(.text.DL_UART_init)
    DL_UART_setClockConfig                   0x00001cf5   Thumb Code    36  dl_uart.o(.text.DL_UART_setClockConfig)
    DrawChar                                 0x00001d19   Thumb Code    96  oled_draw.o(.text.DrawChar)
    DrawString                               0x00001d7d   Thumb Code    60  oled_draw.o(.text.DrawString)
    EXTI_Init                                0x00001db9   Thumb Code    12  exti.o(.text.EXTI_Init)
    GROUP1_IRQHandler                        0x00001dc9   Thumb Code   384  exti.o(.text.GROUP1_IRQHandler)
    I2C0_IRQHandler                          0x00001f65   Thumb Code    28  dev_i2c.o(.text.I2C0_IRQHandler)
    I2C_WriteArray2Register_With_Blocking    0x00001f85   Thumb Code   480  dev_i2c.o(.text.I2C_WriteArray2Register_With_Blocking)
    I2C_WriteArray_With_Blocking             0x00002169   Thumb Code   276  dev_i2c.o(.text.I2C_WriteArray_With_Blocking)
    I2C__init__                              0x00002295   Thumb Code    44  dev_i2c.o(.text.I2C__init__)
    Iinitial_BUFF                            0x000022c9   Thumb Code    30  buffer.o(.text.Iinitial_BUFF)
    LED_OFF                                  0x000022e9   Thumb Code    16  led.o(.text.LED_OFF)
    LED_ON                                   0x000022f9   Thumb Code    20  led.o(.text.LED_ON)
    OLED_CLS                                 0x00002315   Thumb Code   104  oled.o(.text.OLED_CLS)
    OLED_FILL                                0x0000237d   Thumb Code    96  oled.o(.text.OLED_FILL)
    OLED_Init                                0x000023dd   Thumb Code   464  oled.o(.text.OLED_Init)
    PID_Initialize                           0x000025b1   Thumb Code    30  pid.o(.text.PID_Initialize)
    PID_Realize                              0x000025cf   Thumb Code   126  pid.o(.text.PID_Realize)
    SYSCFG_DL_GPIO_init                      0x0000264d   Thumb Code   252  ti_msp_dl_config.o(.text.SYSCFG_DL_GPIO_init)
    SYSCFG_DL_I2C0_init                      0x00002775   Thumb Code   112  ti_msp_dl_config.o(.text.SYSCFG_DL_I2C0_init)
    SYSCFG_DL_PWM_Motor_Left_init            0x000027f9   Thumb Code   144  ti_msp_dl_config.o(.text.SYSCFG_DL_PWM_Motor_Left_init)
    SYSCFG_DL_PWM_Motor_Right_init           0x00002899   Thumb Code   108  ti_msp_dl_config.o(.text.SYSCFG_DL_PWM_Motor_Right_init)
    SYSCFG_DL_SYSCTL_init                    0x00002919   Thumb Code    84  ti_msp_dl_config.o(.text.SYSCFG_DL_SYSCTL_init)
    SYSCFG_DL_SYSTICK_init                   0x00002979   Thumb Code    36  ti_msp_dl_config.o(.text.SYSCFG_DL_SYSTICK_init)
    SYSCFG_DL_TIMER_0_init                   0x000029a9   Thumb Code    52  ti_msp_dl_config.o(.text.SYSCFG_DL_TIMER_0_init)
    SYSCFG_DL_UART2_init                     0x000029f5   Thumb Code   100  ti_msp_dl_config.o(.text.SYSCFG_DL_UART2_init)
    SYSCFG_DL_init                           0x00002a75   Thumb Code    56  ti_msp_dl_config.o(.text.SYSCFG_DL_init)
    SYSCFG_DL_initPower                      0x00002ab5   Thumb Code    60  ti_msp_dl_config.o(.text.SYSCFG_DL_initPower)
    SysTick_Handler                          0x00002b15   Thumb Code    32  delay.o(.text.SysTick_Handler)
    TIMG0_IRQHandler                         0x00002b39   Thumb Code    36  time.o(.text.TIMG0_IRQHandler)
    UART2_IRQHandler                         0x00002b65   Thumb Code    36  uart.o(.text.UART2_IRQHandler)
    UART_NVIC_Init                           0x00002b95   Thumb Code    24  uart.o(.text.UART_NVIC_Init)
    UI_back                                  0x00002bb9   Thumb Code    32  ui_.o(.text.UI_back)
    UI_enter                                 0x00002bd9   Thumb Code    44  ui_.o(.text.UI_enter)
    UI_next                                  0x00002c05   Thumb Code    48  ui_.o(.text.UI_next)
    UI_prev                                  0x00002c35   Thumb Code    48  ui_.o(.text.UI_prev)
    UI_updata                                0x00002c69   Thumb Code    96  ui_.o(.text.UI_updata)
    UpdateScreenDisplay                      0x00002cd1   Thumb Code    12  oled_buffer.o(.text.UpdateScreenDisplay)
    WriteByteBuffer                          0x00002cdd   Thumb Code    12  oled_buffer.o(.text.WriteByteBuffer)
    Write_BUFF                               0x00002ced   Thumb Code    72  buffer.o(.text.Write_BUFF)
    angle_tuning_init                        0x00002d35   Thumb Code    16  ui_.o(.text.angle_tuning_init)
    bsp_GetKey                               0x00002d4d   Thumb Code    32  exti.o(.text.bsp_GetKey)
    delay_ms                                 0x00002d71   Thumb Code    32  delay.o(.text.delay_ms)
    follow_angle                             0x00002d95   Thumb Code   136  my_task.o(.text.follow_angle)
    follow_angle_FAST                        0x00002e29   Thumb Code   208  my_task.o(.text.follow_angle_FAST)
    follow_line                              0x00002f31   Thumb Code   252  my_task.o(.text.follow_line)
    init_task                                0x00003045   Thumb Code    88  my_task.o(.text.init_task)
    main                                     0x000030cd   Thumb Code   336  main.o(.text.main)
    read_grayscale                           0x0000323d   Thumb Code   220  dev_grayscale.o(.text.read_grayscale)
    task1                                    0x00003325   Thumb Code   216  my_task.o(.text.task1)
    task2                                    0x00003435   Thumb Code  1176  my_task.o(.text.task2)
    task3                                    0x00003919   Thumb Code  1376  my_task.o(.text.task3)
    task4                                    0x00003ecd   Thumb Code  1052  my_task.o(.text.task4)
    task5                                    0x00004329   Thumb Code  1204  my_task.o(.text.task5)
    task_five_init                           0x00004835   Thumb Code    32  ui_.o(.text.task_five_init)
    task_four_init                           0x0000485d   Thumb Code    32  ui_.o(.text.task_four_init)
    task_one_init                            0x00004885   Thumb Code    28  ui_.o(.text.task_one_init)
    task_three_init                          0x000048a9   Thumb Code    32  ui_.o(.text.task_three_init)
    task_two_init                            0x000048dd   Thumb Code    28  ui_.o(.text.task_two_init)
    test1                                    0x00004909   Thumb Code   216  ui_.o(.text.test1)
    turn_angle                               0x00004a89   Thumb Code   300  my_task.o(.text.turn_angle)
    turn_angle_tuning                        0x00004bed   Thumb Code   120  my_task.o(.text.turn_angle_tuning)
    __aeabi_dcmpge                           0x00004c7d   Thumb Code     0  dcmp.o(i._dgeq)
    _dgeq                                    0x00004c7d   Thumb Code    22  dcmp.o(i._dgeq)
    __aeabi_dcmpgt                           0x00004c93   Thumb Code     0  dcmp.o(i._dgr)
    _dgr                                     0x00004c93   Thumb Code    22  dcmp.o(i._dgr)
    __aeabi_dcmple                           0x00004ca9   Thumb Code     0  dcmp.o(i._dleq)
    _dleq                                    0x00004ca9   Thumb Code    26  dcmp.o(i._dleq)
    __aeabi_dcmplt                           0x00004cc3   Thumb Code     0  dcmp.o(i._dls)
    _dls                                     0x00004cc3   Thumb Code    22  dcmp.o(i._dls)
    __aeabi_fcmpgt                           0x00004cd9   Thumb Code     0  fcmp.o(i._fgr)
    _fgr                                     0x00004cd9   Thumb Code    22  fcmp.o(i._fgr)
    __aeabi_fcmplt                           0x00004cef   Thumb Code     0  fcmp.o(i._fls)
    _fls                                     0x00004cef   Thumb Code    22  fcmp.o(i._fls)
    _dcmpge                                  0x00004d05   Thumb Code    94  dgef.o(x$fpl$dgeqf)
    __aeabi_cdcmple                          0x00004d69   Thumb Code     0  dlef.o(x$fpl$dleqf)
    _dcmple                                  0x00004d69   Thumb Code    94  dlef.o(x$fpl$dleqf)
    __aeabi_fadd                             0x00004dcd   Thumb Code     0  faddsub.o(x$fpl$fadd)
    _fadd                                    0x00004dcd   Thumb Code   134  faddsub.o(x$fpl$fadd)
    _fcmpge                                  0x00004e59   Thumb Code    78  fgef.o(x$fpl$fgeqf)
    __aeabi_cfcmple                          0x00004ead   Thumb Code     0  flef.o(x$fpl$fleqf)
    _fcmple                                  0x00004ead   Thumb Code    78  flef.o(x$fpl$fleqf)
    __aeabi_fmul                             0x00004f01   Thumb Code     0  fmul.o(x$fpl$fmul)
    _fmul                                    0x00004f01   Thumb Code   172  fmul.o(x$fpl$fmul)
    __aeabi_fsub                             0x00004fb1   Thumb Code     0  faddsub.o(x$fpl$fsub)
    _fsub                                    0x00004fb1   Thumb Code   204  faddsub.o(x$fpl$fsub)
    __I$use$fp                               0x00005080   Number         0  usenofp.o(x$fpl$usenofp)
    F6x8                                     0x00005100   Data         552  oled_draw.o(.rodata.F6x8)
    Region$$Table$$Base                      0x00005368   Number         0  anon$$obj.o(Region$$Table)
    Region$$Table$$Limit                     0x00005388   Number         0  anon$$obj.o(Region$$Table)
    Key_0                                    0x20200000   Data          24  exti.o(.data.Key_0)
    Key_1                                    0x20200018   Data          24  exti.o(.data.Key_1)
    Key_2                                    0x20200030   Data          24  exti.o(.data.Key_2)
    gI2C0_Device                             0x20200048   Data         280  dev_i2c.o(.data.gI2C0_Device)
    not_on_drak_line_flag                    0x20200160   Data           1  dev_grayscale.o(.data.not_on_drak_line_flag)
    on_drak_line_flag                        0x20200161   Data           1  dev_grayscale.o(.data.on_drak_line_flag)
    __libspace_start                         0x20200168   Data          96  libspace.o(.bss)
    Aim_Angle                                0x202001c8   Data           8  my_task.o(.bss.Aim_Angle)
    __temporary_stack_top$libspace           0x202001c8   Data           0  libspace.o(.bss)
    Angle                                    0x202001d0   Data          48  main.o(.bss.Angle)
    Data_UART_2                              0x20200220   Data           1  uart.o(.bss.Data_UART_2)
    Follow_Angle_Count                       0x20200224   Data           4  my_task.o(.bss.Follow_Angle_Count)
    I2C0_buffer                              0x20200228   Data          28  dev_i2c.o(.bss.I2C0_buffer)
    ScreenBuffer                             0x20200244   Data        1024  oled_buffer.o(.bss.ScreenBuffer)
    U2_buffer                                0x20200644   Data          28  uart.o(.bss.U2_buffer)
    current_item                             0x20200660   Data           4  ui_.o(.bss.current_item)
    current_item_index                       0x20200664   Data           4  ui_.o(.bss.current_item_index)
    current_page                             0x20200668   Data           4  ui_.o(.bss.current_page)
    delay_times                              0x2020066c   Data           4  delay.o(.bss.delay_times)
    gPWM_Motor_LeftBackup                    0x20200678   Data         188  ti_msp_dl_config.o(.bss.gPWM_Motor_LeftBackup)
    gPWM_Motor_RightBackup                   0x20200734   Data         120  ti_msp_dl_config.o(.bss.gPWM_Motor_RightBackup)
    gray_value                               0x202007ac   Data           4  dev_grayscale.o(.bss.gray_value)
    in_middle_flag                           0x202007b0   Data           1  dev_grayscale.o(.bss.in_middle_flag)
    led_state                                0x202007b1   Data           1  led.o(.bss.led_state)
    page1                                    0x202007b4   Data          16  ui_.o(.bss.page1)
    page2                                    0x202007c4   Data          16  ui_.o(.bss.page2)
    page3                                    0x202007d4   Data          16  ui_.o(.bss.page3)
    pid_follow_angle                         0x202007e4   Data          36  my_task.o(.bss.pid_follow_angle)
    pid_follow_line                          0x20200808   Data          36  my_task.o(.bss.pid_follow_line)
    pid_follow_line_fast                     0x2020082c   Data          36  my_task.o(.bss.pid_follow_line_fast)
    pid_turn_angle                           0x20200850   Data          36  my_task.o(.bss.pid_turn_angle)
    s_tKey                                   0x20200874   Data          13  exti.o(.bss.s_tKey)
    task                                     0x20200884   Data           4  time.o(.bss.task)
    task1_index                              0x20200888   Data           1  my_task.o(.bss.task1_index)
    task2_index                              0x20200890   Data           1  my_task.o(.bss.task2_index)
    task3_index                              0x20200894   Data           1  my_task.o(.bss.task3_index)
    task4_index                              0x20200898   Data           1  my_task.o(.bss.task4_index)
    task5_index                              0x2020089c   Data           1  my_task.o(.bss.task5_index)
    the_std_time                             0x202008a0   Data           8  delay.o(.bss.the_std_time)



==============================================================================

Memory Map of the image

  Image Entry point : 0x000000c1

  Load Region LR_IROM1 (Base: 0x00000000, Size: 0x000054f0, Max: 0x00020000, ABSOLUTE, COMPRESSED[0x000053b8])

    Execution Region ER_IROM1 (Exec base: 0x00000000, Load base: 0x00000000, Size: 0x00005388, Max: 0x00020000, ABSOLUTE)

    Exec Addr    Load Addr    Size         Type   Attr      Idx    E Section Name        Object

    0x00000000   0x00000000   0x000000c0   Data   RO           14    RESET               startup_mspm0g350x_uvision.o
    0x000000c0   0x000000c0   0x00000008   Code   RO          781  * !!!main             c_p.l(__main.o)
    0x000000c8   0x000000c8   0x00000054   Code   RO         1234    !!!scatter          c_p.l(__scatter.o)
    0x0000011c   0x0000011c   0x00000004   PAD
    0x00000120   0x00000120   0x00000002   Code   RO         1235    !!handler_null      c_p.l(__scatter.o)
    0x00000122   0x00000122   0x00000006   PAD
    0x00000128   0x00000128   0x0000001c   Code   RO         1238    !!handler_zi        c_p.l(__scatter_zi.o)
    0x00000144   0x00000144   0x00000002   Code   RO         1145    .ARM.Collect$$libinit$$00000000  c_p.l(libinit.o)
    0x00000146   0x00000146   0x00000000   Code   RO          959    .ARM.Collect$$libinit$$00000002  c_p.l(libinit2.o)
    0x00000146   0x00000146   0x00000000   Code   RO          961    .ARM.Collect$$libinit$$00000004  c_p.l(libinit2.o)
    0x00000146   0x00000146   0x00000000   Code   RO          963    .ARM.Collect$$libinit$$00000006  c_p.l(libinit2.o)
    0x00000146   0x00000146   0x00000008   Code   RO          964    .ARM.Collect$$libinit$$00000007  c_p.l(libinit2.o)
    0x0000014e   0x0000014e   0x00000000   Code   RO          966    .ARM.Collect$$libinit$$0000000C  c_p.l(libinit2.o)
    0x0000014e   0x0000014e   0x00000000   Code   RO          968    .ARM.Collect$$libinit$$0000000E  c_p.l(libinit2.o)
    0x0000014e   0x0000014e   0x00000000   Code   RO          970    .ARM.Collect$$libinit$$00000010  c_p.l(libinit2.o)
    0x0000014e   0x0000014e   0x00000000   Code   RO          973    .ARM.Collect$$libinit$$00000013  c_p.l(libinit2.o)
    0x0000014e   0x0000014e   0x00000000   Code   RO          975    .ARM.Collect$$libinit$$00000015  c_p.l(libinit2.o)
    0x0000014e   0x0000014e   0x00000000   Code   RO          977    .ARM.Collect$$libinit$$00000017  c_p.l(libinit2.o)
    0x0000014e   0x0000014e   0x00000000   Code   RO          979    .ARM.Collect$$libinit$$00000019  c_p.l(libinit2.o)
    0x0000014e   0x0000014e   0x00000000   Code   RO          981    .ARM.Collect$$libinit$$0000001B  c_p.l(libinit2.o)
    0x0000014e   0x0000014e   0x00000000   Code   RO          983    .ARM.Collect$$libinit$$0000001D  c_p.l(libinit2.o)
    0x0000014e   0x0000014e   0x00000000   Code   RO          985    .ARM.Collect$$libinit$$0000001F  c_p.l(libinit2.o)
    0x0000014e   0x0000014e   0x00000000   Code   RO          987    .ARM.Collect$$libinit$$00000021  c_p.l(libinit2.o)
    0x0000014e   0x0000014e   0x00000000   Code   RO          989    .ARM.Collect$$libinit$$00000023  c_p.l(libinit2.o)
    0x0000014e   0x0000014e   0x00000000   Code   RO          991    .ARM.Collect$$libinit$$00000025  c_p.l(libinit2.o)
    0x0000014e   0x0000014e   0x00000000   Code   RO          993    .ARM.Collect$$libinit$$00000027  c_p.l(libinit2.o)
    0x0000014e   0x0000014e   0x00000000   Code   RO          997    .ARM.Collect$$libinit$$0000002E  c_p.l(libinit2.o)
    0x0000014e   0x0000014e   0x00000000   Code   RO          999    .ARM.Collect$$libinit$$00000030  c_p.l(libinit2.o)
    0x0000014e   0x0000014e   0x00000000   Code   RO         1001    .ARM.Collect$$libinit$$00000032  c_p.l(libinit2.o)
    0x0000014e   0x0000014e   0x00000000   Code   RO         1003    .ARM.Collect$$libinit$$00000034  c_p.l(libinit2.o)
    0x0000014e   0x0000014e   0x00000002   Code   RO         1004    .ARM.Collect$$libinit$$00000035  c_p.l(libinit2.o)
    0x00000150   0x00000150   0x00000002   Code   RO         1229    .ARM.Collect$$libshutdown$$00000000  c_p.l(libshutdown.o)
    0x00000152   0x00000152   0x00000000   Code   RO         1181    .ARM.Collect$$libshutdown$$00000002  c_p.l(libshutdown2.o)
    0x00000152   0x00000152   0x00000000   Code   RO         1183    .ARM.Collect$$libshutdown$$00000004  c_p.l(libshutdown2.o)
    0x00000152   0x00000152   0x00000000   Code   RO         1186    .ARM.Collect$$libshutdown$$00000007  c_p.l(libshutdown2.o)
    0x00000152   0x00000152   0x00000000   Code   RO         1189    .ARM.Collect$$libshutdown$$0000000A  c_p.l(libshutdown2.o)
    0x00000152   0x00000152   0x00000000   Code   RO         1191    .ARM.Collect$$libshutdown$$0000000C  c_p.l(libshutdown2.o)
    0x00000152   0x00000152   0x00000000   Code   RO         1194    .ARM.Collect$$libshutdown$$0000000F  c_p.l(libshutdown2.o)
    0x00000152   0x00000152   0x00000002   Code   RO         1195    .ARM.Collect$$libshutdown$$00000010  c_p.l(libshutdown2.o)
    0x00000154   0x00000154   0x00000000   Code   RO          837    .ARM.Collect$$rtentry$$00000000  c_p.l(__rtentry.o)
    0x00000154   0x00000154   0x00000000   Code   RO         1034    .ARM.Collect$$rtentry$$00000002  c_p.l(__rtentry2.o)
    0x00000154   0x00000154   0x00000006   Code   RO         1046    .ARM.Collect$$rtentry$$00000004  c_p.l(__rtentry4.o)
    0x0000015a   0x0000015a   0x00000000   Code   RO         1036    .ARM.Collect$$rtentry$$00000009  c_p.l(__rtentry2.o)
    0x0000015a   0x0000015a   0x00000004   Code   RO         1037    .ARM.Collect$$rtentry$$0000000A  c_p.l(__rtentry2.o)
    0x0000015e   0x0000015e   0x00000000   Code   RO         1039    .ARM.Collect$$rtentry$$0000000C  c_p.l(__rtentry2.o)
    0x0000015e   0x0000015e   0x00000008   Code   RO         1040    .ARM.Collect$$rtentry$$0000000D  c_p.l(__rtentry2.o)
    0x00000166   0x00000166   0x00000002   Code   RO         1161    .ARM.Collect$$rtexit$$00000000  c_p.l(rtexit.o)
    0x00000168   0x00000168   0x00000000   Code   RO         1203    .ARM.Collect$$rtexit$$00000002  c_p.l(rtexit2.o)
    0x00000168   0x00000168   0x00000004   Code   RO         1204    .ARM.Collect$$rtexit$$00000003  c_p.l(rtexit2.o)
    0x0000016c   0x0000016c   0x00000006   Code   RO         1205    .ARM.Collect$$rtexit$$00000004  c_p.l(rtexit2.o)
    0x00000172   0x00000172   0x00000002   PAD
    0x00000174   0x00000174   0x00000030   Code   RO           15    .text               startup_mspm0g350x_uvision.o
    0x000001a4   0x000001a4   0x00000062   Code   RO          701    .text               c_p.l(h1_alloc.o)
    0x00000206   0x00000206   0x0000004c   Code   RO          703    .text               c_p.l(h1_free.o)
    0x00000252   0x00000252   0x00000012   Code   RO          767    .text               c_p.l(aeabi_memset4.o)
    0x00000264   0x00000264   0x00000040   Code   RO          769    .text               c_p.l(rt_memclr.o)
    0x000002a4   0x000002a4   0x00000006   Code   RO          779    .text               c_p.l(heapauxi.o)
    0x000002aa   0x000002aa   0x00000002   PAD
    0x000002ac   0x000002ac   0x00000358   Code   RO          783    .text               fz_ps.l(daddsub.o)
    0x00000604   0x00000604   0x00000448   Code   RO          797    .text               fz_ps.l(ddiv.o)
    0x00000a4c   0x00000a4c   0x0000006c   Code   RO          800    .text               fz_ps.l(dfixi.o)
    0x00000ab8   0x00000ab8   0x00000058   Code   RO          802    .text               fz_ps.l(dflti.o)
    0x00000b10   0x00000b10   0x00000248   Code   RO          804    .text               fz_ps.l(dmul.o)
    0x00000d58   0x00000d58   0x0000004c   Code   RO          827    .text               fz_ps.l(ffixi.o)
    0x00000da4   0x00000da4   0x0000005e   Code   RO          831    .text               fz_ps.l(fflti.o)
    0x00000e02   0x00000e02   0x00000002   PAD
    0x00000e04   0x00000e04   0x00000008   Code   RO          845    .text               c_p.l(rt_heap_descriptor_intlibspace.o)
    0x00000e0c   0x00000e0c   0x00000004   Code   RO          847    .text               c_p.l(hguard.o)
    0x00000e10   0x00000e10   0x00000088   Code   RO          849    .text               c_p.l(init_alloc.o)
    0x00000e98   0x00000e98   0x0000000c   Code   RO          853    .text               c_p.l(h1_init.o)
    0x00000ea4   0x00000ea4   0x00000008   Code   RO         1030    .text               c_p.l(libspace.o)
    0x00000eac   0x00000eac   0x00000000   Code   RO         1052    .text               c_p.l(maybetermalloc1.o)
    0x00000eac   0x00000eac   0x00000034   Code   RO         1054    .text               c_p.l(h1_extend.o)
    0x00000ee0   0x00000ee0   0x0000000c   Code   RO         1078    .text               c_p.l(defsig_rtmem_outer.o)
    0x00000eec   0x00000eec   0x000000a0   Code   RO         1089    .text               fz_ps.l(dcmpin.o)
    0x00000f8c   0x00000f8c   0x00000064   Code   RO         1091    .text               fz_ps.l(fcmpin.o)
    0x00000ff0   0x00000ff0   0x00000002   Code   RO         1095    .text               c_p.l(use_no_semi.o)
    0x00000ff2   0x00000ff2   0x00000000   Code   RO         1097    .text               c_p.l(indicate_semi.o)
    0x00000ff2   0x00000ff2   0x0000003e   Code   RO         1098    .text               c_p.l(sys_stackheap_outer.o)
    0x00001030   0x00001030   0x00000010   Code   RO         1126    .text               c_p.l(exit.o)
    0x00001040   0x00001040   0x0000000c   Code   RO         1128    .text               c_p.l(defsig_exit.o)
    0x0000104c   0x0000104c   0x00000050   Code   RO         1134    .text               c_p.l(defsig_rtmem_inner.o)
    0x0000109c   0x0000109c   0x0000002e   Code   RO         1146    .text               fz_ps.l(cmpret.o)
    0x000010ca   0x000010ca   0x00000002   PAD
    0x000010cc   0x000010cc   0x00000014   Code   RO         1148    .text               fz_ps.l(dnan2.o)
    0x000010e0   0x000010e0   0x00000010   Code   RO         1150    .text               fz_ps.l(fnan2.o)
    0x000010f0   0x000010f0   0x0000000c   Code   RO         1156    .text               c_p.l(sys_exit.o)
    0x000010fc   0x000010fc   0x00000034   Code   RO         1174    .text               c_p.l(defsig_general.o)
    0x00001130   0x00001130   0x0000005e   Code   RO         1196    .text               fz_ps.l(retnan.o)
    0x0000118e   0x0000118e   0x0000000c   Code   RO         1198    .text               c_p.l(sys_wrch.o)
    0x0000119a   0x0000119a   0x0000003a   Code   RO         1232    .text               c_p.l(__dczerorl.o)
    0x000011d4   0x000011d4   0x000001de   Code   RO          340    .text.BUFF_pop_by_Protocol  buffer.o
    0x000013b2   0x000013b2   0x00000002   PAD
    0x000013b4   0x000013b4   0x00000154   Code   RO          418    .text.Car_Set_Direction  dev_car.o
    0x00001508   0x00001508   0x00000014   Code   RO          269    .text.ClearScreenBuffer  oled_buffer.o
    0x0000151c   0x0000151c   0x00000028   Code   RO          416    .text.DEV_CAR_Init  dev_car.o
    0x00001544   0x00001544   0x00000134   Code   RO          420    .text.DEV_CAR_Set_Speed  dev_car.o
    0x00001678   0x00001678   0x00000014   Code   RO          472    .text.DL_Common_delayCycles  driverlib.a(dl_common.o)
    0x0000168c   0x0000168c   0x00000028   Code   RO          478    .text.DL_Common_updateReg  driverlib.a(dl_i2c.o)
    0x000016b4   0x000016b4   0x00000028   Code   RO          562    .text.DL_Common_updateReg  driverlib.a(dl_timer.o)
    0x000016dc   0x000016dc   0x00000028   Code   RO          648    .text.DL_Common_updateReg  driverlib.a(dl_uart.o)
    0x00001704   0x00001704   0x00000056   Code   RO          482    .text.DL_I2C_fillControllerTXFIFO  driverlib.a(dl_i2c.o)
    0x0000175a   0x0000175a   0x00000026   Code   RO          488    .text.DL_I2C_flushControllerTXFIFO  driverlib.a(dl_i2c.o)
    0x00001780   0x00001780   0x00000020   Code   RO          492    .text.DL_I2C_isControllerTXFIFOEmpty  driverlib.a(dl_i2c.o)
    0x000017a0   0x000017a0   0x0000001c   Code   RO          484    .text.DL_I2C_isControllerTXFIFOFull  driverlib.a(dl_i2c.o)
    0x000017bc   0x000017bc   0x00000034   Code   RO          476    .text.DL_I2C_setClockConfig  driverlib.a(dl_i2c.o)
    0x000017f0   0x000017f0   0x00000014   Code   RO          490    .text.DL_I2C_startFlushControllerTXFIFO  driverlib.a(dl_i2c.o)
    0x00001804   0x00001804   0x00000018   Code   RO          494    .text.DL_I2C_stopFlushControllerTXFIFO  driverlib.a(dl_i2c.o)
    0x0000181c   0x0000181c   0x00000018   Code   RO          486    .text.DL_I2C_transmitControllerData  driverlib.a(dl_i2c.o)
    0x00001834   0x00001834   0x000000f0   Code   RO          630    .text.DL_TimerA_initPWMMode  driverlib.a(dl_timer.o)
    0x00001924   0x00001924   0x00000118   Code   RO          574    .text.DL_Timer_initPWMMode  driverlib.a(dl_timer.o)
    0x00001a3c   0x00001a3c   0x00000094   Code   RO          544    .text.DL_Timer_initTimerMode  driverlib.a(dl_timer.o)
    0x00001ad0   0x00001ad0   0x00000034   Code   RO          604    .text.DL_Timer_setCaptCompUpdateMethod  driverlib.a(dl_timer.o)
    0x00001b04   0x00001b04   0x00000038   Code   RO          576    .text.DL_Timer_setCaptureCompareAction  driverlib.a(dl_timer.o)
    0x00001b3c   0x00001b3c   0x00000040   Code   RO          552    .text.DL_Timer_setCaptureCompareCtl  driverlib.a(dl_timer.o)
    0x00001b7c   0x00001b7c   0x00000038   Code   RO          558    .text.DL_Timer_setCaptureCompareInput  driverlib.a(dl_timer.o)
    0x00001bb4   0x00001bb4   0x0000003c   Code   RO          578    .text.DL_Timer_setCaptureCompareOutCtl  driverlib.a(dl_timer.o)
    0x00001bf0   0x00001bf0   0x0000002c   Code   RO          550    .text.DL_Timer_setCaptureCompareValue  driverlib.a(dl_timer.o)
    0x00001c1c   0x00001c1c   0x00000030   Code   RO          540    .text.DL_Timer_setClockConfig  driverlib.a(dl_timer.o)
    0x00001c4c   0x00001c4c   0x00000020   Code   RO          548    .text.DL_Timer_setCounterValueAfterEnable  driverlib.a(dl_timer.o)
    0x00001c6c   0x00001c6c   0x00000018   Code   RO          546    .text.DL_Timer_setLoadValue  driverlib.a(dl_timer.o)
    0x00001c84   0x00001c84   0x00000016   Code   RO          646    .text.DL_UART_disable  driverlib.a(dl_uart.o)
    0x00001c9a   0x00001c9a   0x00000002   PAD
    0x00001c9c   0x00001c9c   0x00000058   Code   RO          644    .text.DL_UART_init  driverlib.a(dl_uart.o)
    0x00001cf4   0x00001cf4   0x00000024   Code   RO          650    .text.DL_UART_setClockConfig  driverlib.a(dl_uart.o)
    0x00001d18   0x00001d18   0x00000064   Code   RO          288    .text.DrawChar      oled_draw.o
    0x00001d7c   0x00001d7c   0x0000003c   Code   RO          290    .text.DrawString    oled_draw.o
    0x00001db8   0x00001db8   0x00000010   Code   RO          141    .text.EXTI_Init     exti.o
    0x00001dc8   0x00001dc8   0x0000019c   Code   RO          153    .text.GROUP1_IRQHandler  exti.o
    0x00001f64   0x00001f64   0x00000020   Code   RO          315    .text.I2C0_IRQHandler  dev_i2c.o
    0x00001f84   0x00001f84   0x000001e4   Code   RO          313    .text.I2C_WriteArray2Register_With_Blocking  dev_i2c.o
    0x00002168   0x00002168   0x0000012c   Code   RO          311    .text.I2C_WriteArray_With_Blocking  dev_i2c.o
    0x00002294   0x00002294   0x00000034   Code   RO          309    .text.I2C__init__   dev_i2c.o
    0x000022c8   0x000022c8   0x0000001e   Code   RO          328    .text.Iinitial_BUFF  buffer.o
    0x000022e6   0x000022e6   0x00000002   PAD
    0x000022e8   0x000022e8   0x00000010   Code   RO          170    .text.LED_OFF       led.o
    0x000022f8   0x000022f8   0x0000001c   Code   RO          168    .text.LED_ON        led.o
    0x00002314   0x00002314   0x00000068   Code   RO          194    .text.OLED_CLS      oled.o
    0x0000237c   0x0000237c   0x00000060   Code   RO          192    .text.OLED_FILL     oled.o
    0x000023dc   0x000023dc   0x000001d4   Code   RO          188    .text.OLED_Init     oled.o
    0x000025b0   0x000025b0   0x0000001e   Code   RO          370    .text.PID_Initialize  pid.o
    0x000025ce   0x000025ce   0x0000007e   Code   RO          372    .text.PID_Realize   pid.o
    0x0000264c   0x0000264c   0x00000128   Code   RO           86    .text.SYSCFG_DL_GPIO_init  ti_msp_dl_config.o
    0x00002774   0x00002774   0x00000084   Code   RO           96    .text.SYSCFG_DL_I2C0_init  ti_msp_dl_config.o
    0x000027f8   0x000027f8   0x000000a0   Code   RO           90    .text.SYSCFG_DL_PWM_Motor_Left_init  ti_msp_dl_config.o
    0x00002898   0x00002898   0x00000080   Code   RO           92    .text.SYSCFG_DL_PWM_Motor_Right_init  ti_msp_dl_config.o
    0x00002918   0x00002918   0x00000060   Code   RO           88    .text.SYSCFG_DL_SYSCTL_init  ti_msp_dl_config.o
    0x00002978   0x00002978   0x00000030   Code   RO          100    .text.SYSCFG_DL_SYSTICK_init  ti_msp_dl_config.o
    0x000029a8   0x000029a8   0x0000004c   Code   RO           94    .text.SYSCFG_DL_TIMER_0_init  ti_msp_dl_config.o
    0x000029f4   0x000029f4   0x00000080   Code   RO           98    .text.SYSCFG_DL_UART2_init  ti_msp_dl_config.o
    0x00002a74   0x00002a74   0x00000040   Code   RO           82    .text.SYSCFG_DL_init  ti_msp_dl_config.o
    0x00002ab4   0x00002ab4   0x00000060   Code   RO           84    .text.SYSCFG_DL_initPower  ti_msp_dl_config.o
    0x00002b14   0x00002b14   0x00000024   Code   RO          127    .text.SysTick_Handler  delay.o
    0x00002b38   0x00002b38   0x0000002c   Code   RO          226    .text.TIMG0_IRQHandler  time.o
    0x00002b64   0x00002b64   0x00000030   Code   RO          241    .text.UART2_IRQHandler  uart.o
    0x00002b94   0x00002b94   0x00000024   Code   RO          235    .text.UART_NVIC_Init  uart.o
    0x00002bb8   0x00002bb8   0x00000020   Code   RO          434    .text.UI_back       ui_.o
    0x00002bd8   0x00002bd8   0x0000002c   Code   RO          442    .text.UI_enter      ui_.o
    0x00002c04   0x00002c04   0x00000030   Code   RO          438    .text.UI_next       ui_.o
    0x00002c34   0x00002c34   0x00000034   Code   RO          440    .text.UI_prev       ui_.o
    0x00002c68   0x00002c68   0x00000068   Code   RO          436    .text.UI_updata     ui_.o
    0x00002cd0   0x00002cd0   0x0000000c   Code   RO          277    .text.UpdateScreenDisplay  oled_buffer.o
    0x00002cdc   0x00002cdc   0x00000010   Code   RO          273    .text.WriteByteBuffer  oled_buffer.o
    0x00002cec   0x00002cec   0x00000048   Code   RO          330    .text.Write_BUFF    buffer.o
    0x00002d34   0x00002d34   0x00000018   Code   RO          454    .text.angle_tuning_init  ui_.o
    0x00002d4c   0x00002d4c   0x00000024   Code   RO          145    .text.bsp_GetKey    exti.o
    0x00002d70   0x00002d70   0x00000024   Code   RO          125    .text.delay_ms      delay.o
    0x00002d94   0x00002d94   0x00000094   Code   RO           28    .text.follow_angle  my_task.o
    0x00002e28   0x00002e28   0x00000108   Code   RO           22    .text.follow_angle_FAST  my_task.o
    0x00002f30   0x00002f30   0x00000114   Code   RO           26    .text.follow_line   my_task.o
    0x00003044   0x00003044   0x00000088   Code   RO           24    .text.init_task     my_task.o
    0x000030cc   0x000030cc   0x00000170   Code   RO            2    .text.main          main.o
    0x0000323c   0x0000323c   0x000000e8   Code   RO          352    .text.read_grayscale  dev_grayscale.o
    0x00003324   0x00003324   0x00000110   Code   RO           32    .text.task1         my_task.o
    0x00003434   0x00003434   0x000004e4   Code   RO           34    .text.task2         my_task.o
    0x00003918   0x00003918   0x000005b4   Code   RO           36    .text.task3         my_task.o
    0x00003ecc   0x00003ecc   0x0000045c   Code   RO           38    .text.task4         my_task.o
    0x00004328   0x00004328   0x0000050c   Code   RO           40    .text.task5         my_task.o
    0x00004834   0x00004834   0x00000028   Code   RO          452    .text.task_five_init  ui_.o
    0x0000485c   0x0000485c   0x00000028   Code   RO          450    .text.task_four_init  ui_.o
    0x00004884   0x00004884   0x00000024   Code   RO          444    .text.task_one_init  ui_.o
    0x000048a8   0x000048a8   0x00000034   Code   RO          448    .text.task_three_init  ui_.o
    0x000048dc   0x000048dc   0x0000002c   Code   RO          446    .text.task_two_init  ui_.o
    0x00004908   0x00004908   0x00000180   Code   RO          456    .text.test1         ui_.o
    0x00004a88   0x00004a88   0x00000164   Code   RO           30    .text.turn_angle    my_task.o
    0x00004bec   0x00004bec   0x00000090   Code   RO           42    .text.turn_angle_tuning  my_task.o
    0x00004c7c   0x00004c7c   0x00000016   Code   RO          786    i._dgeq             fz_ps.l(dcmp.o)
    0x00004c92   0x00004c92   0x00000016   Code   RO          787    i._dgr              fz_ps.l(dcmp.o)
    0x00004ca8   0x00004ca8   0x0000001a   Code   RO          788    i._dleq             fz_ps.l(dcmp.o)
    0x00004cc2   0x00004cc2   0x00000016   Code   RO          789    i._dls              fz_ps.l(dcmp.o)
    0x00004cd8   0x00004cd8   0x00000016   Code   RO          814    i._fgr              fz_ps.l(fcmp.o)
    0x00004cee   0x00004cee   0x00000016   Code   RO          816    i._fls              fz_ps.l(fcmp.o)
    0x00004d04   0x00004d04   0x00000064   Code   RO         1007    x$fpl$dgeqf         fz_ps.l(dgef.o)
    0x00004d68   0x00004d68   0x00000064   Code   RO         1009    x$fpl$dleqf         fz_ps.l(dlef.o)
    0x00004dcc   0x00004dcc   0x0000008c   Code   RO          806    x$fpl$fadd          fz_ps.l(faddsub.o)
    0x00004e58   0x00004e58   0x00000054   Code   RO         1013    x$fpl$fgeqf         fz_ps.l(fgef.o)
    0x00004eac   0x00004eac   0x00000054   Code   RO         1015    x$fpl$fleqf         fz_ps.l(flef.o)
    0x00004f00   0x00004f00   0x000000b0   Code   RO          833    x$fpl$fmul          fz_ps.l(fmul.o)
    0x00004fb0   0x00004fb0   0x000000d0   Code   RO          808    x$fpl$fsub          fz_ps.l(faddsub.o)
    0x00005080   0x00005080   0x00000000   Code   RO         1025    x$fpl$usenofp       fz_ps.l(usenofp.o)
    0x00005080   0x00005080   0x00000080   Data   RO          798    .constdata          fz_ps.l(ddiv.o)
    0x00005100   0x00005100   0x00000228   Data   RO          298    .rodata.F6x8        oled_draw.o
    0x00005328   0x00005328   0x00000002   Data   RO          114    .rodata.gI2C0ClockConfig  ti_msp_dl_config.o
    0x0000532a   0x0000532a   0x00000003   Data   RO          108    .rodata.gPWM_Motor_LeftClockConfig  ti_msp_dl_config.o
    0x0000532d   0x0000532d   0x00000003   PAD
    0x00005330   0x00005330   0x00000008   Data   RO          109    .rodata.gPWM_Motor_LeftConfig  ti_msp_dl_config.o
    0x00005338   0x00005338   0x00000003   Data   RO          110    .rodata.gPWM_Motor_RightClockConfig  ti_msp_dl_config.o
    0x0000533b   0x0000533b   0x00000001   PAD
    0x0000533c   0x0000533c   0x00000008   Data   RO          111    .rodata.gPWM_Motor_RightConfig  ti_msp_dl_config.o
    0x00005344   0x00005344   0x00000003   Data   RO          112    .rodata.gTIMER_0ClockConfig  ti_msp_dl_config.o
    0x00005347   0x00005347   0x00000001   PAD
    0x00005348   0x00005348   0x00000014   Data   RO          113    .rodata.gTIMER_0TimerConfig  ti_msp_dl_config.o
    0x0000535c   0x0000535c   0x00000002   Data   RO          115    .rodata.gUART2ClockConfig  ti_msp_dl_config.o
    0x0000535e   0x0000535e   0x0000000a   Data   RO          116    .rodata.gUART2Config  ti_msp_dl_config.o
    0x00005368   0x00005368   0x00000020   Data   RO         1231    Region$$Table       anon$$obj.o


    Execution Region RW_IRAM2 (Exec base: 0x20200000, Load base: 0x00005388, Size: 0x000018b0, Max: 0x00008000, ABSOLUTE, COMPRESSED[0x00000030])

    Exec Addr    Load Addr    Size         Type   Attr      Idx    E Section Name        Object

    0x20200000   COMPRESSED   0x00000018   Data   RW          156    .data.Key_0         exti.o
    0x20200018   COMPRESSED   0x00000018   Data   RW          157    .data.Key_1         exti.o
    0x20200030   COMPRESSED   0x00000018   Data   RW          158    .data.Key_2         exti.o
    0x20200048   COMPRESSED   0x00000118   Data   RW          318    .data.gI2C0_Device  dev_i2c.o
    0x20200160   COMPRESSED   0x00000001   Data   RW          356    .data.not_on_drak_line_flag  dev_grayscale.o
    0x20200161   COMPRESSED   0x00000001   Data   RW          357    .data.on_drak_line_flag  dev_grayscale.o
    0x20200162   COMPRESSED   0x00000006   PAD
    0x20200168        -       0x00000060   Zero   RW         1031    .bss                c_p.l(libspace.o)
    0x202001c8        -       0x00000008   Zero   RW           49    .bss.Aim_Angle      my_task.o
    0x202001d0        -       0x00000030   Zero   RW            4    .bss.Angle          main.o
    0x20200200        -       0x00000010   Zero   RW           55    .bss.CCR            my_task.o
    0x20200210        -       0x00000004   Zero   RW          422    .bss.DEV_CAR_Set_Speed.CCR_.0  dev_car.o
    0x20200214        -       0x00000004   Zero   RW          423    .bss.DEV_CAR_Set_Speed.CCR_.1  dev_car.o
    0x20200218        -       0x00000004   Zero   RW          424    .bss.DEV_CAR_Set_Speed.CCR_.2  dev_car.o
    0x2020021c        -       0x00000004   Zero   RW          425    .bss.DEV_CAR_Set_Speed.CCR_.3  dev_car.o
    0x20200220        -       0x00000001   Zero   RW          248    .bss.Data_UART_2    uart.o
    0x20200221   COMPRESSED   0x00000003   PAD
    0x20200224        -       0x00000004   Zero   RW           50    .bss.Follow_Angle_Count  my_task.o
    0x20200228        -       0x0000001c   Zero   RW          317    .bss.I2C0_buffer    dev_i2c.o
    0x20200244        -       0x00000400   Zero   RW          279    .bss.ScreenBuffer   oled_buffer.o
    0x20200644        -       0x0000001c   Zero   RW          245    .bss.U2_buffer      uart.o
    0x20200660        -       0x00000004   Zero   RW          460    .bss.current_item   ui_.o
    0x20200664        -       0x00000004   Zero   RW          458    .bss.current_item_index  ui_.o
    0x20200668        -       0x00000004   Zero   RW          459    .bss.current_page   ui_.o
    0x2020066c        -       0x00000004   Zero   RW          129    .bss.delay_times    delay.o
    0x20200670        -       0x00000008   Zero   RW           60    .bss.follow_line.MAX_CCR  my_task.o
    0x20200678        -       0x000000bc   Zero   RW          106    .bss.gPWM_Motor_LeftBackup  ti_msp_dl_config.o
    0x20200734        -       0x00000078   Zero   RW          107    .bss.gPWM_Motor_RightBackup  ti_msp_dl_config.o
    0x202007ac        -       0x00000004   Zero   RW          358    .bss.gray_value     dev_grayscale.o
    0x202007b0        -       0x00000001   Zero   RW          361    .bss.in_middle_flag  dev_grayscale.o
    0x202007b1        -       0x00000001   Zero   RW          172    .bss.led_state      led.o
    0x202007b2   COMPRESSED   0x00000002   PAD
    0x202007b4        -       0x00000010   Zero   RW          461    .bss.page1          ui_.o
    0x202007c4        -       0x00000010   Zero   RW          462    .bss.page2          ui_.o
    0x202007d4        -       0x00000010   Zero   RW          463    .bss.page3          ui_.o
    0x202007e4        -       0x00000024   Zero   RW           58    .bss.pid_follow_angle  my_task.o
    0x20200808        -       0x00000024   Zero   RW           57    .bss.pid_follow_line  my_task.o
    0x2020082c        -       0x00000024   Zero   RW           56    .bss.pid_follow_line_fast  my_task.o
    0x20200850        -       0x00000024   Zero   RW           59    .bss.pid_turn_angle  my_task.o
    0x20200874        -       0x0000000d   Zero   RW          155    .bss.s_tKey         exti.o
    0x20200881   COMPRESSED   0x00000003   PAD
    0x20200884        -       0x00000004   Zero   RW          228    .bss.task           time.o
    0x20200888        -       0x00000001   Zero   RW           44    .bss.task1_index    my_task.o
    0x20200889        -       0x00000001   Zero   RW           62    .bss.task2.count_time  my_task.o
    0x2020088a   COMPRESSED   0x00000002   PAD
    0x2020088c        -       0x00000004   Zero   RW           63    .bss.task2.last_count_time  my_task.o
    0x20200890        -       0x00000001   Zero   RW           45    .bss.task2_index    my_task.o
    0x20200891        -       0x00000001   Zero   RW           64    .bss.task3.count_time  my_task.o
    0x20200892        -       0x00000001   Zero   RW           65    .bss.task3.last_count_time  my_task.o
    0x20200893        -       0x00000001   Zero   RW           66    .bss.task3.turn_count  my_task.o
    0x20200894        -       0x00000001   Zero   RW           46    .bss.task3_index    my_task.o
    0x20200895        -       0x00000001   Zero   RW           67    .bss.task4.count_time  my_task.o
    0x20200896        -       0x00000001   Zero   RW           68    .bss.task4.last_count_time  my_task.o
    0x20200897        -       0x00000001   Zero   RW           69    .bss.task4.turn_count  my_task.o
    0x20200898        -       0x00000001   Zero   RW           47    .bss.task4_index    my_task.o
    0x20200899        -       0x00000001   Zero   RW           70    .bss.task5.count_time  my_task.o
    0x2020089a        -       0x00000001   Zero   RW           71    .bss.task5.last_count_time  my_task.o
    0x2020089b        -       0x00000001   Zero   RW           72    .bss.task5.turn_count  my_task.o
    0x2020089c        -       0x00000001   Zero   RW           48    .bss.task5_index    my_task.o
    0x2020089d   COMPRESSED   0x00000003   PAD
    0x202008a0        -       0x00000008   Zero   RW          130    .bss.the_std_time   delay.o
    0x202008a8        -       0x00000004   Zero   RW           61    .bss.turn_angle.I_item  my_task.o
    0x202008ac        -       0x00000004   Zero   RW           73    .bss.turn_angle_tuning.count  my_task.o
    0x202008b0        -       0x00000800   Zero   RW           13    HEAP                startup_mspm0g350x_uvision.o
    0x202010b0        -       0x00000800   Zero   RW           12    STACK               startup_mspm0g350x_uvision.o



  Load Region LR_BCR (Base: 0x41c00000, Size: 0x00000000, Max: 0x00000100, ABSOLUTE)

    Execution Region BCR_CONFIG (Exec base: 0x41c00000, Load base: 0x41c00000, Size: 0x00000000, Max: 0x00000080, ABSOLUTE)

    **** No section assigned to this execution region ****



  Load Region LR_BSL (Base: 0x41c00100, Size: 0x00000000, Max: 0x00000100, ABSOLUTE)

    Execution Region BSL_CONFIG (Exec base: 0x41c00100, Load base: 0x41c00100, Size: 0x00000000, Max: 0x00000080, ABSOLUTE)

    **** No section assigned to this execution region ****


==============================================================================

Image component sizes


      Code (inc. data)   RO Data    RW Data    ZI Data      Debug   Object Name

       580          0          0          0          0      18376   buffer.o
        72          8          0          0         12        956   delay.o
       688         96          0          0         16       9356   dev_car.o
       232         12          0          2          5       5020   dev_grayscale.o
       868         40          0        280         28      12021   dev_i2c.o
       464         36          0         72         13       7353   exti.o
        44          8          0          0          1       3712   led.o
       368         40          0          0         48       3299   main.o
      6716        796          0          0        207      10996   my_task.o
       668          4          0          0          0      14750   oled.o
        48          8          0          0       1024       1638   oled_buffer.o
       160          4        552          0          0       3386   oled_draw.o
       156          0          0          0          0       2259   pid.o
        48         22        192          0       4096        696   startup_mspm0g350x_uvision.o
      1224        220         59          0        308      36897   ti_msp_dl_config.o
        44          8          0          0          4       3789   time.o
        84         24          0          0         29       6906   uart.o
       900        248          0          0         60       2734   ui_.o

    ----------------------------------------------------------------------
     13368       1574        840        356       5868     144144   Object Totals
         0          0         32          0          0          0   (incl. Generated)
         4          0          5          2         17          0   (incl. Padding)

    ----------------------------------------------------------------------

      Code (inc. data)   RO Data    RW Data    ZI Data      Debug   Library Member Name

        58          0          0          0          0          0   __dczerorl.o
         8          0          0          0          0         68   __main.o
         0          0          0          0          0          0   __rtentry.o
        12          0          0          0          0          0   __rtentry2.o
         6          0          0          0          0          0   __rtentry4.o
        86         10          0          0          0          0   __scatter.o
        28          0          0          0          0          0   __scatter_zi.o
        18          0          0          0          0         68   aeabi_memset4.o
        12          0          0          0          0         68   defsig_exit.o
        52          0          0          0          0         72   defsig_general.o
        80         58          0          0          0         68   defsig_rtmem_inner.o
        12          0          0          0          0         68   defsig_rtmem_outer.o
        16          0          0          0          0         68   exit.o
        98          0          0          0          0         72   h1_alloc.o
        52          0          0          0          0         68   h1_extend.o
        76          0          0          0          0         72   h1_free.o
        12          0          0          0          0         76   h1_init.o
         6          0          0          0          0        136   heapauxi.o
         4          0          0          0          0        120   hguard.o
         0          0          0          0          0          0   indicate_semi.o
       136          0          0          0          0        160   init_alloc.o
         2          0          0          0          0          0   libinit.o
        10          0          0          0          0          0   libinit2.o
         2          0          0          0          0          0   libshutdown.o
         2          0          0          0          0          0   libshutdown2.o
         8          4          0          0         96         68   libspace.o
         0          0          0          0          0          0   maybetermalloc1.o
         8          4          0          0          0         68   rt_heap_descriptor_intlibspace.o
        64          0          0          0          0        108   rt_memclr.o
         2          0          0          0          0          0   rtexit.o
        10          0          0          0          0          0   rtexit2.o
        12          4          0          0          0         60   sys_exit.o
        62          0          0          0          0         80   sys_stackheap_outer.o
        12          0          0          0          0         68   sys_wrch.o
         2          0          0          0          0         68   use_no_semi.o
        20          0          0          0          0         40   dl_common.o
       344         16          0          0          0        728   dl_i2c.o
      1144         80          0          0          0       1220   dl_timer.o
       186         12          0          0          0        636   dl_uart.o
        46          0          0          0          0         60   cmpret.o
       856         20          0          0          0        208   daddsub.o
        92          0          0          0          0        272   dcmp.o
       160          6          0          0          0         76   dcmpin.o
      1096         26        128          0          0        112   ddiv.o
       108         10          0          0          0         72   dfixi.o
        88          0          0          0          0         92   dflti.o
       100          4          0          0          0         92   dgef.o
       100          4          0          0          0         92   dlef.o
       584         26          0          0          0         84   dmul.o
        20          6          0          0          0         68   dnan2.o
       348          8          0          0          0        160   faddsub.o
        44          0          0          0          0        136   fcmp.o
       100          4          0          0          0         68   fcmpin.o
        76          0          0          0          0         68   ffixi.o
        94          0          0          0          0         92   fflti.o
        84          4          0          0          0         76   fgef.o
        84          4          0          0          0         76   flef.o
       176          4          0          0          0         80   fmul.o
        16          6          0          0          0         68   fnan2.o
        94          0          0          0          0         68   retnan.o
         0          0          0          0          0          0   usenofp.o

    ----------------------------------------------------------------------
      7048        324        128          0         96       6448   Library Totals
        20          4          0          0          0          0   (incl. Padding)

    ----------------------------------------------------------------------

      Code (inc. data)   RO Data    RW Data    ZI Data      Debug   Library Name

       968         80          0          0         96       1704   c_p.l
      1694        108          0          0          0       2624   driverlib.a
      4366        132        128          0          0       2120   fz_ps.l

    ----------------------------------------------------------------------
      7048        324        128          0         96       6448   Library Totals

    ----------------------------------------------------------------------

==============================================================================


      Code (inc. data)   RO Data    RW Data    ZI Data      Debug   

     20416       1898        968        356       5964     148304   Grand Totals
     20416       1898        968         48       5964     148304   ELF Image Totals (compressed)
     20416       1898        968         48          0          0   ROM Totals

==============================================================================

    Total RO  Size (Code + RO Data)                21384 (  20.88kB)
    Total RW  Size (RW Data + ZI Data)              6320 (   6.17kB)
    Total ROM Size (Code + RO Data + RW Data)      21432 (  20.93kB)

==============================================================================

